[INFO] [launch]: All log files can be found below /home/world/.ros/log/2026-02-06-18-05-39-527469-world-6612
[INFO] [launch]: Default logging verbosity is set to INFO
[INFO] [livox_timestamp_offset_node-1]: process started with pid [6746]
[INFO] [camera_imu_bias_corrector_cpp-2]: process started with pid [6748]
[INFO] [imu_filter_madgwick_node-3]: process started with pid [6750]
[INFO] [lidar_deskewing-4]: process started with pid [6752]
[INFO] [static_transform_publisher-5]: process started with pid [6754]
[INFO] [static_transform_publisher-6]: process started with pid [6756]
[camera_imu_bias_corrector_cpp-2] [INFO] [1770368739.758941755] [camera_imu_bias_corrector]: IMU bias corrector started: input=/camera/camera/imu output=/camera/camera/imu_bias_corrected
[camera_imu_bias_corrector_cpp-2] [INFO] [1770368739.759837976] [camera_imu_bias_corrector]: Calibrating IMU bias... keep robot still.
[imu_filter_madgwick_node-3] [INFO] [1770368739.784100482] [imu_filter]: Starting ImuFilter
[imu_filter_madgwick_node-3] [INFO] [1770368739.785094594] [imu_filter]: Using dt computed from message headers
[imu_filter_madgwick_node-3] [INFO] [1770368739.785158084] [imu_filter]: The gravity vector is kept in the IMU message.
[imu_filter_madgwick_node-3] [INFO] [1770368739.785395308] [imu_filter]: Imu filter gain set to 0.100000
[imu_filter_madgwick_node-3] [INFO] [1770368739.785432941] [imu_filter]: Gyro drift bias set to 0.000000
[imu_filter_madgwick_node-3] [INFO] [1770368739.785446925] [imu_filter]: Magnetometer bias values: 0.000000 0.000000 0.000000
[static_transform_publisher-5] [INFO] [1770368739.786333034] [livox_tf]: Spinning until stopped - publishing transform
[static_transform_publisher-5] translation: ('0.000000', '0.000000', '0.830000')
[static_transform_publisher-5] rotation: ('0.000000', '0.000000', '0.000000', '1.000000')
[static_transform_publisher-5] from 'base_link' to 'livox_frame'
[static_transform_publisher-6] [INFO] [1770368739.788941309] [camera_tf]: Spinning until stopped - publishing transform
[static_transform_publisher-6] translation: ('0.200000', '0.000000', '0.580000')
[static_transform_publisher-6] rotation: ('0.000000', '0.000000', '0.000000', '1.000000')
[static_transform_publisher-6] from 'base_link' to 'camera_link'
[imu_filter_madgwick_node-3] [INFO] [1770368740.720527631] [imu_filter]: First IMU message received.
[livox_timestamp_offset_node-1] [INFO] [1770368740.803991524] [livox_timestamp_offset]: input_topic=/livox/lidar output_topic=/livox/lidar/synced offset_sec=0.036
[lidar_deskewing-4] [INFO] [1770368741.513563174] [lidar_deskewing]:   fixed_frame_id:  base_link
[lidar_deskewing-4] [INFO] [1770368741.514083319] [lidar_deskewing]:   wait_for_transform:  0.200000s
[lidar_deskewing-4] [INFO] [1770368741.514129784] [lidar_deskewing]:   slerp:  true
[camera_imu_bias_corrector_cpp-2] [INFO] [1770368745.564596473] [camera_imu_bias_corrector]: IMU bias calibrated: x=-0.001298 y=0.001734 z=-0.004649
[imu_filter_madgwick_node-3] [INFO] [1770368835.339216699] [imu_filter]: Parameter RLController.pid_kp_lin set to 1.200000
[imu_filter_madgwick_node-3] [INFO] [1770368835.339438496] [imu_filter]: Parameter RLController.pid_ki_lin set to 0.000000
[imu_filter_madgwick_node-3] [INFO] [1770368835.339509761] [imu_filter]: Parameter RLController.pid_kd_lin set to 0.030000
[imu_filter_madgwick_node-3] [INFO] [1770368835.339573794] [imu_filter]: Parameter RLController.pid_kp_ang set to 1.230000
[imu_filter_madgwick_node-3] [INFO] [1770368835.339633540] [imu_filter]: Parameter RLController.pid_ki_ang set to 0.000000
[imu_filter_madgwick_node-3] [INFO] [1770368835.346265486] [imu_filter]: Parameter RLController.pid_kd_ang set to 0.100000
