[INFO] [launch]: All log files can be found below /home/world/.ros/log/2026-02-10-10-21-18-036590-world-60837
[INFO] [launch]: Default logging verbosity is set to INFO
[INFO] [launch.user]: 🚀 Launching as Normal ROS Node
[INFO] [realsense2_camera_node-1]: process started with pid [60849]
[realsense2_camera_node-1] [0m[INFO] [1770686478.429207906] [camera.camera]: RealSense ROS v4.56.4[0m
[realsense2_camera_node-1] [0m[INFO] [1770686478.429428359] [camera.camera]: Built with LibRealSense v2.56.5[0m
[realsense2_camera_node-1] [0m[INFO] [1770686478.429463496] [camera.camera]: Running with LibRealSense v2.56.5[0m
[realsense2_camera_node-1] [0m[INFO] [1770686479.069368283] [camera.camera]: Device with serial number 336222300641 was found.
[realsense2_camera_node-1] [0m
[realsense2_camera_node-1] [0m[INFO] [1770686479.069553727] [camera.camera]: Device with physical ID 2-1.3-3 was found.[0m
[realsense2_camera_node-1] [0m[INFO] [1770686479.069588640] [camera.camera]: Device with name Intel RealSense D455 was found.[0m
[realsense2_camera_node-1] [0m[INFO] [1770686479.070012490] [camera.camera]: Device with port number 2-1.3 was found.[0m
[realsense2_camera_node-1] [0m[INFO] [1770686479.070055595] [camera.camera]: Device USB type: 3.2[0m
[realsense2_camera_node-1] [0m[INFO] [1770686479.070224751] [camera.camera]: getParameters...[0m
[realsense2_camera_node-1] [33m[WARN] [1770686479.070808189] [camera.camera]: For the 'unite_imu_method' param update to take effect, re-enable either gyro or accel stream.[0m
[realsense2_camera_node-1] [0m[INFO] [1770686479.070856414] [camera.camera]: JSON file is not provided[0m
[realsense2_camera_node-1] [0m[INFO] [1770686479.070886527] [camera.camera]: Device Name: Intel RealSense D455[0m
[realsense2_camera_node-1] [0m[INFO] [1770686479.070913471] [camera.camera]: Device Serial No: 336222300641[0m
[realsense2_camera_node-1] [0m[INFO] [1770686479.070938336] [camera.camera]: Device physical port: 2-1.3-3[0m
[realsense2_camera_node-1] [0m[INFO] [1770686479.070960032] [camera.camera]: Device FW version: 5.17.0.10[0m
[realsense2_camera_node-1] [0m[INFO] [1770686479.070979937] [camera.camera]: Device Product ID: 0x0B5C[0m
[realsense2_camera_node-1] [0m[INFO] [1770686479.071006594] [camera.camera]: Sync Mode: On[0m
[realsense2_camera_node-1] [33m[WARN] [1770686484.672774392] [camera.camera]: re-enable the stream for the change to take effect.[0m
[realsense2_camera_node-1] [33m[WARN] [1770686484.674348701] [camera.camera]: re-enable the stream for the change to take effect.[0m
[realsense2_camera_node-1] [0m[INFO] [1770686484.675346357] [camera.camera]: Set ROS param depth_module.infra_profile to default: 848x480x30[0m
[realsense2_camera_node-1] [33m[WARN] [1770686485.663052641] [camera.camera]: re-enable the stream for the change to take effect.[0m
[realsense2_camera_node-1] [33m[WARN] [1770686485.665760801] [camera.camera]: re-enable the stream for the change to take effect.[0m
[realsense2_camera_node-1] [33m[WARN] [1770686485.668852394] [camera.camera]: re-enable the stream for the change to take effect.[0m
[realsense2_camera_node-1] [33m[WARN] [1770686485.680898341] [camera.camera]: re-enable the stream for the change to take effect.[0m
[realsense2_camera_node-1] [0m[INFO] [1770686485.687497728] [camera.camera]: Stopping Sensor: Depth Module[0m
[realsense2_camera_node-1] [0m[INFO] [1770686485.687911466] [camera.camera]: Stopping Sensor: RGB Camera[0m
[realsense2_camera_node-1] [0m[INFO] [1770686485.687976620] [camera.camera]: Stopping Sensor: Motion Module[0m
[realsense2_camera_node-1] [0m[INFO] [1770686485.821541267] [camera.camera]: Starting Sensor: Depth Module[0m
[realsense2_camera_node-1] [0m[INFO] [1770686485.927191721] [camera.camera]: Open profile: stream_type: Depth(0), Format: Z16, Width: 640, Height: 480, FPS: 15[0m
[realsense2_camera_node-1]  10/02 10:21:25,930 WARNING [281472225241312] (messenger-libusb.cpp:42) control_transfer returned error, index: 768, error: Resource temporarily unavailable, number: 11
[realsense2_camera_node-1]  10/02 10:21:25,941 WARNING [281472225241312] (messenger-libusb.cpp:42) control_transfer returned error, index: 768, error: Resource temporarily unavailable, number: 11
[realsense2_camera_node-1]  10/02 10:21:25,953 WARNING [281472225241312] (messenger-libusb.cpp:42) control_transfer returned error, index: 768, error: Resource temporarily unavailable, number: 11
[realsense2_camera_node-1]  10/02 10:21:25,964 WARNING [281472225241312] (messenger-libusb.cpp:42) control_transfer returned error, index: 768, error: Resource temporarily unavailable, number: 11
[realsense2_camera_node-1]  10/02 10:21:25,976 WARNING [281472225241312] (messenger-libusb.cpp:42) control_transfer returned error, index: 768, error: Resource temporarily unavailable, number: 11
[realsense2_camera_node-1]  10/02 10:21:25,986 WARNING [281472225241312] (messenger-libusb.cpp:42) control_transfer returned error, index: 768, error: Resource temporarily unavailable, number: 11
[realsense2_camera_node-1]  10/02 10:21:25,997 WARNING [281472225241312] (messenger-libusb.cpp:42) control_transfer returned error, index: 768, error: Resource temporarily unavailable, number: 11
[realsense2_camera_node-1]  10/02 10:21:26,008 WARNING [281472225241312] (messenger-libusb.cpp:42) control_transfer returned error, index: 768, error: Resource temporarily unavailable, number: 11
[realsense2_camera_node-1]  10/02 10:21:26,019 WARNING [281472225241312] (messenger-libusb.cpp:42) control_transfer returned error, index: 768, error: Resource temporarily unavailable, number: 11
[realsense2_camera_node-1]  10/02 10:21:26,030 WARNING [281472225241312] (messenger-libusb.cpp:42) control_transfer returned error, index: 768, error: Resource temporarily unavailable, number: 11
[realsense2_camera_node-1] [0m[INFO] [1770686486.043703519] [camera.camera]: Starting Sensor: RGB Camera[0m
[realsense2_camera_node-1] [0m[INFO] [1770686486.060645966] [camera.camera]: Open profile: stream_type: Color(0), Format: RGB8, Width: 640, Height: 480, FPS: 15[0m
[realsense2_camera_node-1]  10/02 10:21:26,065 WARNING [281472586758368] (ds-calib-parsers.cpp:36) IMU Calibration is not available, default intrinsic and extrinsic will be used.
[realsense2_camera_node-1] [0m[INFO] [1770686486.070512022] [camera.camera]: Starting Sensor: Motion Module[0m
[realsense2_camera_node-1] [0m[INFO] [1770686486.082252202] [camera.camera]: Open profile: stream_type: Accel(0)Format: MOTION_XYZ32F, FPS: 200[0m
[realsense2_camera_node-1] [0m[INFO] [1770686486.082393646] [camera.camera]: Open profile: stream_type: Gyro(0)Format: MOTION_XYZ32F, FPS: 200[0m
[realsense2_camera_node-1] [0m[INFO] [1770686486.105870582] [camera.camera]: RealSense Node Is Up![0m
[realsense2_camera_node-1]  10/02 10:21:26,346 WARNING [281472225241312] (messenger-libusb.cpp:42) control_transfer returned error, index: 768, error: Resource temporarily unavailable, number: 11
[realsense2_camera_node-1]  10/02 10:21:26,357 WARNING [281472225241312] (messenger-libusb.cpp:42) control_transfer returned error, index: 768, error: Resource temporarily unavailable, number: 11
[realsense2_camera_node-1]  10/02 10:21:26,368 WARNING [281472225241312] (messenger-libusb.cpp:42) control_transfer returned error, index: 768, error: Resource temporarily unavailable, number: 11
[realsense2_camera_node-1]  10/02 10:21:26,378 WARNING [281472225241312] (messenger-libusb.cpp:42) control_transfer returned error, index: 768, error: Resource temporarily unavailable, number: 11
[realsense2_camera_node-1]  10/02 10:21:26,389 WARNING [281472225241312] (messenger-libusb.cpp:42) control_transfer returned error, index: 768, error: Resource temporarily unavailable, number: 11
[realsense2_camera_node-1]  10/02 10:21:26,502 WARNING [281472225241312] (messenger-libusb.cpp:42) control_transfer returned error, index: 768, error: Resource temporarily unavailable, number: 11
[realsense2_camera_node-1]  10/02 10:21:26,512 WARNING [281472225241312] (messenger-libusb.cpp:42) control_transfer returned error, index: 768, error: Resource temporarily unavailable, number: 11
[realsense2_camera_node-1]  10/02 10:21:26,523 WARNING [281472225241312] (messenger-libusb.cpp:42) control_transfer returned error, index: 768, error: Resource temporarily unavailable, number: 11
[realsense2_camera_node-1]  10/02 10:21:26,534 WARNING [281472225241312] (messenger-libusb.cpp:42) control_transfer returned error, index: 768, error: Resource temporarily unavailable, number: 11
[realsense2_camera_node-1]  10/02 10:21:26,545 WARNING [281472225241312] (messenger-libusb.cpp:42) control_transfer returned error, index: 768, error: Resource temporarily unavailable, number: 11
[realsense2_camera_node-1]  10/02 10:21:26,556 WARNING [281472225241312] (messenger-libusb.cpp:42) control_transfer returned error, index: 768, error: Resource temporarily unavailable, number: 11
[realsense2_camera_node-1]  10/02 10:21:26,567 WARNING [281472225241312] (messenger-libusb.cpp:42) control_transfer returned error, index: 768, error: Resource temporarily unavailable, number: 11
[realsense2_camera_node-1]  10/02 10:21:26,578 WARNING [281472225241312] (messenger-libusb.cpp:42) control_transfer returned error, index: 768, error: Resource temporarily unavailable, number: 11
[realsense2_camera_node-1]  10/02 10:21:26,588 WARNING [281472225241312] (messenger-libusb.cpp:42) control_transfer returned error, index: 768, error: Resource temporarily unavailable, number: 11
[realsense2_camera_node-1]  10/02 10:21:26,599 WARNING [281472225241312] (messenger-libusb.cpp:42) control_transfer returned error, index: 768, error: Resource temporarily unavailable, number: 11
[realsense2_camera_node-1]  10/02 10:21:26,610 WARNING [281472225241312] (messenger-libusb.cpp:42) control_transfer returned error, index: 768, error: Resource temporarily unavailable, number: 11
[realsense2_camera_node-1]  10/02 10:21:26,621 WARNING [281472225241312] (messenger-libusb.cpp:42) control_transfer returned error, index: 768, error: Resource temporarily unavailable, number: 11
[realsense2_camera_node-1]  10/02 10:21:26,632 WARNING [281472225241312] (messenger-libusb.cpp:42) control_transfer returned error, index: 768, error: Resource temporarily unavailable, number: 11
[realsense2_camera_node-1]  10/02 10:21:26,643 WARNING [281472225241312] (messenger-libusb.cpp:42) control_transfer returned error, index: 768, error: Resource temporarily unavailable, number: 11
[realsense2_camera_node-1]  10/02 10:21:26,653 WARNING [281472225241312] (messenger-libusb.cpp:42) control_transfer returned error, index: 768, error: Resource temporarily unavailable, number: 11
[realsense2_camera_node-1]  10/02 10:21:26,664 WARNING [281472225241312] (messenger-libusb.cpp:42) control_transfer returned error, index: 768, error: Resource temporarily unavailable, number: 11
[realsense2_camera_node-1]  10/02 10:21:26,675 WARNING [281472225241312] (messenger-libusb.cpp:42) control_transfer returned error, index: 768, error: Resource temporarily unavailable, number: 11
[realsense2_camera_node-1]  10/02 10:21:26,686 WARNING [281472225241312] (messenger-libusb.cpp:42) control_transfer returned error, index: 768, error: Resource temporarily unavailable, number: 11
[realsense2_camera_node-1]  10/02 10:21:26,696 WARNING [281472225241312] (messenger-libusb.cpp:42) control_transfer returned error, index: 768, error: Resource temporarily unavailable, number: 11
[realsense2_camera_node-1]  10/02 10:21:26,707 WARNING [281472225241312] (messenger-libusb.cpp:42) control_transfer returned error, index: 768, error: Resource temporarily unavailable, number: 11
[realsense2_camera_node-1]  10/02 10:21:27,226 WARNING [281472225241312] (messenger-libusb.cpp:42) control_transfer returned error, index: 768, error: Resource temporarily unavailable, number: 11
[realsense2_camera_node-1]  10/02 10:21:27,237 WARNING [281472225241312] (messenger-libusb.cpp:42) control_transfer returned error, index: 768, error: Resource temporarily unavailable, number: 11
[realsense2_camera_node-1]  10/02 10:21:27,248 WARNING [281472225241312] (messenger-libusb.cpp:42) control_transfer returned error, index: 768, error: Resource temporarily unavailable, number: 11
[realsense2_camera_node-1]  10/02 10:21:27,258 WARNING [281472225241312] (messenger-libusb.cpp:42) control_transfer returned error, index: 768, error: Resource temporarily unavailable, number: 11
[realsense2_camera_node-1]  10/02 10:23:10,043 ERROR [281472182970592] (ds-options.cpp:93) Asic Temperature value is not valid!
[realsense2_camera_node-1]  10/02 10:23:12,045 ERROR [281472182970592] (ds-options.cpp:93) Asic Temperature value is not valid!
[realsense2_camera_node-1]  10/02 10:24:13,152 WARNING [281472225241312] (messenger-libusb.cpp:42) control_transfer returned error, index: 768, error: Resource temporarily unavailable, number: 11
[realsense2_camera_node-1]  10/02 10:24:13,165 WARNING [281472225241312] (messenger-libusb.cpp:42) control_transfer returned error, index: 768, error: Resource temporarily unavailable, number: 11
[realsense2_camera_node-1]  10/02 10:24:13,176 WARNING [281472225241312] (messenger-libusb.cpp:42) control_transfer returned error, index: 768, error: Resource temporarily unavailable, number: 11
[realsense2_camera_node-1]  10/02 10:24:13,188 WARNING [281472225241312] (messenger-libusb.cpp:42) control_transfer returned error, index: 768, error: Resource temporarily unavailable, number: 11
[realsense2_camera_node-1]  10/02 10:24:13,202 WARNING [281472225241312] (messenger-libusb.cpp:42) control_transfer returned error, index: 768, error: Resource temporarily unavailable, number: 11
