[INFO] [launch]: All log files can be found below /home/world/.ros/log/2026-02-23-17-29-58-756486-world-101059
[INFO] [launch]: Default logging verbosity is set to INFO
[INFO] [rgbd_sync-1]: process started with pid [101446]
[INFO] [rtabmap-2]: process started with pid [101448]
[INFO] [livox_pointcloud_filter_node-3]: process started with pid [101451]
[INFO] [dynamic_object_filter_node-4]: process started with pid [101455]
[dynamic_object_filter_node-4] [INFO] [1771835399.144308147] [dynamic_object_filter]: Dynamic filter: /livox/lidar/filtered -> /livox/lidar/static_filtered, voxel=0.150, min_hits=4, hit_window=0.50s, min_static=0.50s
[rgbd_sync-1] [0m[INFO] [1771835400.690013929] [rtabmap.rgbd_sync]: rgbd_sync: approx_sync = true[0m
[rgbd_sync-1] [0m[INFO] [1771835400.711282508] [rtabmap.rgbd_sync]: rgbd_sync: approx_sync_max_interval = 0.080000[0m
[rgbd_sync-1] [0m[INFO] [1771835400.711376622] [rtabmap.rgbd_sync]: rgbd_sync: topic_queue_size  = 10[0m
[rgbd_sync-1] [0m[INFO] [1771835400.711403694] [rtabmap.rgbd_sync]: rgbd_sync: sync_queue_size  = 10[0m
[rgbd_sync-1] [0m[INFO] [1771835400.711426703] [rtabmap.rgbd_sync]: rgbd_sync: qos             = 2[0m
[rgbd_sync-1] [0m[INFO] [1771835400.711448239] [rtabmap.rgbd_sync]: rgbd_sync: qos_camera_info = 2[0m
[rgbd_sync-1] [0m[INFO] [1771835400.711472016] [rtabmap.rgbd_sync]: rgbd_sync: depth_scale = 1.000000[0m
[rgbd_sync-1] [0m[INFO] [1771835400.711495184] [rtabmap.rgbd_sync]: rgbd_sync: decimation = 1[0m
[rgbd_sync-1] [0m[INFO] [1771835400.711581170] [rtabmap.rgbd_sync]: rgbd_sync: compressed_rate = 0.000000[0m
[rgbd_sync-1] [0m[INFO] [1771835400.711611091] [rtabmap.rgbd_sync]: rgbd_sync: image_transport = raw[0m
[rgbd_sync-1] [0m[INFO] [1771835400.711636499] [rtabmap.rgbd_sync]: rgbd_sync: depth_transport = raw[0m
[rgbd_sync-1] [0m[INFO] [1771835400.891230229] [rtabmap.rgbd_sync]: 
[rgbd_sync-1] rgbd_sync subscribed to (approx sync, max interval=0.080000s):
[rgbd_sync-1]    /camera/camera/color/image_raw,
[rgbd_sync-1]    /camera/camera/aligned_depth_to_color/image_raw,
[rgbd_sync-1]    /camera/camera/color/camera_info[0m
[INFO] [controller_server-5]: process started with pid [101974]
[INFO] [planner_server-6]: process started with pid [101976]
[INFO] [smoother_server-7]: process started with pid [101978]
[INFO] [bt_navigator-8]: process started with pid [101980]
[INFO] [behavior_server-9]: process started with pid [101982]
[INFO] [waypoint_follower-10]: process started with pid [101984]
[INFO] [velocity_smoother-11]: process started with pid [101997]
[bt_navigator-8] [INFO] [1771835404.497085920] [bt_navigator]: 
[bt_navigator-8] 	bt_navigator lifecycle node launched. 
[bt_navigator-8] 	Waiting on external lifecycle transitions to activate
[bt_navigator-8] 	See https://design.ros2.org/articles/node_lifecycle.html for more information.
[bt_navigator-8] [INFO] [1771835404.501478717] [bt_navigator]: Creating
[behavior_server-9] [INFO] [1771835404.679878502] [behavior_server]: 
[behavior_server-9] 	behavior_server lifecycle node launched. 
[behavior_server-9] 	Waiting on external lifecycle transitions to activate
[behavior_server-9] 	See https://design.ros2.org/articles/node_lifecycle.html for more information.
[INFO] [lifecycle_manager-12]: process started with pid [102346]
[lifecycle_manager-12] [INFO] [1771835414.178946214] [lifecycle_manager]: Creating
[lifecycle_manager-12] [INFO] [1771835414.192298401] [lifecycle_manager]: [34m[1mCreating and initializing lifecycle service clients[0m[0m
[lifecycle_manager-12] [INFO] [1771835416.209817967] [lifecycle_manager]: Waiting for service planner_server/get_state...
[dynamic_object_filter_node-4] [WARN] [1771835417.104946555] [dynamic_object_filter]: TF transform failed (livox_frame -> odom): Lookup would require extrapolation into the future.  Requested time 1771835417.033237 but the latest data is at time 1771835417.020109, when looking up transform from frame [livox_frame] to frame [odom]
[lifecycle_manager-12] [INFO] [1771835418.145725594] [lifecycle_manager]: [34m[1mStarting managed nodes bringup...[0m[0m
[lifecycle_manager-12] [INFO] [1771835418.146816337] [lifecycle_manager]: [34m[1mConfiguring controller_server[0m[0m
[controller_server-5] [ERROR] [1771835418.307866409] [local_costmap.local_costmap]: The configured inflation radius (0.070) is smaller than the computed inscribed radius (0.270) of your footprint, it is highly recommended to set inflation radius to be at least as big as the inscribed radius to avoid collisions
[lifecycle_manager-12] [INFO] [1771835418.392397930] [lifecycle_manager]: [34m[1mConfiguring planner_server[0m[0m
[planner_server-6] [ERROR] [1771835418.520140672] [global_costmap.global_costmap]: The configured inflation radius (0.070) is smaller than the computed inscribed radius (0.260) of your footprint, it is highly recommended to set inflation radius to be at least as big as the inscribed radius to avoid collisions
[lifecycle_manager-12] [INFO] [1771835418.603122464] [lifecycle_manager]: [34m[1mConfiguring smoother_server[0m[0m
[lifecycle_manager-12] [INFO] [1771835418.719093852] [lifecycle_manager]: [34m[1mConfiguring bt_navigator[0m[0m
[bt_navigator-8] [INFO] [1771835418.719767595] [bt_navigator]: Configuring
[lifecycle_manager-12] [INFO] [1771835419.029240208] [lifecycle_manager]: [34m[1mConfiguring behavior_server[0m[0m
[behavior_server-9] [INFO] [1771835419.031879784] [behavior_server]: Configuring
[behavior_server-9] [INFO] [1771835419.100538584] [behavior_server]: Creating behavior plugin spin of type nav2_behaviors/Spin
[behavior_server-9] [INFO] [1771835419.105333438] [behavior_server]: Configuring spin
[behavior_server-9] [INFO] [1771835419.171331830] [behavior_server]: Creating behavior plugin backup of type nav2_behaviors/BackUp
[behavior_server-9] [INFO] [1771835419.174046511] [behavior_server]: Configuring backup
[behavior_server-9] [INFO] [1771835419.211049824] [behavior_server]: Creating behavior plugin drive_on_heading of type nav2_behaviors/DriveOnHeading
[behavior_server-9] [INFO] [1771835419.214516682] [behavior_server]: Configuring drive_on_heading
[behavior_server-9] [INFO] [1771835419.247644105] [behavior_server]: Creating behavior plugin assisted_teleop of type nav2_behaviors/AssistedTeleop
[behavior_server-9] [INFO] [1771835419.253736170] [behavior_server]: Configuring assisted_teleop
[behavior_server-9] [INFO] [1771835419.283096313] [behavior_server]: Creating behavior plugin wait of type nav2_behaviors/Wait
[behavior_server-9] [INFO] [1771835419.287595384] [behavior_server]: Configuring wait
[lifecycle_manager-12] [INFO] [1771835419.319818724] [lifecycle_manager]: [34m[1mConfiguring waypoint_follower[0m[0m
[lifecycle_manager-12] [INFO] [1771835419.412788856] [lifecycle_manager]: [34m[1mConfiguring velocity_smoother[0m[0m
[lifecycle_manager-12] [INFO] [1771835419.432598908] [lifecycle_manager]: [34m[1mActivating controller_server[0m[0m
[lifecycle_manager-12] [INFO] [1771835419.598457274] [lifecycle_manager]: Server controller_server connected with bond.
[lifecycle_manager-12] [INFO] [1771835419.598597629] [lifecycle_manager]: [34m[1mActivating planner_server[0m[0m
[lifecycle_manager-12] [INFO] [1771835419.823338973] [lifecycle_manager]: Server planner_server connected with bond.
[lifecycle_manager-12] [INFO] [1771835419.823481504] [lifecycle_manager]: [34m[1mActivating smoother_server[0m[0m
[lifecycle_manager-12] [INFO] [1771835419.932309572] [lifecycle_manager]: Server smoother_server connected with bond.
[lifecycle_manager-12] [INFO] [1771835419.932457224] [lifecycle_manager]: [34m[1mActivating bt_navigator[0m[0m
[bt_navigator-8] [INFO] [1771835419.933512958] [bt_navigator]: Activating
[bt_navigator-8] [INFO] [1771835420.165974817] [bt_navigator_navigate_to_pose_rclcpp_node]: Waiting on odometry
[bt_navigator-8] [INFO] [1771835420.169676816] [bt_navigator_navigate_to_pose_rclcpp_node]: Got odometry
[bt_navigator-8] [INFO] [1771835420.296143658] [bt_navigator]: Creating bond (bt_navigator) to lifecycle manager.
[lifecycle_manager-12] [INFO] [1771835420.411328214] [lifecycle_manager]: Server bt_navigator connected with bond.
[lifecycle_manager-12] [INFO] [1771835420.411486969] [lifecycle_manager]: [34m[1mActivating behavior_server[0m[0m
[behavior_server-9] [INFO] [1771835420.412496079] [behavior_server]: Activating
[behavior_server-9] [INFO] [1771835420.412589233] [behavior_server]: Activating spin
[behavior_server-9] [INFO] [1771835420.412623153] [behavior_server]: Activating backup
[behavior_server-9] [INFO] [1771835420.412644402] [behavior_server]: Activating drive_on_heading
[behavior_server-9] [INFO] [1771835420.412662546] [behavior_server]: Activating assisted_teleop
[behavior_server-9] [INFO] [1771835420.412680435] [behavior_server]: Activating wait
[behavior_server-9] [INFO] [1771835420.412707283] [behavior_server]: Creating bond (behavior_server) to lifecycle manager.
[lifecycle_manager-12] [INFO] [1771835420.526465216] [lifecycle_manager]: Server behavior_server connected with bond.
[lifecycle_manager-12] [INFO] [1771835420.526595555] [lifecycle_manager]: [34m[1mActivating waypoint_follower[0m[0m
[lifecycle_manager-12] [INFO] [1771835420.647037278] [lifecycle_manager]: Server waypoint_follower connected with bond.
[lifecycle_manager-12] [INFO] [1771835420.647163649] [lifecycle_manager]: [34m[1mActivating velocity_smoother[0m[0m
[lifecycle_manager-12] [INFO] [1771835420.763366530] [lifecycle_manager]: Server velocity_smoother connected with bond.
[lifecycle_manager-12] [INFO] [1771835420.763527717] [lifecycle_manager]: [34m[1mManaged nodes are active[0m[0m
[lifecycle_manager-12] [INFO] [1771835420.763564390] [lifecycle_manager]: [34m[1mCreating bond timer...[0m[0m
[dynamic_object_filter_node-4] [WARN] [1771835698.367849224] [dynamic_object_filter]: TF transform failed (livox_frame -> odom): Lookup would require extrapolation into the future.  Requested time 1771835698.299997 but the latest data is at time 1771835698.273648, when looking up transform from frame [livox_frame] to frame [odom]
[dynamic_object_filter_node-4] [WARN] [1771835716.867883010] [dynamic_object_filter]: TF transform failed (livox_frame -> odom): Lookup would require extrapolation into the future.  Requested time 1771835716.799318 but the latest data is at time 1771835716.773634, when looking up transform from frame [livox_frame] to frame [odom]
[WARNING] [launch]: user interrupted with ctrl-c (SIGINT)
