[INFO] [launch]: All log files can be found below /home/world/.ros/log/2026-02-23-16-30-12-000119-world-59598
[INFO] [launch]: Default logging verbosity is set to INFO
[INFO] [livox_timestamp_offset_node-1]: process started with pid [59900]
[INFO] [camera_imu_bias_corrector_cpp-2]: process started with pid [59902]
[INFO] [imu_filter_madgwick_node-3]: process started with pid [59905]
[INFO] [lidar_deskewing-4]: process started with pid [59910]
[INFO] [static_transform_publisher-5]: process started with pid [59933]
[INFO] [static_transform_publisher-6]: process started with pid [59940]
[imu_filter_madgwick_node-3] [INFO] [1771831812.301891722] [imu_filter]: Starting ImuFilter
[imu_filter_madgwick_node-3] [INFO] [1771831812.302773341] [imu_filter]: Using dt computed from message headers
[imu_filter_madgwick_node-3] [INFO] [1771831812.302816190] [imu_filter]: The gravity vector is kept in the IMU message.
[imu_filter_madgwick_node-3] [INFO] [1771831812.303708946] [imu_filter]: Imu filter gain set to 0.100000
[imu_filter_madgwick_node-3] [INFO] [1771831812.303774004] [imu_filter]: Gyro drift bias set to 0.000000
[imu_filter_madgwick_node-3] [INFO] [1771831812.303789652] [imu_filter]: Magnetometer bias values: 0.000000 0.000000 0.000000
[camera_imu_bias_corrector_cpp-2] [INFO] [1771831812.746680960] [camera_imu_bias_corrector]: IMU bias corrector started: input=/camera/camera/imu output=/camera/camera/imu_bias_corrected
[static_transform_publisher-5] [INFO] [1771831812.781238877] [livox_tf]: Spinning until stopped - publishing transform
[static_transform_publisher-5] translation: ('0.000000', '0.000000', '0.830000')
[static_transform_publisher-5] rotation: ('0.000000', '0.000000', '0.000000', '1.000000')
[static_transform_publisher-5] from 'base_link' to 'livox_frame'
[static_transform_publisher-6] [INFO] [1771831812.798342360] [camera_tf]: Spinning until stopped - publishing transform
[static_transform_publisher-6] translation: ('0.200000', '0.000000', '0.580000')
[static_transform_publisher-6] rotation: ('0.000000', '0.000000', '0.000000', '1.000000')
[static_transform_publisher-6] from 'base_link' to 'camera_link'
[livox_timestamp_offset_node-1] [INFO] [1771831813.326984558] [livox_timestamp_offset]: input_topic=/livox/lidar output_topic=/livox/lidar/synced offset_sec=0.036
[lidar_deskewing-4] [INFO] [1771831813.719474495] [lidar_deskewing]:   fixed_frame_id:  base_link
[lidar_deskewing-4] [INFO] [1771831813.720374322] [lidar_deskewing]:   wait_for_transform:  0.200000s
[lidar_deskewing-4] [INFO] [1771831813.720446068] [lidar_deskewing]:   slerp:  true
[camera_imu_bias_corrector_cpp-2] [INFO] [1771831818.547213205] [camera_imu_bias_corrector]: Calibrating IMU bias... keep robot still.
[imu_filter_madgwick_node-3] [INFO] [1771831818.549397733] [imu_filter]: First IMU message received.
[camera_imu_bias_corrector_cpp-2] [INFO] [1771831824.388089094] [camera_imu_bias_corrector]: IMU bias calibrated: x=-0.001283 y=0.001714 z=-0.004757
[imu_filter_madgwick_node-3] [INFO] [1771831834.574958726] [imu_filter]: Parameter RLController.pid_kp_lin set to 1.200000
[imu_filter_madgwick_node-3] [INFO] [1771831834.575182411] [imu_filter]: Parameter RLController.pid_ki_lin set to 0.000000
[imu_filter_madgwick_node-3] [INFO] [1771831834.575253548] [imu_filter]: Parameter RLController.pid_kd_lin set to 0.030000
[imu_filter_madgwick_node-3] [INFO] [1771831834.575313934] [imu_filter]: Parameter RLController.pid_kp_ang set to 1.230000
[imu_filter_madgwick_node-3] [INFO] [1771831834.582532621] [imu_filter]: Parameter RLController.pid_ki_ang set to 0.000000
[imu_filter_madgwick_node-3] [INFO] [1771831834.588244076] [imu_filter]: Parameter RLController.pid_kd_ang set to 0.100000
[imu_filter_madgwick_node-3] [INFO] [1771831849.877683013] [imu_filter]: Parameter RLController.pid_kp_lin set to 1.199805
[imu_filter_madgwick_node-3] [INFO] [1771831849.877910090] [imu_filter]: Parameter RLController.pid_ki_lin set to 0.000000
[imu_filter_madgwick_node-3] [INFO] [1771831849.878094159] [imu_filter]: Parameter RLController.pid_kd_lin set to 0.030000
[imu_filter_madgwick_node-3] [INFO] [1771831849.878161040] [imu_filter]: Parameter RLController.pid_kp_ang set to 1.230000
[imu_filter_madgwick_node-3] [INFO] [1771831849.878217169] [imu_filter]: Parameter RLController.pid_ki_ang set to 0.000000
[imu_filter_madgwick_node-3] [INFO] [1771831849.878269042] [imu_filter]: Parameter RLController.pid_kd_ang set to 0.100000
[imu_filter_madgwick_node-3] [INFO] [1771831850.285269220] [imu_filter]: Parameter RLController.pid_kp_lin set to 1.199606
[imu_filter_madgwick_node-3] [INFO] [1771831850.289326366] [imu_filter]: Parameter RLController.pid_ki_lin set to 0.000000
[imu_filter_madgwick_node-3] [INFO] [1771831850.289504034] [imu_filter]: Parameter RLController.pid_kd_lin set to 0.030056
[imu_filter_madgwick_node-3] [INFO] [1771831850.289569411] [imu_filter]: Parameter RLController.pid_kp_ang set to 1.230000
[imu_filter_madgwick_node-3] [INFO] [1771831850.289624196] [imu_filter]: Parameter RLController.pid_ki_ang set to 0.000000
[imu_filter_madgwick_node-3] [INFO] [1771831850.289676326] [imu_filter]: Parameter RLController.pid_kd_ang set to 0.100000
[imu_filter_madgwick_node-3] [INFO] [1771831850.753922634] [imu_filter]: Parameter RLController.pid_kp_lin set to 1.199253
[imu_filter_madgwick_node-3] [INFO] [1771831850.754247858] [imu_filter]: Parameter RLController.pid_ki_lin set to 0.000000
[imu_filter_madgwick_node-3] [INFO] [1771831850.754357396] [imu_filter]: Parameter RLController.pid_kd_lin set to 0.030149
[imu_filter_madgwick_node-3] [INFO] [1771831850.754432854] [imu_filter]: Parameter RLController.pid_kp_ang set to 1.230000
[imu_filter_madgwick_node-3] [INFO] [1771831850.754492887] [imu_filter]: Parameter RLController.pid_ki_ang set to 0.000000
[imu_filter_madgwick_node-3] [INFO] [1771831850.754549368] [imu_filter]: Parameter RLController.pid_kd_ang set to 0.100064
[imu_filter_madgwick_node-3] [INFO] [1771831851.174222371] [imu_filter]: Parameter RLController.pid_kp_lin set to 1.198745
[imu_filter_madgwick_node-3] [INFO] [1771831851.174444519] [imu_filter]: Parameter RLController.pid_ki_lin set to 0.000000
[imu_filter_madgwick_node-3] [INFO] [1771831851.174513225] [imu_filter]: Parameter RLController.pid_kd_lin set to 0.030280
[imu_filter_madgwick_node-3] [INFO] [1771831851.174573706] [imu_filter]: Parameter RLController.pid_kp_ang set to 1.230000
[imu_filter_madgwick_node-3] [INFO] [1771831851.174629452] [imu_filter]: Parameter RLController.pid_ki_ang set to 0.000000
[imu_filter_madgwick_node-3] [INFO] [1771831851.174681933] [imu_filter]: Parameter RLController.pid_kd_ang set to 0.100147
[imu_filter_madgwick_node-3] [INFO] [1771831851.591700476] [imu_filter]: Parameter RLController.pid_kp_lin set to 1.198205
[imu_filter_madgwick_node-3] [INFO] [1771831851.592063524] [imu_filter]: Parameter RLController.pid_ki_lin set to 0.000000
[imu_filter_madgwick_node-3] [INFO] [1771831851.592183303] [imu_filter]: Parameter RLController.pid_kd_lin set to 0.030426
[imu_filter_madgwick_node-3] [INFO] [1771831851.592253512] [imu_filter]: Parameter RLController.pid_kp_ang set to 1.230000
[imu_filter_madgwick_node-3] [INFO] [1771831851.592311914] [imu_filter]: Parameter RLController.pid_ki_ang set to 0.000000
[imu_filter_madgwick_node-3] [INFO] [1771831851.592366347] [imu_filter]: Parameter RLController.pid_kd_ang set to 0.100236
[imu_filter_madgwick_node-3] [INFO] [1771831852.013849789] [imu_filter]: Parameter RLController.pid_kp_lin set to 1.197665
[imu_filter_madgwick_node-3] [INFO] [1771831852.014062082] [imu_filter]: Parameter RLController.pid_ki_lin set to 0.000000
[imu_filter_madgwick_node-3] [INFO] [1771831852.014260262] [imu_filter]: Parameter RLController.pid_kd_lin set to 0.030598
[imu_filter_madgwick_node-3] [INFO] [1771831852.014325224] [imu_filter]: Parameter RLController.pid_kp_ang set to 1.230000
[imu_filter_madgwick_node-3] [INFO] [1771831852.014380265] [imu_filter]: Parameter RLController.pid_ki_ang set to 0.000000
[imu_filter_madgwick_node-3] [INFO] [1771831852.014427882] [imu_filter]: Parameter RLController.pid_kd_ang set to 0.100334
[imu_filter_madgwick_node-3] [INFO] [1771831852.428511576] [imu_filter]: Parameter RLController.pid_kp_lin set to 1.197125
[imu_filter_madgwick_node-3] [INFO] [1771831852.428705725] [imu_filter]: Parameter RLController.pid_ki_lin set to 0.000000
[imu_filter_madgwick_node-3] [INFO] [1771831852.428772446] [imu_filter]: Parameter RLController.pid_kd_lin set to 0.030778
[imu_filter_madgwick_node-3] [INFO] [1771831852.428827679] [imu_filter]: Parameter RLController.pid_kp_ang set to 1.230000
[imu_filter_madgwick_node-3] [INFO] [1771831852.428881088] [imu_filter]: Parameter RLController.pid_ki_ang set to 0.000000
[imu_filter_madgwick_node-3] [INFO] [1771831852.428936322] [imu_filter]: Parameter RLController.pid_kd_ang set to 0.100439
[imu_filter_madgwick_node-3] [INFO] [1771831852.841480750] [imu_filter]: Parameter RLController.pid_kp_lin set to 1.196585
[imu_filter_madgwick_node-3] [INFO] [1771831852.841679026] [imu_filter]: Parameter RLController.pid_ki_lin set to 0.000000
[imu_filter_madgwick_node-3] [INFO] [1771831852.845668427] [imu_filter]: Parameter RLController.pid_kd_lin set to 0.030958
[imu_filter_madgwick_node-3] [INFO] [1771831852.845867119] [imu_filter]: Parameter RLController.pid_kp_ang set to 1.230000
[imu_filter_madgwick_node-3] [INFO] [1771831852.845935537] [imu_filter]: Parameter RLController.pid_ki_ang set to 0.000000
[imu_filter_madgwick_node-3] [INFO] [1771831852.846281400] [imu_filter]: Parameter RLController.pid_kd_ang set to 0.100548
[imu_filter_madgwick_node-3] [INFO] [1771831853.253071749] [imu_filter]: Parameter RLController.pid_kp_lin set to 1.196045
[imu_filter_madgwick_node-3] [INFO] [1771831853.253310347] [imu_filter]: Parameter RLController.pid_ki_lin set to 0.000000
[imu_filter_madgwick_node-3] [INFO] [1771831853.253379820] [imu_filter]: Parameter RLController.pid_kd_lin set to 0.031111
[imu_filter_madgwick_node-3] [INFO] [1771831853.253437677] [imu_filter]: Parameter RLController.pid_kp_ang set to 1.230000
[imu_filter_madgwick_node-3] [INFO] [1771831853.253495375] [imu_filter]: Parameter RLController.pid_ki_ang set to 0.000000
[imu_filter_madgwick_node-3] [INFO] [1771831853.253541488] [imu_filter]: Parameter RLController.pid_kd_ang set to 0.100602
[imu_filter_madgwick_node-3] [INFO] [1771831853.672729775] [imu_filter]: Parameter RLController.pid_kp_lin set to 1.195640
[imu_filter_madgwick_node-3] [INFO] [1771831853.673283227] [imu_filter]: Parameter RLController.pid_ki_lin set to 0.000000
[imu_filter_madgwick_node-3] [INFO] [1771831853.673391038] [imu_filter]: Parameter RLController.pid_kd_lin set to 0.031214
[imu_filter_madgwick_node-3] [INFO] [1771831853.673463711] [imu_filter]: Parameter RLController.pid_kp_ang set to 1.230000
[imu_filter_madgwick_node-3] [INFO] [1771831853.673519073] [imu_filter]: Parameter RLController.pid_ki_ang set to 0.000000
[imu_filter_madgwick_node-3] [INFO] [1771831853.673581410] [imu_filter]: Parameter RLController.pid_kd_ang set to 0.100602
[imu_filter_madgwick_node-3] [INFO] [1771831854.094894193] [imu_filter]: Parameter RLController.pid_kp_lin set to 1.195296
[imu_filter_madgwick_node-3] [INFO] [1771831854.095104341] [imu_filter]: Parameter RLController.pid_ki_lin set to 0.000000
[imu_filter_madgwick_node-3] [INFO] [1771831854.095174679] [imu_filter]: Parameter RLController.pid_kd_lin set to 0.031298
[imu_filter_madgwick_node-3] [INFO] [1771831854.095232984] [imu_filter]: Parameter RLController.pid_kp_ang set to 1.230000
[imu_filter_madgwick_node-3] [INFO] [1771831854.095286809] [imu_filter]: Parameter RLController.pid_ki_ang set to 0.000000
[imu_filter_madgwick_node-3] [INFO] [1771831854.095339834] [imu_filter]: Parameter RLController.pid_kd_ang set to 0.100602
[imu_filter_madgwick_node-3] [INFO] [1771831854.506781070] [imu_filter]: Parameter RLController.pid_kp_lin set to 1.195296
[imu_filter_madgwick_node-3] [INFO] [1771831854.507014355] [imu_filter]: Parameter RLController.pid_ki_lin set to 0.000000
[imu_filter_madgwick_node-3] [INFO] [1771831854.507089461] [imu_filter]: Parameter RLController.pid_kd_lin set to 0.031298
[imu_filter_madgwick_node-3] [INFO] [1771831854.507184823] [imu_filter]: Parameter RLController.pid_kp_ang set to 1.230000
[imu_filter_madgwick_node-3] [INFO] [1771831854.507246009] [imu_filter]: Parameter RLController.pid_ki_ang set to 0.000000
[imu_filter_madgwick_node-3] [INFO] [1771831854.507304922] [imu_filter]: Parameter RLController.pid_kd_ang set to 0.100602
[imu_filter_madgwick_node-3] [INFO] [1771831854.925957294] [imu_filter]: Parameter RLController.pid_kp_lin set to 1.194853
[imu_filter_madgwick_node-3] [INFO] [1771831854.926175794] [imu_filter]: Parameter RLController.pid_ki_lin set to 0.000000
[imu_filter_madgwick_node-3] [INFO] [1771831854.926259636] [imu_filter]: Parameter RLController.pid_kd_lin set to 0.031390
[imu_filter_madgwick_node-3] [INFO] [1771831854.926327190] [imu_filter]: Parameter RLController.pid_kp_ang set to 1.230000
[imu_filter_madgwick_node-3] [INFO] [1771831854.926498873] [imu_filter]: Parameter RLController.pid_ki_ang set to 0.000000
[imu_filter_madgwick_node-3] [INFO] [1771831854.926577147] [imu_filter]: Parameter RLController.pid_kd_ang set to 0.100665
[imu_filter_madgwick_node-3] [INFO] [1771831855.337399713] [imu_filter]: Parameter RLController.pid_kp_lin set to 1.194346
[imu_filter_madgwick_node-3] [INFO] [1771831855.337619494] [imu_filter]: Parameter RLController.pid_ki_lin set to 0.000000
[imu_filter_madgwick_node-3] [INFO] [1771831855.339262507] [imu_filter]: Parameter RLController.pid_kd_lin set to 0.031511
[imu_filter_madgwick_node-3] [INFO] [1771831855.340491110] [imu_filter]: Parameter RLController.pid_kp_ang set to 1.230000
[imu_filter_madgwick_node-3] [INFO] [1771831855.343194338] [imu_filter]: Parameter RLController.pid_ki_ang set to 0.000000
[imu_filter_madgwick_node-3] [INFO] [1771831855.343371974] [imu_filter]: Parameter RLController.pid_kd_ang set to 0.100733
[imu_filter_madgwick_node-3] [INFO] [1771831855.755746510] [imu_filter]: Parameter RLController.pid_kp_lin set to 1.194346
[imu_filter_madgwick_node-3] [INFO] [1771831855.755940723] [imu_filter]: Parameter RLController.pid_ki_lin set to 0.000000
[imu_filter_madgwick_node-3] [INFO] [1771831855.756005556] [imu_filter]: Parameter RLController.pid_kd_lin set to 0.031511
[imu_filter_madgwick_node-3] [INFO] [1771831855.756060501] [imu_filter]: Parameter RLController.pid_kp_ang set to 1.230000
[imu_filter_madgwick_node-3] [INFO] [1771831855.756112438] [imu_filter]: Parameter RLController.pid_ki_ang set to 0.000000
[imu_filter_madgwick_node-3] [INFO] [1771831855.756164280] [imu_filter]: Parameter RLController.pid_kd_ang set to 0.100688
[imu_filter_madgwick_node-3] [INFO] [1771831856.168258298] [imu_filter]: Parameter RLController.pid_kp_lin set to 1.194346
[imu_filter_madgwick_node-3] [INFO] [1771831856.168465855] [imu_filter]: Parameter RLController.pid_ki_lin set to 0.000000
[imu_filter_madgwick_node-3] [INFO] [1771831856.171172314] [imu_filter]: Parameter RLController.pid_kd_lin set to 0.031511
[imu_filter_madgwick_node-3] [INFO] [1771831856.171361471] [imu_filter]: Parameter RLController.pid_kp_ang set to 1.230000
[imu_filter_madgwick_node-3] [INFO] [1771831856.171545507] [imu_filter]: Parameter RLController.pid_ki_ang set to 0.000000
[imu_filter_madgwick_node-3] [INFO] [1771831856.171627205] [imu_filter]: Parameter RLController.pid_kd_ang set to 0.100688
[imu_filter_madgwick_node-3] [INFO] [1771831856.598507982] [imu_filter]: Parameter RLController.pid_kp_lin set to 1.194049
[imu_filter_madgwick_node-3] [INFO] [1771831856.598702579] [imu_filter]: Parameter RLController.pid_ki_lin set to 0.000000
[imu_filter_madgwick_node-3] [INFO] [1771831856.598768116] [imu_filter]: Parameter RLController.pid_kd_lin set to 0.031573
[imu_filter_madgwick_node-3] [INFO] [1771831856.598825461] [imu_filter]: Parameter RLController.pid_kp_ang set to 1.230000
[imu_filter_madgwick_node-3] [INFO] [1771831856.598897367] [imu_filter]: Parameter RLController.pid_ki_ang set to 0.000000
[imu_filter_madgwick_node-3] [INFO] [1771831856.598960920] [imu_filter]: Parameter RLController.pid_kd_ang set to 0.100688
[imu_filter_madgwick_node-3] [INFO] [1771831857.024520325] [imu_filter]: Parameter RLController.pid_kp_lin set to 1.193592
[imu_filter_madgwick_node-3] [INFO] [1771831857.024742442] [imu_filter]: Parameter RLController.pid_ki_lin set to 0.000000
[imu_filter_madgwick_node-3] [INFO] [1771831857.024811819] [imu_filter]: Parameter RLController.pid_kd_lin set to 0.031676
[imu_filter_madgwick_node-3] [INFO] [1771831857.024871597] [imu_filter]: Parameter RLController.pid_kp_ang set to 1.230000
[imu_filter_madgwick_node-3] [INFO] [1771831857.024930958] [imu_filter]: Parameter RLController.pid_ki_ang set to 0.000000
[imu_filter_madgwick_node-3] [INFO] [1771831857.025104850] [imu_filter]: Parameter RLController.pid_kd_ang set to 0.100753
[imu_filter_madgwick_node-3] [INFO] [1771831857.442041983] [imu_filter]: Parameter RLController.pid_kp_lin set to 1.193592
[imu_filter_madgwick_node-3] [INFO] [1771831857.442373959] [imu_filter]: Parameter RLController.pid_ki_lin set to 0.000000
[imu_filter_madgwick_node-3] [INFO] [1771831857.442456008] [imu_filter]: Parameter RLController.pid_kd_lin set to 0.031676
[imu_filter_madgwick_node-3] [INFO] [1771831857.442516266] [imu_filter]: Parameter RLController.pid_kp_ang set to 1.230000
[imu_filter_madgwick_node-3] [INFO] [1771831857.442571819] [imu_filter]: Parameter RLController.pid_ki_ang set to 0.000000
[imu_filter_madgwick_node-3] [INFO] [1771831857.442624396] [imu_filter]: Parameter RLController.pid_kd_ang set to 0.100753
[imu_filter_madgwick_node-3] [INFO] [1771831857.854684302] [imu_filter]: Parameter RLController.pid_kp_lin set to 1.193748
[imu_filter_madgwick_node-3] [INFO] [1771831857.855014677] [imu_filter]: Parameter RLController.pid_ki_lin set to 0.000000
[imu_filter_madgwick_node-3] [INFO] [1771831857.855122936] [imu_filter]: Parameter RLController.pid_kd_lin set to 0.031631
[imu_filter_madgwick_node-3] [INFO] [1771831857.855187961] [imu_filter]: Parameter RLController.pid_kp_ang set to 1.230000
[imu_filter_madgwick_node-3] [INFO] [1771831857.855246298] [imu_filter]: Parameter RLController.pid_ki_ang set to 0.000000
[imu_filter_madgwick_node-3] [INFO] [1771831857.855550209] [imu_filter]: Parameter RLController.pid_kd_ang set to 0.100705
[imu_filter_madgwick_node-3] [INFO] [1771831858.272511855] [imu_filter]: Parameter RLController.pid_kp_lin set to 1.193748
[imu_filter_madgwick_node-3] [INFO] [1771831858.272728148] [imu_filter]: Parameter RLController.pid_ki_lin set to 0.000000
[imu_filter_madgwick_node-3] [INFO] [1771831858.272795093] [imu_filter]: Parameter RLController.pid_kd_lin set to 0.031631
[imu_filter_madgwick_node-3] [INFO] [1771831858.272897112] [imu_filter]: Parameter RLController.pid_kp_ang set to 1.230000
[imu_filter_madgwick_node-3] [INFO] [1771831858.273426211] [imu_filter]: Parameter RLController.pid_ki_ang set to 0.000000
[imu_filter_madgwick_node-3] [INFO] [1771831858.273547558] [imu_filter]: Parameter RLController.pid_kd_ang set to 0.100758
[imu_filter_madgwick_node-3] [INFO] [1771831858.684061509] [imu_filter]: Parameter RLController.pid_kp_lin set to 1.193422
[imu_filter_madgwick_node-3] [INFO] [1771831858.684267274] [imu_filter]: Parameter RLController.pid_ki_lin set to 0.000000
[imu_filter_madgwick_node-3] [INFO] [1771831858.684339820] [imu_filter]: Parameter RLController.pid_kd_lin set to 0.031690
[imu_filter_madgwick_node-3] [INFO] [1771831858.684405581] [imu_filter]: Parameter RLController.pid_kp_ang set to 1.230000
[imu_filter_madgwick_node-3] [INFO] [1771831858.684461966] [imu_filter]: Parameter RLController.pid_ki_ang set to 0.000000
[imu_filter_madgwick_node-3] [INFO] [1771831858.684515984] [imu_filter]: Parameter RLController.pid_kd_ang set to 0.100758
[imu_filter_madgwick_node-3] [INFO] [1771831859.099794648] [imu_filter]: Parameter RLController.pid_kp_lin set to 1.193125
[imu_filter_madgwick_node-3] [INFO] [1771831859.100007261] [imu_filter]: Parameter RLController.pid_ki_lin set to 0.000000
[imu_filter_madgwick_node-3] [INFO] [1771831859.100072959] [imu_filter]: Parameter RLController.pid_kd_lin set to 0.031690
[imu_filter_madgwick_node-3] [INFO] [1771831859.100132192] [imu_filter]: Parameter RLController.pid_kp_ang set to 1.230000
[imu_filter_madgwick_node-3] [INFO] [1771831859.102277519] [imu_filter]: Parameter RLController.pid_ki_ang set to 0.000000
[imu_filter_madgwick_node-3] [INFO] [1771831859.102587030] [imu_filter]: Parameter RLController.pid_kd_ang set to 0.100758
[imu_filter_madgwick_node-3] [INFO] [1771831859.518627344] [imu_filter]: Parameter RLController.pid_kp_lin set to 1.193346
[imu_filter_madgwick_node-3] [INFO] [1771831859.518830805] [imu_filter]: Parameter RLController.pid_ki_lin set to 0.000000
[imu_filter_madgwick_node-3] [INFO] [1771831859.518897494] [imu_filter]: Parameter RLController.pid_kd_lin set to 0.031690
[imu_filter_madgwick_node-3] [INFO] [1771831859.518957335] [imu_filter]: Parameter RLController.pid_kp_ang set to 1.230000
[imu_filter_madgwick_node-3] [INFO] [1771831859.519012089] [imu_filter]: Parameter RLController.pid_ki_ang set to 0.000000
[imu_filter_madgwick_node-3] [INFO] [1771831859.519066842] [imu_filter]: Parameter RLController.pid_kd_ang set to 0.100758
[imu_filter_madgwick_node-3] [INFO] [1771831859.930802292] [imu_filter]: Parameter RLController.pid_kp_lin set to 1.193791
[imu_filter_madgwick_node-3] [INFO] [1771831859.931104059] [imu_filter]: Parameter RLController.pid_ki_lin set to 0.000000
[imu_filter_madgwick_node-3] [INFO] [1771831859.931184349] [imu_filter]: Parameter RLController.pid_kd_lin set to 0.031597
[imu_filter_madgwick_node-3] [INFO] [1771831859.931245630] [imu_filter]: Parameter RLController.pid_kp_ang set to 1.230000
[imu_filter_madgwick_node-3] [INFO] [1771831859.931298943] [imu_filter]: Parameter RLController.pid_ki_ang set to 0.000000
[imu_filter_madgwick_node-3] [INFO] [1771831859.931350688] [imu_filter]: Parameter RLController.pid_kd_ang set to 0.100678
[imu_filter_madgwick_node-3] [INFO] [1771831860.346038652] [imu_filter]: Parameter RLController.pid_kp_lin set to 1.194331
[imu_filter_madgwick_node-3] [INFO] [1771831860.346363043] [imu_filter]: Parameter RLController.pid_ki_lin set to 0.000000
[imu_filter_madgwick_node-3] [INFO] [1771831860.346473030] [imu_filter]: Parameter RLController.pid_kd_lin set to 0.031461
[imu_filter_madgwick_node-3] [INFO] [1771831860.346537287] [imu_filter]: Parameter RLController.pid_kp_ang set to 1.230000
[imu_filter_madgwick_node-3] [INFO] [1771831860.346592296] [imu_filter]: Parameter RLController.pid_ki_ang set to 0.000000
[imu_filter_madgwick_node-3] [INFO] [1771831860.346644746] [imu_filter]: Parameter RLController.pid_kd_ang set to 0.100578
[imu_filter_madgwick_node-3] [INFO] [1771831860.753349973] [imu_filter]: Parameter RLController.pid_kp_lin set to 1.194810
[imu_filter_madgwick_node-3] [INFO] [1771831860.753540345] [imu_filter]: Parameter RLController.pid_ki_lin set to 0.000000
[imu_filter_madgwick_node-3] [INFO] [1771831860.753635899] [imu_filter]: Parameter RLController.pid_kd_lin set to 0.031329
[imu_filter_madgwick_node-3] [INFO] [1771831860.753696988] [imu_filter]: Parameter RLController.pid_kp_ang set to 1.230000
[imu_filter_madgwick_node-3] [INFO] [1771831860.753753662] [imu_filter]: Parameter RLController.pid_ki_ang set to 0.000000
[imu_filter_madgwick_node-3] [INFO] [1771831860.753809311] [imu_filter]: Parameter RLController.pid_kd_ang set to 0.100512
[imu_filter_madgwick_node-3] [INFO] [1771831861.165415670] [imu_filter]: Parameter RLController.pid_kp_lin set to 1.194962
[imu_filter_madgwick_node-3] [INFO] [1771831861.165895553] [imu_filter]: Parameter RLController.pid_ki_lin set to 0.000000
[imu_filter_madgwick_node-3] [INFO] [1771831861.170581705] [imu_filter]: Parameter RLController.pid_kd_lin set to 0.031275
[imu_filter_madgwick_node-3] [INFO] [1771831861.170901968] [imu_filter]: Parameter RLController.pid_kp_ang set to 1.230000
[imu_filter_madgwick_node-3] [INFO] [1771831861.170973233] [imu_filter]: Parameter RLController.pid_ki_ang set to 0.000000
[imu_filter_madgwick_node-3] [INFO] [1771831861.171031187] [imu_filter]: Parameter RLController.pid_kd_ang set to 0.100512
[imu_filter_madgwick_node-3] [INFO] [1771831861.598319461] [imu_filter]: Parameter RLController.pid_kp_lin set to 1.194962
[imu_filter_madgwick_node-3] [INFO] [1771831861.598652301] [imu_filter]: Parameter RLController.pid_ki_lin set to 0.000000
[imu_filter_madgwick_node-3] [INFO] [1771831861.598745647] [imu_filter]: Parameter RLController.pid_kd_lin set to 0.031275
[imu_filter_madgwick_node-3] [INFO] [1771831861.598807472] [imu_filter]: Parameter RLController.pid_kp_ang set to 1.230000
[imu_filter_madgwick_node-3] [INFO] [1771831861.598862418] [imu_filter]: Parameter RLController.pid_ki_ang set to 0.000000
[imu_filter_madgwick_node-3] [INFO] [1771831861.598916691] [imu_filter]: Parameter RLController.pid_kd_ang set to 0.100422
[imu_filter_madgwick_node-3] [INFO] [1771831862.011674692] [imu_filter]: Parameter RLController.pid_kp_lin set to 1.194962
[imu_filter_madgwick_node-3] [INFO] [1771831862.012003307] [imu_filter]: Parameter RLController.pid_ki_lin set to 0.000000
[imu_filter_madgwick_node-3] [INFO] [1771831862.012080813] [imu_filter]: Parameter RLController.pid_kd_lin set to 0.031275
[imu_filter_madgwick_node-3] [INFO] [1771831862.012139278] [imu_filter]: Parameter RLController.pid_kp_ang set to 1.230000
[imu_filter_madgwick_node-3] [INFO] [1771831862.012193455] [imu_filter]: Parameter RLController.pid_ki_ang set to 0.000000
[imu_filter_madgwick_node-3] [INFO] [1771831862.012247024] [imu_filter]: Parameter RLController.pid_kd_ang set to 0.100422
[imu_filter_madgwick_node-3] [INFO] [1771831862.444706550] [imu_filter]: Parameter RLController.pid_kp_lin set to 1.194811
[imu_filter_madgwick_node-3] [INFO] [1771831862.444950107] [imu_filter]: Parameter RLController.pid_ki_lin set to 0.000000
[imu_filter_madgwick_node-3] [INFO] [1771831862.445021181] [imu_filter]: Parameter RLController.pid_kd_lin set to 0.031275
[imu_filter_madgwick_node-3] [INFO] [1771831862.451147876] [imu_filter]: Parameter RLController.pid_kp_ang set to 1.230000
[imu_filter_madgwick_node-3] [INFO] [1771831862.451356745] [imu_filter]: Parameter RLController.pid_ki_ang set to 0.000000
[imu_filter_madgwick_node-3] [INFO] [1771831862.451425866] [imu_filter]: Parameter RLController.pid_kd_ang set to 0.100422
[imu_filter_madgwick_node-3] [INFO] [1771831862.884501725] [imu_filter]: Parameter RLController.pid_kp_lin set to 1.194669
[imu_filter_madgwick_node-3] [INFO] [1771831862.884715042] [imu_filter]: Parameter RLController.pid_ki_lin set to 0.000000
[imu_filter_madgwick_node-3] [INFO] [1771831862.884784132] [imu_filter]: Parameter RLController.pid_kd_lin set to 0.031275
[imu_filter_madgwick_node-3] [INFO] [1771831862.884843205] [imu_filter]: Parameter RLController.pid_kp_ang set to 1.230000
[imu_filter_madgwick_node-3] [INFO] [1771831862.884897318] [imu_filter]: Parameter RLController.pid_ki_ang set to 0.000000
[imu_filter_madgwick_node-3] [INFO] [1771831862.884949159] [imu_filter]: Parameter RLController.pid_kd_ang set to 0.100422
[imu_filter_madgwick_node-3] [INFO] [1771831863.302563524] [imu_filter]: Parameter RLController.pid_kp_lin set to 1.194669
[imu_filter_madgwick_node-3] [INFO] [1771831863.302784809] [imu_filter]: Parameter RLController.pid_ki_lin set to 0.000000
[imu_filter_madgwick_node-3] [INFO] [1771831863.302851146] [imu_filter]: Parameter RLController.pid_kd_lin set to 0.031218
[imu_filter_madgwick_node-3] [INFO] [1771831863.302907595] [imu_filter]: Parameter RLController.pid_kp_ang set to 1.230000
[imu_filter_madgwick_node-3] [INFO] [1771831863.302959117] [imu_filter]: Parameter RLController.pid_ki_ang set to 0.000000
[imu_filter_madgwick_node-3] [INFO] [1771831863.303009806] [imu_filter]: Parameter RLController.pid_kd_ang set to 0.100422
[imu_filter_madgwick_node-3] [INFO] [1771831863.720231650] [imu_filter]: Parameter RLController.pid_kp_lin set to 1.194806
[imu_filter_madgwick_node-3] [INFO] [1771831863.720435270] [imu_filter]: Parameter RLController.pid_ki_lin set to 0.000000
[imu_filter_madgwick_node-3] [INFO] [1771831863.720503880] [imu_filter]: Parameter RLController.pid_kd_lin set to 0.031218
[imu_filter_madgwick_node-3] [INFO] [1771831863.720564681] [imu_filter]: Parameter RLController.pid_kp_ang set to 1.230000
[imu_filter_madgwick_node-3] [INFO] [1771831863.720619914] [imu_filter]: Parameter RLController.pid_ki_ang set to 0.000000
[imu_filter_madgwick_node-3] [INFO] [1771831863.720673483] [imu_filter]: Parameter RLController.pid_kd_ang set to 0.100422
[imu_filter_madgwick_node-3] [INFO] [1771831864.138990104] [imu_filter]: Parameter RLController.pid_kp_lin set to 1.194806
[imu_filter_madgwick_node-3] [INFO] [1771831864.139219581] [imu_filter]: Parameter RLController.pid_ki_lin set to 0.000000
[imu_filter_madgwick_node-3] [INFO] [1771831864.139405377] [imu_filter]: Parameter RLController.pid_kd_lin set to 0.031218
[imu_filter_madgwick_node-3] [INFO] [1771831864.140364406] [imu_filter]: Parameter RLController.pid_kp_ang set to 1.230000
[imu_filter_madgwick_node-3] [INFO] [1771831864.140505401] [imu_filter]: Parameter RLController.pid_ki_ang set to 0.000000
[imu_filter_madgwick_node-3] [INFO] [1771831864.140567834] [imu_filter]: Parameter RLController.pid_kd_ang set to 0.100422
[imu_filter_madgwick_node-3] [INFO] [1771831864.554634569] [imu_filter]: Parameter RLController.pid_kp_lin set to 1.194976
[imu_filter_madgwick_node-3] [INFO] [1771831864.554830253] [imu_filter]: Parameter RLController.pid_ki_lin set to 0.000000
[imu_filter_madgwick_node-3] [INFO] [1771831864.554895438] [imu_filter]: Parameter RLController.pid_kd_lin set to 0.031157
[imu_filter_madgwick_node-3] [INFO] [1771831864.554952464] [imu_filter]: Parameter RLController.pid_kp_ang set to 1.230000
[imu_filter_madgwick_node-3] [INFO] [1771831864.555006481] [imu_filter]: Parameter RLController.pid_ki_ang set to 0.000000
[imu_filter_madgwick_node-3] [INFO] [1771831864.555060466] [imu_filter]: Parameter RLController.pid_kd_ang set to 0.100422
[imu_filter_madgwick_node-3] [INFO] [1771831864.986956395] [imu_filter]: Parameter RLController.pid_kp_lin set to 1.195227
[imu_filter_madgwick_node-3] [INFO] [1771831864.987141615] [imu_filter]: Parameter RLController.pid_ki_lin set to 0.000000
[imu_filter_madgwick_node-3] [INFO] [1771831864.987212816] [imu_filter]: Parameter RLController.pid_kd_lin set to 0.031083
[imu_filter_madgwick_node-3] [INFO] [1771831864.987276146] [imu_filter]: Parameter RLController.pid_kp_ang set to 1.230000
[imu_filter_madgwick_node-3] [INFO] [1771831864.987329971] [imu_filter]: Parameter RLController.pid_ki_ang set to 0.000000
[imu_filter_madgwick_node-3] [INFO] [1771831864.987381876] [imu_filter]: Parameter RLController.pid_kd_ang set to 0.100366
[imu_filter_madgwick_node-3] [INFO] [1771831865.428984900] [imu_filter]: Parameter RLController.pid_kp_lin set to 1.195227
[imu_filter_madgwick_node-3] [INFO] [1771831865.429318955] [imu_filter]: Parameter RLController.pid_ki_lin set to 0.000000
[imu_filter_madgwick_node-3] [INFO] [1771831865.429406861] [imu_filter]: Parameter RLController.pid_kd_lin set to 0.031083
[imu_filter_madgwick_node-3] [INFO] [1771831865.429469038] [imu_filter]: Parameter RLController.pid_kp_ang set to 1.230000
[imu_filter_madgwick_node-3] [INFO] [1771831865.432472465] [imu_filter]: Parameter RLController.pid_ki_ang set to 0.000000
[imu_filter_madgwick_node-3] [INFO] [1771831865.432817433] [imu_filter]: Parameter RLController.pid_kd_ang set to 0.100366
[imu_filter_madgwick_node-3] [INFO] [1771831865.857672821] [imu_filter]: Parameter RLController.pid_kp_lin set to 1.194996
[imu_filter_madgwick_node-3] [INFO] [1771831865.857875770] [imu_filter]: Parameter RLController.pid_ki_lin set to 0.000000
[imu_filter_madgwick_node-3] [INFO] [1771831865.860912509] [imu_filter]: Parameter RLController.pid_kd_lin set to 0.031083
[imu_filter_madgwick_node-3] [INFO] [1771831865.861095873] [imu_filter]: Parameter RLController.pid_kp_ang set to 1.230000
[imu_filter_madgwick_node-3] [INFO] [1771831865.861160611] [imu_filter]: Parameter RLController.pid_ki_ang set to 0.000000
[imu_filter_madgwick_node-3] [INFO] [1771831865.861220292] [imu_filter]: Parameter RLController.pid_kd_ang set to 0.100366
[imu_filter_madgwick_node-3] [INFO] [1771831866.267904079] [imu_filter]: Parameter RLController.pid_kp_lin set to 1.194996
[imu_filter_madgwick_node-3] [INFO] [1771831866.268091251] [imu_filter]: Parameter RLController.pid_ki_lin set to 0.000000
[imu_filter_madgwick_node-3] [INFO] [1771831866.268153908] [imu_filter]: Parameter RLController.pid_kd_lin set to 0.031083
[imu_filter_madgwick_node-3] [INFO] [1771831866.268211669] [imu_filter]: Parameter RLController.pid_kp_ang set to 1.230000
[imu_filter_madgwick_node-3] [INFO] [1771831866.268267607] [imu_filter]: Parameter RLController.pid_ki_ang set to 0.000000
[imu_filter_madgwick_node-3] [INFO] [1771831866.270965714] [imu_filter]: Parameter RLController.pid_kd_ang set to 0.100366
[imu_filter_madgwick_node-3] [INFO] [1771831866.684450548] [imu_filter]: Parameter RLController.pid_kp_lin set to 1.194996
[imu_filter_madgwick_node-3] [INFO] [1771831866.686883753] [imu_filter]: Parameter RLController.pid_ki_lin set to 0.000000
[imu_filter_madgwick_node-3] [INFO] [1771831866.687032845] [imu_filter]: Parameter RLController.pid_kd_lin set to 0.031083
[imu_filter_madgwick_node-3] [INFO] [1771831866.687100142] [imu_filter]: Parameter RLController.pid_kp_ang set to 1.230000
[imu_filter_madgwick_node-3] [INFO] [1771831866.687157744] [imu_filter]: Parameter RLController.pid_ki_ang set to 0.000000
[imu_filter_madgwick_node-3] [INFO] [1771831866.687211121] [imu_filter]: Parameter RLController.pid_kd_ang set to 0.100366
[imu_filter_madgwick_node-3] [INFO] [1771831867.095229849] [imu_filter]: Parameter RLController.pid_kp_lin set to 1.195203
[imu_filter_madgwick_node-3] [INFO] [1771831867.099153744] [imu_filter]: Parameter RLController.pid_ki_lin set to 0.000000
[imu_filter_madgwick_node-3] [INFO] [1771831867.099361972] [imu_filter]: Parameter RLController.pid_kd_lin set to 0.031020
[imu_filter_madgwick_node-3] [INFO] [1771831867.099430166] [imu_filter]: Parameter RLController.pid_kp_ang set to 1.230000
[imu_filter_madgwick_node-3] [INFO] [1771831867.099613306] [imu_filter]: Parameter RLController.pid_ki_ang set to 0.000000
[imu_filter_madgwick_node-3] [INFO] [1771831867.099680827] [imu_filter]: Parameter RLController.pid_kd_ang set to 0.100321
[imu_filter_madgwick_node-3] [INFO] [1771831867.520337019] [imu_filter]: Parameter RLController.pid_kp_lin set to 1.195203
[imu_filter_madgwick_node-3] [INFO] [1771831867.520542432] [imu_filter]: Parameter RLController.pid_ki_lin set to 0.000000
[imu_filter_madgwick_node-3] [INFO] [1771831867.522396201] [imu_filter]: Parameter RLController.pid_kd_lin set to 0.031020
[imu_filter_madgwick_node-3] [INFO] [1771831867.522678607] [imu_filter]: Parameter RLController.pid_kp_ang set to 1.230000
[imu_filter_madgwick_node-3] [INFO] [1771831867.522747633] [imu_filter]: Parameter RLController.pid_ki_ang set to 0.000000
[imu_filter_madgwick_node-3] [INFO] [1771831867.523333790] [imu_filter]: Parameter RLController.pid_kd_ang set to 0.100321
[imu_filter_madgwick_node-3] [INFO] [1771831867.946901982] [imu_filter]: Parameter RLController.pid_kp_lin set to 1.195203
[imu_filter_madgwick_node-3] [INFO] [1771831867.947244358] [imu_filter]: Parameter RLController.pid_ki_lin set to 0.000000
[imu_filter_madgwick_node-3] [INFO] [1771831867.947328552] [imu_filter]: Parameter RLController.pid_kd_lin set to 0.031020
[imu_filter_madgwick_node-3] [INFO] [1771831867.947389353] [imu_filter]: Parameter RLController.pid_kp_ang set to 1.230000
[imu_filter_madgwick_node-3] [INFO] [1771831867.947442922] [imu_filter]: Parameter RLController.pid_ki_ang set to 0.000000
[imu_filter_madgwick_node-3] [INFO] [1771831867.947495915] [imu_filter]: Parameter RLController.pid_kd_ang set to 0.100321
[imu_filter_madgwick_node-3] [INFO] [1771831868.783315794] [imu_filter]: Parameter RLController.pid_kp_lin set to 1.195422
[imu_filter_madgwick_node-3] [INFO] [1771831868.783628632] [imu_filter]: Parameter RLController.pid_ki_lin set to 0.000000
[imu_filter_madgwick_node-3] [INFO] [1771831868.783701914] [imu_filter]: Parameter RLController.pid_kd_lin set to 0.030954
[imu_filter_madgwick_node-3] [INFO] [1771831868.783825789] [imu_filter]: Parameter RLController.pid_kp_ang set to 1.230000
[imu_filter_madgwick_node-3] [INFO] [1771831868.783889918] [imu_filter]: Parameter RLController.pid_ki_ang set to 0.000000
[imu_filter_madgwick_node-3] [INFO] [1771831868.783946399] [imu_filter]: Parameter RLController.pid_kd_ang set to 0.100262
[imu_filter_madgwick_node-3] [INFO] [1771831869.207711652] [imu_filter]: Parameter RLController.pid_kp_lin set to 1.195422
[imu_filter_madgwick_node-3] [INFO] [1771831869.208109101] [imu_filter]: Parameter RLController.pid_ki_lin set to 0.000000
[imu_filter_madgwick_node-3] [INFO] [1771831869.208217103] [imu_filter]: Parameter RLController.pid_kd_lin set to 0.030954
[imu_filter_madgwick_node-3] [INFO] [1771831869.208285713] [imu_filter]: Parameter RLController.pid_kp_ang set to 1.230000
[imu_filter_madgwick_node-3] [INFO] [1771831869.208341522] [imu_filter]: Parameter RLController.pid_ki_ang set to 0.000000
[imu_filter_madgwick_node-3] [INFO] [1771831869.208397619] [imu_filter]: Parameter RLController.pid_kd_ang set to 0.100181
[imu_filter_madgwick_node-3] [INFO] [1771831869.613552860] [imu_filter]: Parameter RLController.pid_kp_lin set to 1.195422
[imu_filter_madgwick_node-3] [INFO] [1771831869.613755457] [imu_filter]: Parameter RLController.pid_ki_lin set to 0.000000
[imu_filter_madgwick_node-3] [INFO] [1771831869.613818690] [imu_filter]: Parameter RLController.pid_kd_lin set to 0.030954
[imu_filter_madgwick_node-3] [INFO] [1771831869.613883012] [imu_filter]: Parameter RLController.pid_kp_ang set to 1.230000
[imu_filter_madgwick_node-3] [INFO] [1771831869.613938053] [imu_filter]: Parameter RLController.pid_ki_ang set to 0.000000
[imu_filter_madgwick_node-3] [INFO] [1771831869.613990726] [imu_filter]: Parameter RLController.pid_kd_ang set to 0.100094
[imu_filter_madgwick_node-3] [INFO] [1771831870.034471906] [imu_filter]: Parameter RLController.pid_kp_lin set to 1.195653
[imu_filter_madgwick_node-3] [INFO] [1771831870.034692679] [imu_filter]: Parameter RLController.pid_ki_lin set to 0.000000
[imu_filter_madgwick_node-3] [INFO] [1771831870.036209160] [imu_filter]: Parameter RLController.pid_kd_lin set to 0.030875
[imu_filter_madgwick_node-3] [INFO] [1771831870.036330891] [imu_filter]: Parameter RLController.pid_kp_ang set to 1.230000
[imu_filter_madgwick_node-3] [INFO] [1771831870.036390796] [imu_filter]: Parameter RLController.pid_ki_ang set to 0.000000
[imu_filter_madgwick_node-3] [INFO] [1771831870.036445518] [imu_filter]: Parameter RLController.pid_kd_ang set to 0.100094
[imu_filter_madgwick_node-3] [INFO] [1771831870.884087450] [imu_filter]: Parameter RLController.pid_kp_lin set to 1.195653
[imu_filter_madgwick_node-3] [INFO] [1771831870.884413249] [imu_filter]: Parameter RLController.pid_ki_lin set to 0.000000
[imu_filter_madgwick_node-3] [INFO] [1771831870.884492739] [imu_filter]: Parameter RLController.pid_kd_lin set to 0.030875
[imu_filter_madgwick_node-3] [INFO] [1771831870.884554820] [imu_filter]: Parameter RLController.pid_kp_ang set to 1.230000
[imu_filter_madgwick_node-3] [INFO] [1771831870.884610789] [imu_filter]: Parameter RLController.pid_ki_ang set to 0.000000
[imu_filter_madgwick_node-3] [INFO] [1771831870.884664038] [imu_filter]: Parameter RLController.pid_kd_ang set to 0.100008
[imu_filter_madgwick_node-3] [INFO] [1771831871.288994525] [imu_filter]: Parameter RLController.pid_kp_lin set to 1.195496
[imu_filter_madgwick_node-3] [INFO] [1771831871.289219330] [imu_filter]: Parameter RLController.pid_ki_lin set to 0.000000
[imu_filter_madgwick_node-3] [INFO] [1771831871.289289955] [imu_filter]: Parameter RLController.pid_kd_lin set to 0.030875
[imu_filter_madgwick_node-3] [INFO] [1771831871.289350597] [imu_filter]: Parameter RLController.pid_kp_ang set to 1.230000
[imu_filter_madgwick_node-3] [INFO] [1771831871.289404902] [imu_filter]: Parameter RLController.pid_ki_ang set to 0.000000
[imu_filter_madgwick_node-3] [INFO] [1771831871.289459079] [imu_filter]: Parameter RLController.pid_kd_ang set to 0.100008
[imu_filter_madgwick_node-3] [INFO] [1771831871.710853975] [imu_filter]: Parameter RLController.pid_kp_lin set to 1.195496
[imu_filter_madgwick_node-3] [INFO] [1771831871.711272353] [imu_filter]: Parameter RLController.pid_ki_lin set to 0.000000
[imu_filter_madgwick_node-3] [INFO] [1771831871.711400004] [imu_filter]: Parameter RLController.pid_kd_lin set to 0.030875
[imu_filter_madgwick_node-3] [INFO] [1771831871.712896229] [imu_filter]: Parameter RLController.pid_kp_ang set to 1.230000
[imu_filter_madgwick_node-3] [INFO] [1771831871.713191499] [imu_filter]: Parameter RLController.pid_ki_ang set to 0.000000
[imu_filter_madgwick_node-3] [INFO] [1771831871.713273485] [imu_filter]: Parameter RLController.pid_kd_ang set to 0.099939
[imu_filter_madgwick_node-3] [INFO] [1771831872.529207899] [imu_filter]: Parameter RLController.pid_kp_lin set to 1.195496
[imu_filter_madgwick_node-3] [INFO] [1771831872.529567523] [imu_filter]: Parameter RLController.pid_ki_lin set to 0.000000
[imu_filter_madgwick_node-3] [INFO] [1771831872.529648261] [imu_filter]: Parameter RLController.pid_kd_lin set to 0.030875
[imu_filter_madgwick_node-3] [INFO] [1771831872.529705734] [imu_filter]: Parameter RLController.pid_kp_ang set to 1.230000
[imu_filter_madgwick_node-3] [INFO] [1771831872.529759111] [imu_filter]: Parameter RLController.pid_ki_ang set to 0.000000
[imu_filter_madgwick_node-3] [INFO] [1771831872.529813545] [imu_filter]: Parameter RLController.pid_kd_ang set to 0.099939
[imu_filter_madgwick_node-3] [INFO] [1771831872.965252720] [imu_filter]: Parameter RLController.pid_kp_lin set to 1.195679
[imu_filter_madgwick_node-3] [INFO] [1771831872.965472693] [imu_filter]: Parameter RLController.pid_ki_lin set to 0.000000
[imu_filter_madgwick_node-3] [INFO] [1771831872.965676153] [imu_filter]: Parameter RLController.pid_kd_lin set to 0.030809
[imu_filter_madgwick_node-3] [INFO] [1771831872.965745179] [imu_filter]: Parameter RLController.pid_kp_ang set to 1.230000
[imu_filter_madgwick_node-3] [INFO] [1771831872.965801020] [imu_filter]: Parameter RLController.pid_ki_ang set to 0.000000
[imu_filter_madgwick_node-3] [INFO] [1771831872.965853917] [imu_filter]: Parameter RLController.pid_kd_ang set to 0.099939
[imu_filter_madgwick_node-3] [INFO] [1771831873.381002915] [imu_filter]: Parameter RLController.pid_kp_lin set to 1.195679
[imu_filter_madgwick_node-3] [INFO] [1771831873.381204648] [imu_filter]: Parameter RLController.pid_ki_lin set to 0.000000
[imu_filter_madgwick_node-3] [INFO] [1771831873.381269161] [imu_filter]: Parameter RLController.pid_kd_lin set to 0.030809
[imu_filter_madgwick_node-3] [INFO] [1771831873.381327946] [imu_filter]: Parameter RLController.pid_kp_ang set to 1.230000
[imu_filter_madgwick_node-3] [INFO] [1771831873.381381739] [imu_filter]: Parameter RLController.pid_ki_ang set to 0.000000
[imu_filter_madgwick_node-3] [INFO] [1771831873.381434093] [imu_filter]: Parameter RLController.pid_kd_ang set to 0.099939
[imu_filter_madgwick_node-3] [INFO] [1771831873.794386530] [imu_filter]: Parameter RLController.pid_kp_lin set to 1.195943
[imu_filter_madgwick_node-3] [INFO] [1771831873.794578022] [imu_filter]: Parameter RLController.pid_ki_lin set to 0.000000
[imu_filter_madgwick_node-3] [INFO] [1771831873.794642376] [imu_filter]: Parameter RLController.pid_kd_lin set to 0.030724
[imu_filter_madgwick_node-3] [INFO] [1771831873.794699273] [imu_filter]: Parameter RLController.pid_kp_ang set to 1.230000
[imu_filter_madgwick_node-3] [INFO] [1771831873.794754506] [imu_filter]: Parameter RLController.pid_ki_ang set to 0.000000
[imu_filter_madgwick_node-3] [INFO] [1771831873.794809995] [imu_filter]: Parameter RLController.pid_kd_ang set to 0.099878
[imu_filter_madgwick_node-3] [INFO] [1771831874.207553596] [imu_filter]: Parameter RLController.pid_kp_lin set to 1.195943
[imu_filter_madgwick_node-3] [INFO] [1771831874.207915748] [imu_filter]: Parameter RLController.pid_ki_lin set to 0.000000
[imu_filter_madgwick_node-3] [INFO] [1771831874.207989638] [imu_filter]: Parameter RLController.pid_kd_lin set to 0.030724
[imu_filter_madgwick_node-3] [INFO] [1771831874.208048007] [imu_filter]: Parameter RLController.pid_kp_ang set to 1.230000
[imu_filter_madgwick_node-3] [INFO] [1771831874.208100296] [imu_filter]: Parameter RLController.pid_ki_ang set to 0.000000
[imu_filter_madgwick_node-3] [INFO] [1771831874.208153353] [imu_filter]: Parameter RLController.pid_kd_ang set to 0.099878
[imu_filter_madgwick_node-3] [INFO] [1771831874.623984319] [imu_filter]: Parameter RLController.pid_kp_lin set to 1.195943
[imu_filter_madgwick_node-3] [INFO] [1771831874.624296357] [imu_filter]: Parameter RLController.pid_ki_lin set to 0.000000
[imu_filter_madgwick_node-3] [INFO] [1771831874.626615193] [imu_filter]: Parameter RLController.pid_kd_lin set to 0.030724
[imu_filter_madgwick_node-3] [INFO] [1771831874.626917119] [imu_filter]: Parameter RLController.pid_kp_ang set to 1.230000
[imu_filter_madgwick_node-3] [INFO] [1771831874.626993921] [imu_filter]: Parameter RLController.pid_ki_ang set to 0.000000
[imu_filter_madgwick_node-3] [INFO] [1771831874.627050658] [imu_filter]: Parameter RLController.pid_kd_ang set to 0.099878
[imu_filter_madgwick_node-3] [INFO] [1771831875.039781651] [imu_filter]: Parameter RLController.pid_kp_lin set to 1.195943
[imu_filter_madgwick_node-3] [INFO] [1771831875.040037177] [imu_filter]: Parameter RLController.pid_ki_lin set to 0.000000
[imu_filter_madgwick_node-3] [INFO] [1771831875.040116378] [imu_filter]: Parameter RLController.pid_kd_lin set to 0.030724
[imu_filter_madgwick_node-3] [INFO] [1771831875.042439790] [imu_filter]: Parameter RLController.pid_kp_ang set to 1.230000
[imu_filter_madgwick_node-3] [INFO] [1771831875.043626088] [imu_filter]: Parameter RLController.pid_ki_ang set to 0.000000
[imu_filter_madgwick_node-3] [INFO] [1771831875.043809356] [imu_filter]: Parameter RLController.pid_kd_ang set to 0.099798
[imu_filter_madgwick_node-3] [INFO] [1771831875.454981178] [imu_filter]: Parameter RLController.pid_kp_lin set to 1.196086
[imu_filter_madgwick_node-3] [INFO] [1771831875.455171710] [imu_filter]: Parameter RLController.pid_ki_lin set to 0.000000
[imu_filter_madgwick_node-3] [INFO] [1771831875.455233984] [imu_filter]: Parameter RLController.pid_kd_lin set to 0.030676
[imu_filter_madgwick_node-3] [INFO] [1771831875.455290433] [imu_filter]: Parameter RLController.pid_kp_ang set to 1.230000
[imu_filter_madgwick_node-3] [INFO] [1771831875.455343202] [imu_filter]: Parameter RLController.pid_ki_ang set to 0.000000
[imu_filter_madgwick_node-3] [INFO] [1771831875.455395107] [imu_filter]: Parameter RLController.pid_kd_ang set to 0.099798
[imu_filter_madgwick_node-3] [INFO] [1771831875.869504786] [imu_filter]: Parameter RLController.pid_kp_lin set to 1.195891
[imu_filter_madgwick_node-3] [INFO] [1771831875.869703735] [imu_filter]: Parameter RLController.pid_ki_lin set to 0.000000
[imu_filter_madgwick_node-3] [INFO] [1771831875.869771288] [imu_filter]: Parameter RLController.pid_kd_lin set to 0.030676
[imu_filter_madgwick_node-3] [INFO] [1771831875.869829817] [imu_filter]: Parameter RLController.pid_kp_ang set to 1.230000
[imu_filter_madgwick_node-3] [INFO] [1771831875.869885339] [imu_filter]: Parameter RLController.pid_ki_ang set to 0.000000
[imu_filter_madgwick_node-3] [INFO] [1771831875.869937404] [imu_filter]: Parameter RLController.pid_kd_ang set to 0.099798
[imu_filter_madgwick_node-3] [INFO] [1771831876.305612712] [imu_filter]: Parameter RLController.pid_kp_lin set to 1.196109
[imu_filter_madgwick_node-3] [INFO] [1771831876.305826605] [imu_filter]: Parameter RLController.pid_ki_lin set to 0.000000
[imu_filter_madgwick_node-3] [INFO] [1771831876.305897711] [imu_filter]: Parameter RLController.pid_kd_lin set to 0.030598
[imu_filter_madgwick_node-3] [INFO] [1771831876.305963344] [imu_filter]: Parameter RLController.pid_kp_ang set to 1.230000
[imu_filter_madgwick_node-3] [INFO] [1771831876.307832601] [imu_filter]: Parameter RLController.pid_ki_ang set to 0.000000
[imu_filter_madgwick_node-3] [INFO] [1771831876.308094559] [imu_filter]: Parameter RLController.pid_kd_ang set to 0.099739
[imu_filter_madgwick_node-3] [INFO] [1771831876.712870624] [imu_filter]: Parameter RLController.pid_kp_lin set to 1.196109
[imu_filter_madgwick_node-3] [INFO] [1771831876.714373025] [imu_filter]: Parameter RLController.pid_ki_lin set to 0.000000
[imu_filter_madgwick_node-3] [INFO] [1771831876.714544133] [imu_filter]: Parameter RLController.pid_kd_lin set to 0.030598
[imu_filter_madgwick_node-3] [INFO] [1771831876.714609862] [imu_filter]: Parameter RLController.pid_kp_ang set to 1.230000
[imu_filter_madgwick_node-3] [INFO] [1771831876.714667015] [imu_filter]: Parameter RLController.pid_ki_ang set to 0.000000
[imu_filter_madgwick_node-3] [INFO] [1771831876.714721001] [imu_filter]: Parameter RLController.pid_kd_ang set to 0.099739
[imu_filter_madgwick_node-3] [INFO] [1771831877.126548165] [imu_filter]: Parameter RLController.pid_kp_lin set to 1.195872
[imu_filter_madgwick_node-3] [INFO] [1771831877.126758922] [imu_filter]: Parameter RLController.pid_ki_lin set to 0.000000
[imu_filter_madgwick_node-3] [INFO] [1771831877.126824747] [imu_filter]: Parameter RLController.pid_kd_lin set to 0.030598
[imu_filter_madgwick_node-3] [INFO] [1771831877.126883084] [imu_filter]: Parameter RLController.pid_kp_ang set to 1.230000
[imu_filter_madgwick_node-3] [INFO] [1771831877.126936302] [imu_filter]: Parameter RLController.pid_ki_ang set to 0.000000
[imu_filter_madgwick_node-3] [INFO] [1771831877.126990959] [imu_filter]: Parameter RLController.pid_kd_ang set to 0.099739
[imu_filter_madgwick_node-3] [INFO] [1771831877.547819699] [imu_filter]: Parameter RLController.pid_kp_lin set to 1.195872
[imu_filter_madgwick_node-3] [INFO] [1771831877.547999927] [imu_filter]: Parameter RLController.pid_ki_lin set to 0.000000
[imu_filter_madgwick_node-3] [INFO] [1771831877.548071800] [imu_filter]: Parameter RLController.pid_kd_lin set to 0.030598
[imu_filter_madgwick_node-3] [INFO] [1771831877.548242972] [imu_filter]: Parameter RLController.pid_kp_ang set to 1.230000
[imu_filter_madgwick_node-3] [INFO] [1771831877.548304829] [imu_filter]: Parameter RLController.pid_ki_ang set to 0.000000
[imu_filter_madgwick_node-3] [INFO] [1771831877.548358174] [imu_filter]: Parameter RLController.pid_kd_ang set to 0.099739
[imu_filter_madgwick_node-3] [INFO] [1771831877.954343866] [imu_filter]: Parameter RLController.pid_kp_lin set to 1.195872
[imu_filter_madgwick_node-3] [INFO] [1771831877.954541342] [imu_filter]: Parameter RLController.pid_ki_lin set to 0.000000
[imu_filter_madgwick_node-3] [INFO] [1771831877.954605599] [imu_filter]: Parameter RLController.pid_kd_lin set to 0.030598
[imu_filter_madgwick_node-3] [INFO] [1771831877.959547949] [imu_filter]: Parameter RLController.pid_kp_ang set to 1.230000
[imu_filter_madgwick_node-3] [INFO] [1771831877.959755217] [imu_filter]: Parameter RLController.pid_ki_ang set to 0.000000
[imu_filter_madgwick_node-3] [INFO] [1771831877.959821139] [imu_filter]: Parameter RLController.pid_kd_ang set to 0.099658
[imu_filter_madgwick_node-3] [INFO] [1771831879.194661626] [imu_filter]: Parameter RLController.pid_kp_lin set to 1.195872
[imu_filter_madgwick_node-3] [INFO] [1771831879.194873023] [imu_filter]: Parameter RLController.pid_ki_lin set to 0.000000
[imu_filter_madgwick_node-3] [INFO] [1771831879.194942304] [imu_filter]: Parameter RLController.pid_kd_lin set to 0.030598
[imu_filter_madgwick_node-3] [INFO] [1771831879.194999362] [imu_filter]: Parameter RLController.pid_kp_ang set to 1.230000
[imu_filter_madgwick_node-3] [INFO] [1771831879.195052835] [imu_filter]: Parameter RLController.pid_ki_ang set to 0.000000
[imu_filter_madgwick_node-3] [INFO] [1771831879.195106404] [imu_filter]: Parameter RLController.pid_kd_ang set to 0.099571
[imu_filter_madgwick_node-3] [INFO] [1771831879.603983711] [imu_filter]: Parameter RLController.pid_kp_lin set to 1.195872
[imu_filter_madgwick_node-3] [INFO] [1771831879.606537016] [imu_filter]: Parameter RLController.pid_ki_lin set to 0.000000
[imu_filter_madgwick_node-3] [INFO] [1771831879.606712860] [imu_filter]: Parameter RLController.pid_kd_lin set to 0.030598
[imu_filter_madgwick_node-3] [INFO] [1771831879.606779549] [imu_filter]: Parameter RLController.pid_kp_ang set to 1.230000
[imu_filter_madgwick_node-3] [INFO] [1771831879.606836350] [imu_filter]: Parameter RLController.pid_ki_ang set to 0.000000
[imu_filter_madgwick_node-3] [INFO] [1771831879.606890400] [imu_filter]: Parameter RLController.pid_kd_ang set to 0.099571
[imu_filter_madgwick_node-3] [INFO] [1771831880.023374531] [imu_filter]: Parameter RLController.pid_kp_lin set to 1.195872
[imu_filter_madgwick_node-3] [INFO] [1771831880.023611432] [imu_filter]: Parameter RLController.pid_ki_lin set to 0.000000
[imu_filter_madgwick_node-3] [INFO] [1771831880.023684970] [imu_filter]: Parameter RLController.pid_kd_lin set to 0.030542
[imu_filter_madgwick_node-3] [INFO] [1771831880.023744075] [imu_filter]: Parameter RLController.pid_kp_ang set to 1.230000
[imu_filter_madgwick_node-3] [INFO] [1771831880.023797645] [imu_filter]: Parameter RLController.pid_ki_ang set to 0.000000
[imu_filter_madgwick_node-3] [INFO] [1771831880.027101174] [imu_filter]: Parameter RLController.pid_kd_ang set to 0.099571
[imu_filter_madgwick_node-3] [INFO] [1771831880.438917522] [imu_filter]: Parameter RLController.pid_kp_lin set to 1.195872
[imu_filter_madgwick_node-3] [INFO] [1771831880.439123542] [imu_filter]: Parameter RLController.pid_ki_lin set to 0.000000
[imu_filter_madgwick_node-3] [INFO] [1771831880.442247932] [imu_filter]: Parameter RLController.pid_kd_lin set to 0.030542
[imu_filter_madgwick_node-3] [INFO] [1771831880.442974508] [imu_filter]: Parameter RLController.pid_kp_ang set to 1.230000
[imu_filter_madgwick_node-3] [INFO] [1771831880.443102031] [imu_filter]: Parameter RLController.pid_ki_ang set to 0.000000
[imu_filter_madgwick_node-3] [INFO] [1771831880.443173104] [imu_filter]: Parameter RLController.pid_kd_ang set to 0.099571
[WARNING] [launch]: user interrupted with ctrl-c (SIGINT)
