[INFO] [launch]: All log files can be found below /home/world/.ros/log/2026-02-10-16-22-25-994347-world-28923
[INFO] [launch]: Default logging verbosity is set to INFO
[INFO] [launch.user]: 🚀 Launching as Normal ROS Node
[INFO] [realsense2_camera_node-1]: process started with pid [28966]
[realsense2_camera_node-1] [0m[INFO] [1770708146.414342607] [camera.camera]: RealSense ROS v4.56.4[0m
[realsense2_camera_node-1] [0m[INFO] [1770708146.414630358] [camera.camera]: Built with LibRealSense v2.56.5[0m
[realsense2_camera_node-1] [0m[INFO] [1770708146.414667895] [camera.camera]: Running with LibRealSense v2.56.5[0m
[realsense2_camera_node-1] [0m[INFO] [1770708147.133275539] [camera.camera]: Device with serial number 336222300641 was found.
[realsense2_camera_node-1] [0m
[realsense2_camera_node-1] [0m[INFO] [1770708147.133552313] [camera.camera]: Device with physical ID 2-1.3-3 was found.[0m
[realsense2_camera_node-1] [0m[INFO] [1770708147.133603194] [camera.camera]: Device with name Intel RealSense D455 was found.[0m
[realsense2_camera_node-1] [0m[INFO] [1770708147.134121831] [camera.camera]: Device with port number 2-1.3 was found.[0m
[realsense2_camera_node-1] [0m[INFO] [1770708147.134169544] [camera.camera]: Device USB type: 3.2[0m
[realsense2_camera_node-1] [0m[INFO] [1770708147.134339884] [camera.camera]: getParameters...[0m
[realsense2_camera_node-1] [33m[WARN] [1770708147.134994332] [camera.camera]: For the 'unite_imu_method' param update to take effect, re-enable either gyro or accel stream.[0m
[realsense2_camera_node-1] [0m[INFO] [1770708147.135055549] [camera.camera]: JSON file is not provided[0m
[realsense2_camera_node-1] [0m[INFO] [1770708147.135092478] [camera.camera]: Device Name: Intel RealSense D455[0m
[realsense2_camera_node-1] [0m[INFO] [1770708147.135123391] [camera.camera]: Device Serial No: 336222300641[0m
[realsense2_camera_node-1] [0m[INFO] [1770708147.135151167] [camera.camera]: Device physical port: 2-1.3-3[0m
[realsense2_camera_node-1] [0m[INFO] [1770708147.135177824] [camera.camera]: Device FW version: 5.17.0.10[0m
[realsense2_camera_node-1] [0m[INFO] [1770708147.135203393] [camera.camera]: Device Product ID: 0x0B5C[0m
[realsense2_camera_node-1] [0m[INFO] [1770708147.135229537] [camera.camera]: Sync Mode: On[0m
[realsense2_camera_node-1] [33m[WARN] [1770708154.396156170] [camera.camera]: re-enable the stream for the change to take effect.[0m
[realsense2_camera_node-1] [33m[WARN] [1770708154.441933516] [camera.camera]: re-enable the stream for the change to take effect.[0m
[realsense2_camera_node-1] [0m[INFO] [1770708154.444911443] [camera.camera]: Set ROS param depth_module.infra_profile to default: 848x480x30[0m
[realsense2_camera_node-1] [33m[WARN] [1770708155.637160096] [camera.camera]: re-enable the stream for the change to take effect.[0m
[realsense2_camera_node-1] [33m[WARN] [1770708155.643996002] [camera.camera]: re-enable the stream for the change to take effect.[0m
[realsense2_camera_node-1] [33m[WARN] [1770708155.659731065] [camera.camera]: re-enable the stream for the change to take effect.[0m
[realsense2_camera_node-1] [33m[WARN] [1770708155.671431760] [camera.camera]: re-enable the stream for the change to take effect.[0m
[realsense2_camera_node-1] [0m[INFO] [1770708155.697016721] [camera.camera]: Stopping Sensor: Depth Module[0m
[realsense2_camera_node-1] [0m[INFO] [1770708155.698868541] [camera.camera]: Stopping Sensor: RGB Camera[0m
[realsense2_camera_node-1] [0m[INFO] [1770708155.699987896] [camera.camera]: Stopping Sensor: Motion Module[0m
[realsense2_camera_node-1] [0m[INFO] [1770708155.898469039] [camera.camera]: Starting Sensor: Depth Module[0m
[realsense2_camera_node-1] [0m[INFO] [1770708156.029623139] [camera.camera]: Open profile: stream_type: Depth(0), Format: Z16, Width: 640, Height: 480, FPS: 15[0m
[realsense2_camera_node-1]  10/02 16:22:36,035 WARNING [281472803858656] (messenger-libusb.cpp:42) control_transfer returned error, index: 768, error: Resource temporarily unavailable, number: 11
[realsense2_camera_node-1]  10/02 16:22:36,050 WARNING [281472803858656] (messenger-libusb.cpp:42) control_transfer returned error, index: 768, error: Resource temporarily unavailable, number: 11
[realsense2_camera_node-1]  10/02 16:22:36,061 WARNING [281472803858656] (messenger-libusb.cpp:42) control_transfer returned error, index: 768, error: Resource temporarily unavailable, number: 11
[realsense2_camera_node-1]  10/02 16:22:36,072 WARNING [281472803858656] (messenger-libusb.cpp:42) control_transfer returned error, index: 768, error: Resource temporarily unavailable, number: 11
[realsense2_camera_node-1]  10/02 16:22:36,083 WARNING [281472803858656] (messenger-libusb.cpp:42) control_transfer returned error, index: 768, error: Resource temporarily unavailable, number: 11
[realsense2_camera_node-1]  10/02 16:22:36,094 WARNING [281472803858656] (messenger-libusb.cpp:42) control_transfer returned error, index: 768, error: Resource temporarily unavailable, number: 11
[realsense2_camera_node-1]  10/02 16:22:36,105 WARNING [281472803858656] (messenger-libusb.cpp:42) control_transfer returned error, index: 768, error: Resource temporarily unavailable, number: 11
[realsense2_camera_node-1]  10/02 16:22:36,116 WARNING [281472803858656] (messenger-libusb.cpp:42) control_transfer returned error, index: 768, error: Resource temporarily unavailable, number: 11
[realsense2_camera_node-1]  10/02 16:22:36,127 WARNING [281472803858656] (messenger-libusb.cpp:42) control_transfer returned error, index: 768, error: Resource temporarily unavailable, number: 11
[realsense2_camera_node-1]  10/02 16:22:36,138 WARNING [281472803858656] (messenger-libusb.cpp:42) control_transfer returned error, index: 768, error: Resource temporarily unavailable, number: 11
[realsense2_camera_node-1] [0m[INFO] [1770708156.151085776] [camera.camera]: Starting Sensor: RGB Camera[0m
[realsense2_camera_node-1] [0m[INFO] [1770708156.167484951] [camera.camera]: Open profile: stream_type: Color(0), Format: RGB8, Width: 640, Height: 480, FPS: 15[0m
[realsense2_camera_node-1]  10/02 16:22:36,174 WARNING [281472829221088] (ds-calib-parsers.cpp:36) IMU Calibration is not available, default intrinsic and extrinsic will be used.
[realsense2_camera_node-1] [0m[INFO] [1770708156.187133322] [camera.camera]: Starting Sensor: Motion Module[0m
[realsense2_camera_node-1] [0m[INFO] [1770708156.205083478] [camera.camera]: Open profile: stream_type: Accel(0)Format: MOTION_XYZ32F, FPS: 200[0m
[realsense2_camera_node-1] [0m[INFO] [1770708156.205219577] [camera.camera]: Open profile: stream_type: Gyro(0)Format: MOTION_XYZ32F, FPS: 200[0m
[realsense2_camera_node-1] [0m[INFO] [1770708156.293375917] [camera.camera]: RealSense Node Is Up![0m
[realsense2_camera_node-1]  10/02 16:22:36,460 WARNING [281472803858656] (messenger-libusb.cpp:42) control_transfer returned error, index: 768, error: Resource temporarily unavailable, number: 11
[realsense2_camera_node-1]  10/02 16:22:36,471 WARNING [281472803858656] (messenger-libusb.cpp:42) control_transfer returned error, index: 768, error: Resource temporarily unavailable, number: 11
[realsense2_camera_node-1]  10/02 16:22:36,482 WARNING [281472803858656] (messenger-libusb.cpp:42) control_transfer returned error, index: 768, error: Resource temporarily unavailable, number: 11
[realsense2_camera_node-1]  10/02 16:22:36,493 WARNING [281472803858656] (messenger-libusb.cpp:42) control_transfer returned error, index: 768, error: Resource temporarily unavailable, number: 11
[realsense2_camera_node-1]  10/02 16:22:36,605 WARNING [281472803858656] (messenger-libusb.cpp:42) control_transfer returned error, index: 768, error: Resource temporarily unavailable, number: 11
[realsense2_camera_node-1]  10/02 16:22:36,616 WARNING [281472803858656] (messenger-libusb.cpp:42) control_transfer returned error, index: 768, error: Resource temporarily unavailable, number: 11
[realsense2_camera_node-1]  10/02 16:22:36,627 WARNING [281472803858656] (messenger-libusb.cpp:42) control_transfer returned error, index: 768, error: Resource temporarily unavailable, number: 11
[realsense2_camera_node-1]  10/02 16:22:36,638 WARNING [281472803858656] (messenger-libusb.cpp:42) control_transfer returned error, index: 768, error: Resource temporarily unavailable, number: 11
[realsense2_camera_node-1]  10/02 16:22:36,649 WARNING [281472803858656] (messenger-libusb.cpp:42) control_transfer returned error, index: 768, error: Resource temporarily unavailable, number: 11
[realsense2_camera_node-1]  10/02 16:22:36,660 WARNING [281472803858656] (messenger-libusb.cpp:42) control_transfer returned error, index: 768, error: Resource temporarily unavailable, number: 11
[realsense2_camera_node-1]  10/02 16:22:36,671 WARNING [281472803858656] (messenger-libusb.cpp:42) control_transfer returned error, index: 768, error: Resource temporarily unavailable, number: 11
[realsense2_camera_node-1]  10/02 16:22:36,682 WARNING [281472803858656] (messenger-libusb.cpp:42) control_transfer returned error, index: 768, error: Resource temporarily unavailable, number: 11
[realsense2_camera_node-1]  10/02 16:22:36,693 WARNING [281472803858656] (messenger-libusb.cpp:42) control_transfer returned error, index: 768, error: Resource temporarily unavailable, number: 11
[realsense2_camera_node-1]  10/02 16:22:36,704 WARNING [281472803858656] (messenger-libusb.cpp:42) control_transfer returned error, index: 768, error: Resource temporarily unavailable, number: 11
[realsense2_camera_node-1]  10/02 16:22:36,715 WARNING [281472803858656] (messenger-libusb.cpp:42) control_transfer returned error, index: 768, error: Resource temporarily unavailable, number: 11
[realsense2_camera_node-1]  10/02 16:22:36,726 WARNING [281472803858656] (messenger-libusb.cpp:42) control_transfer returned error, index: 768, error: Resource temporarily unavailable, number: 11
[realsense2_camera_node-1]  10/02 16:22:36,738 WARNING [281472803858656] (messenger-libusb.cpp:42) control_transfer returned error, index: 768, error: Resource temporarily unavailable, number: 11
[realsense2_camera_node-1]  10/02 16:22:36,749 WARNING [281472803858656] (messenger-libusb.cpp:42) control_transfer returned error, index: 768, error: Resource temporarily unavailable, number: 11
[realsense2_camera_node-1]  10/02 16:22:36,760 WARNING [281472803858656] (messenger-libusb.cpp:42) control_transfer returned error, index: 768, error: Resource temporarily unavailable, number: 11
[realsense2_camera_node-1]  10/02 16:22:36,775 WARNING [281472803858656] (messenger-libusb.cpp:42) control_transfer returned error, index: 768, error: Resource temporarily unavailable, number: 11
[realsense2_camera_node-1]  10/02 16:22:36,786 WARNING [281472803858656] (messenger-libusb.cpp:42) control_transfer returned error, index: 768, error: Resource temporarily unavailable, number: 11
[realsense2_camera_node-1]  10/02 16:22:36,798 WARNING [281472803858656] (messenger-libusb.cpp:42) control_transfer returned error, index: 768, error: Resource temporarily unavailable, number: 11
[realsense2_camera_node-1]  10/02 16:22:36,810 WARNING [281472803858656] (messenger-libusb.cpp:42) control_transfer returned error, index: 768, error: Resource temporarily unavailable, number: 11
[realsense2_camera_node-1]  10/02 16:22:37,329 WARNING [281472803858656] (messenger-libusb.cpp:42) control_transfer returned error, index: 768, error: Resource temporarily unavailable, number: 11
[realsense2_camera_node-1]  10/02 16:22:37,340 WARNING [281472803858656] (messenger-libusb.cpp:42) control_transfer returned error, index: 768, error: Resource temporarily unavailable, number: 11
[realsense2_camera_node-1]  10/02 16:22:37,351 WARNING [281472803858656] (messenger-libusb.cpp:42) control_transfer returned error, index: 768, error: Resource temporarily unavailable, number: 11
[realsense2_camera_node-1]  10/02 16:22:37,362 WARNING [281472803858656] (messenger-libusb.cpp:42) control_transfer returned error, index: 768, error: Resource temporarily unavailable, number: 11
[realsense2_camera_node-1]  10/02 16:22:37,378 WARNING [281472803858656] (messenger-libusb.cpp:42) control_transfer returned error, index: 768, error: Resource temporarily unavailable, number: 11
[realsense2_camera_node-1]  10/02 16:23:04,969 WARNING [281472803858656] (messenger-libusb.cpp:42) control_transfer returned error, index: 768, error: Resource temporarily unavailable, number: 11
[realsense2_camera_node-1]  10/02 16:23:04,980 WARNING [281472803858656] (messenger-libusb.cpp:42) control_transfer returned error, index: 768, error: Resource temporarily unavailable, number: 11
[realsense2_camera_node-1]  10/02 16:23:04,992 WARNING [281472803858656] (messenger-libusb.cpp:42) control_transfer returned error, index: 768, error: Resource temporarily unavailable, number: 11
