[INFO] [launch]: All log files can be found below /home/world/.ros/log/2026-02-20-15-03-47-738377-world-71640
[INFO] [launch]: Default logging verbosity is set to INFO
[INFO] [launch.user]: 🚀 Launching as Normal ROS Node
[INFO] [realsense2_camera_node-1]: process started with pid [71685]
[realsense2_camera_node-1] [0m[INFO] [1771567428.189719010] [camera.camera]: RealSense ROS v4.56.4[0m
[realsense2_camera_node-1] [0m[INFO] [1771567428.189978535] [camera.camera]: Built with LibRealSense v2.56.5[0m
[realsense2_camera_node-1] [0m[INFO] [1771567428.190023464] [camera.camera]: Running with LibRealSense v2.56.5[0m
[realsense2_camera_node-1] [0m[INFO] [1771567428.928709450] [camera.camera]: Device with serial number 336222300641 was found.
[realsense2_camera_node-1] [0m
[realsense2_camera_node-1] [0m[INFO] [1771567428.928922702] [camera.camera]: Device with physical ID 2-1.3-3 was found.[0m
[realsense2_camera_node-1] [0m[INFO] [1771567428.928965070] [camera.camera]: Device with name Intel RealSense D455 was found.[0m
[realsense2_camera_node-1] [0m[INFO] [1771567428.929414583] [camera.camera]: Device with port number 2-1.3 was found.[0m
[realsense2_camera_node-1] [0m[INFO] [1771567428.929469816] [camera.camera]: Device USB type: 3.2[0m
[realsense2_camera_node-1] [0m[INFO] [1771567428.929635131] [camera.camera]: getParameters...[0m
[realsense2_camera_node-1] [33m[WARN] [1771567428.938033081] [camera.camera]: For the 'unite_imu_method' param update to take effect, re-enable either gyro or accel stream.[0m
[realsense2_camera_node-1] [0m[INFO] [1771567428.938323774] [camera.camera]: JSON file is not provided[0m
[realsense2_camera_node-1] [0m[INFO] [1771567428.938382304] [camera.camera]: Device Name: Intel RealSense D455[0m
[realsense2_camera_node-1] [0m[INFO] [1771567428.938436001] [camera.camera]: Device Serial No: 336222300641[0m
[realsense2_camera_node-1] [0m[INFO] [1771567428.938484897] [camera.camera]: Device physical port: 2-1.3-3[0m
[realsense2_camera_node-1] [0m[INFO] [1771567428.938532066] [camera.camera]: Device FW version: 5.17.0.10[0m
[realsense2_camera_node-1] [0m[INFO] [1771567428.938576547] [camera.camera]: Device Product ID: 0x0B5C[0m
[realsense2_camera_node-1] [0m[INFO] [1771567428.938622308] [camera.camera]: Sync Mode: On[0m
[realsense2_camera_node-1] [33m[WARN] [1771567435.822626825] [camera.camera]: re-enable the stream for the change to take effect.[0m
[realsense2_camera_node-1] [33m[WARN] [1771567435.845947648] [camera.camera]: re-enable the stream for the change to take effect.[0m
[realsense2_camera_node-1] [0m[INFO] [1771567435.856000925] [camera.camera]: Set ROS param depth_module.infra_profile to default: 848x480x30[0m
[realsense2_camera_node-1] [33m[WARN] [1771567437.584418994] [camera.camera]: re-enable the stream for the change to take effect.[0m
[realsense2_camera_node-1] [33m[WARN] [1771567437.603843935] [camera.camera]: re-enable the stream for the change to take effect.[0m
[realsense2_camera_node-1] [33m[WARN] [1771567437.642070382] [camera.camera]: re-enable the stream for the change to take effect.[0m
[realsense2_camera_node-1] [33m[WARN] [1771567437.785949695] [camera.camera]: re-enable the stream for the change to take effect.[0m
[realsense2_camera_node-1] [0m[INFO] [1771567437.828261467] [camera.camera]: Stopping Sensor: Depth Module[0m
[realsense2_camera_node-1] [0m[INFO] [1771567437.831816350] [camera.camera]: Stopping Sensor: RGB Camera[0m
[realsense2_camera_node-1] [0m[INFO] [1771567437.833823940] [camera.camera]: Stopping Sensor: Motion Module[0m
[realsense2_camera_node-1] [0m[INFO] [1771567438.011517105] [camera.camera]: Starting Sensor: Depth Module[0m
[realsense2_camera_node-1] [0m[INFO] [1771567438.189840458] [camera.camera]: Open profile: stream_type: Depth(0), Format: Z16, Width: 640, Height: 480, FPS: 15[0m
[realsense2_camera_node-1]  20/02 15:03:58,195 WARNING [281473323821280] (messenger-libusb.cpp:42) control_transfer returned error, index: 768, error: Resource temporarily unavailable, number: 11
[realsense2_camera_node-1]  20/02 15:03:58,210 WARNING [281473323821280] (messenger-libusb.cpp:42) control_transfer returned error, index: 768, error: Resource temporarily unavailable, number: 11
[realsense2_camera_node-1]  20/02 15:03:58,226 WARNING [281473323821280] (messenger-libusb.cpp:42) control_transfer returned error, index: 768, error: Resource temporarily unavailable, number: 11
[realsense2_camera_node-1]  20/02 15:03:58,247 WARNING [281473323821280] (messenger-libusb.cpp:42) control_transfer returned error, index: 768, error: Resource temporarily unavailable, number: 11
[realsense2_camera_node-1]  20/02 15:03:58,262 WARNING [281473323821280] (messenger-libusb.cpp:42) control_transfer returned error, index: 768, error: Resource temporarily unavailable, number: 11
[realsense2_camera_node-1]  20/02 15:03:58,276 WARNING [281473323821280] (messenger-libusb.cpp:42) control_transfer returned error, index: 768, error: Resource temporarily unavailable, number: 11
[realsense2_camera_node-1]  20/02 15:03:58,289 WARNING [281473323821280] (messenger-libusb.cpp:42) control_transfer returned error, index: 768, error: Resource temporarily unavailable, number: 11
[realsense2_camera_node-1] [0m[INFO] [1771567438.310635786] [camera.camera]: Starting Sensor: RGB Camera[0m
[realsense2_camera_node-1] [0m[INFO] [1771567438.388302366] [camera.camera]: Open profile: stream_type: Color(0), Format: RGB8, Width: 640, Height: 480, FPS: 15[0m
[realsense2_camera_node-1]  20/02 15:03:58,398 WARNING [281473349183712] (ds-calib-parsers.cpp:36) IMU Calibration is not available, default intrinsic and extrinsic will be used.
[realsense2_camera_node-1] [0m[INFO] [1771567438.461778468] [camera.camera]: Starting Sensor: Motion Module[0m
[realsense2_camera_node-1] [0m[INFO] [1771567438.559147018] [camera.camera]: Open profile: stream_type: Accel(0)Format: MOTION_XYZ32F, FPS: 200[0m
[realsense2_camera_node-1] [0m[INFO] [1771567438.571650998] [camera.camera]: Open profile: stream_type: Gyro(0)Format: MOTION_XYZ32F, FPS: 200[0m
[realsense2_camera_node-1]  20/02 15:03:58,643 WARNING [281473323821280] (messenger-libusb.cpp:42) control_transfer returned error, index: 768, error: Resource temporarily unavailable, number: 11
[realsense2_camera_node-1]  20/02 15:03:58,654 WARNING [281473323821280] (messenger-libusb.cpp:42) control_transfer returned error, index: 768, error: Resource temporarily unavailable, number: 11
[realsense2_camera_node-1]  20/02 15:03:58,665 WARNING [281473323821280] (messenger-libusb.cpp:42) control_transfer returned error, index: 768, error: Resource temporarily unavailable, number: 11
[realsense2_camera_node-1] [0m[INFO] [1771567438.691812425] [camera.camera]: RealSense Node Is Up![0m
[realsense2_camera_node-1]  20/02 15:03:58,780 WARNING [281473323821280] (messenger-libusb.cpp:42) control_transfer returned error, index: 768, error: Resource temporarily unavailable, number: 11
[realsense2_camera_node-1]  20/02 15:03:58,794 WARNING [281473323821280] (messenger-libusb.cpp:42) control_transfer returned error, index: 768, error: Resource temporarily unavailable, number: 11
[realsense2_camera_node-1]  20/02 15:03:58,811 WARNING [281473323821280] (messenger-libusb.cpp:42) control_transfer returned error, index: 768, error: Resource temporarily unavailable, number: 11
[realsense2_camera_node-1]  20/02 15:03:58,833 WARNING [281473323821280] (messenger-libusb.cpp:42) control_transfer returned error, index: 768, error: Resource temporarily unavailable, number: 11
[realsense2_camera_node-1]  20/02 15:03:58,846 WARNING [281473323821280] (messenger-libusb.cpp:42) control_transfer returned error, index: 768, error: Resource temporarily unavailable, number: 11
[realsense2_camera_node-1]  20/02 15:03:58,857 WARNING [281473323821280] (messenger-libusb.cpp:42) control_transfer returned error, index: 768, error: Resource temporarily unavailable, number: 11
[realsense2_camera_node-1]  20/02 15:03:58,869 WARNING [281473323821280] (messenger-libusb.cpp:42) control_transfer returned error, index: 768, error: Resource temporarily unavailable, number: 11
[realsense2_camera_node-1]  20/02 15:03:58,880 WARNING [281473323821280] (messenger-libusb.cpp:42) control_transfer returned error, index: 768, error: Resource temporarily unavailable, number: 11
[realsense2_camera_node-1]  20/02 15:03:58,891 WARNING [281473323821280] (messenger-libusb.cpp:42) control_transfer returned error, index: 768, error: Resource temporarily unavailable, number: 11
[realsense2_camera_node-1]  20/02 15:03:58,902 WARNING [281473323821280] (messenger-libusb.cpp:42) control_transfer returned error, index: 768, error: Resource temporarily unavailable, number: 11
[realsense2_camera_node-1]  20/02 15:03:58,914 WARNING [281473323821280] (messenger-libusb.cpp:42) control_transfer returned error, index: 768, error: Resource temporarily unavailable, number: 11
[realsense2_camera_node-1]  20/02 15:03:58,928 WARNING [281473323821280] (messenger-libusb.cpp:42) control_transfer returned error, index: 768, error: Resource temporarily unavailable, number: 11
[realsense2_camera_node-1]  20/02 15:03:58,940 WARNING [281473323821280] (messenger-libusb.cpp:42) control_transfer returned error, index: 768, error: Resource temporarily unavailable, number: 11
[realsense2_camera_node-1]  20/02 15:03:58,952 WARNING [281473323821280] (messenger-libusb.cpp:42) control_transfer returned error, index: 768, error: Resource temporarily unavailable, number: 11
[realsense2_camera_node-1]  20/02 15:03:58,964 WARNING [281473323821280] (messenger-libusb.cpp:42) control_transfer returned error, index: 768, error: Resource temporarily unavailable, number: 11
[realsense2_camera_node-1]  20/02 15:03:59,485 WARNING [281473323821280] (messenger-libusb.cpp:42) control_transfer returned error, index: 768, error: Resource temporarily unavailable, number: 11
[realsense2_camera_node-1]  20/02 15:03:59,497 WARNING [281473323821280] (messenger-libusb.cpp:42) control_transfer returned error, index: 768, error: Resource temporarily unavailable, number: 11
[realsense2_camera_node-1]  20/02 15:03:59,508 WARNING [281473323821280] (messenger-libusb.cpp:42) control_transfer returned error, index: 768, error: Resource temporarily unavailable, number: 11
[realsense2_camera_node-1]  20/02 15:03:59,519 WARNING [281473323821280] (messenger-libusb.cpp:42) control_transfer returned error, index: 768, error: Resource temporarily unavailable, number: 11
[realsense2_camera_node-1]  20/02 15:03:59,531 WARNING [281473323821280] (messenger-libusb.cpp:42) control_transfer returned error, index: 768, error: Resource temporarily unavailable, number: 11
[realsense2_camera_node-1]  20/02 15:03:59,543 WARNING [281473323821280] (messenger-libusb.cpp:42) control_transfer returned error, index: 768, error: Resource temporarily unavailable, number: 11
[realsense2_camera_node-1]  20/02 15:03:59,554 WARNING [281473323821280] (messenger-libusb.cpp:42) control_transfer returned error, index: 768, error: Resource temporarily unavailable, number: 11
[realsense2_camera_node-1]  20/02 15:03:59,565 WARNING [281473323821280] (messenger-libusb.cpp:42) control_transfer returned error, index: 768, error: Resource temporarily unavailable, number: 11
[realsense2_camera_node-1]  20/02 15:03:59,576 WARNING [281473323821280] (messenger-libusb.cpp:42) control_transfer returned error, index: 768, error: Resource temporarily unavailable, number: 11
[realsense2_camera_node-1]  20/02 15:03:59,587 WARNING [281473323821280] (messenger-libusb.cpp:42) control_transfer returned error, index: 768, error: Resource temporarily unavailable, number: 11
[realsense2_camera_node-1]  20/02 15:03:59,710 WARNING [281473323821280] (messenger-libusb.cpp:42) control_transfer returned error, index: 768, error: Resource temporarily unavailable, number: 11
[realsense2_camera_node-1]  20/02 15:03:59,725 WARNING [281473323821280] (messenger-libusb.cpp:42) control_transfer returned error, index: 768, error: Resource temporarily unavailable, number: 11
[realsense2_camera_node-1]  20/02 15:04:21,038 ERROR [281472351004896] (uvc-streamer.cpp:105) uvc streamer watchdog triggered on endpoint: 132
[realsense2_camera_node-1]  20/02 15:04:32,367 ERROR [281472351004896] (uvc-streamer.cpp:105) uvc streamer watchdog triggered on endpoint: 132
[realsense2_camera_node-1]  20/02 15:04:33,238 WARNING [281473323821280] (messenger-libusb.cpp:42) control_transfer returned error, index: 768, error: Resource temporarily unavailable, number: 11
[realsense2_camera_node-1]  20/02 15:04:33,251 WARNING [281473323821280] (messenger-libusb.cpp:42) control_transfer returned error, index: 768, error: Resource temporarily unavailable, number: 11
[realsense2_camera_node-1]  20/02 15:04:33,264 WARNING [281473323821280] (messenger-libusb.cpp:42) control_transfer returned error, index: 768, error: Resource temporarily unavailable, number: 11
[realsense2_camera_node-1]  20/02 15:04:33,276 WARNING [281473323821280] (messenger-libusb.cpp:42) control_transfer returned error, index: 768, error: Resource temporarily unavailable, number: 11
[realsense2_camera_node-1]  20/02 15:04:33,288 WARNING [281473323821280] (messenger-libusb.cpp:42) control_transfer returned error, index: 768, error: Resource temporarily unavailable, number: 11
[realsense2_camera_node-1]  20/02 15:04:33,300 WARNING [281473323821280] (messenger-libusb.cpp:42) control_transfer returned error, index: 768, error: Resource temporarily unavailable, number: 11
[realsense2_camera_node-1]  20/02 15:04:33,311 WARNING [281473323821280] (messenger-libusb.cpp:42) control_transfer returned error, index: 768, error: Resource temporarily unavailable, number: 11
[realsense2_camera_node-1]  20/02 15:04:33,323 WARNING [281473323821280] (messenger-libusb.cpp:42) control_transfer returned error, index: 768, error: Resource temporarily unavailable, number: 11
[realsense2_camera_node-1]  20/02 15:04:33,339 WARNING [281473323821280] (messenger-libusb.cpp:42) control_transfer returned error, index: 768, error: Resource temporarily unavailable, number: 11
[realsense2_camera_node-1]  20/02 15:04:33,351 WARNING [281473323821280] (messenger-libusb.cpp:42) control_transfer returned error, index: 768, error: Resource temporarily unavailable, number: 11
[realsense2_camera_node-1]  20/02 15:04:33,364 WARNING [281473323821280] (messenger-libusb.cpp:42) control_transfer returned error, index: 768, error: Resource temporarily unavailable, number: 11
[realsense2_camera_node-1]  20/02 15:04:33,375 WARNING [281473323821280] (messenger-libusb.cpp:42) control_transfer returned error, index: 768, error: Resource temporarily unavailable, number: 11
[realsense2_camera_node-1]  20/02 15:04:33,388 WARNING [281473323821280] (messenger-libusb.cpp:42) control_transfer returned error, index: 768, error: Resource temporarily unavailable, number: 11
[realsense2_camera_node-1]  20/02 15:04:33,402 WARNING [281473323821280] (messenger-libusb.cpp:42) control_transfer returned error, index: 768, error: Resource temporarily unavailable, number: 11
[realsense2_camera_node-1]  20/02 15:04:33,414 WARNING [281473323821280] (messenger-libusb.cpp:42) control_transfer returned error, index: 768, error: Resource temporarily unavailable, number: 11
[realsense2_camera_node-1]  20/02 15:04:33,425 WARNING [281473323821280] (messenger-libusb.cpp:42) control_transfer returned error, index: 768, error: Resource temporarily unavailable, number: 11
[realsense2_camera_node-1]  20/02 15:04:33,438 WARNING [281473323821280] (messenger-libusb.cpp:42) control_transfer returned error, index: 768, error: Resource temporarily unavailable, number: 11
[realsense2_camera_node-1]  20/02 15:04:33,450 WARNING [281473323821280] (messenger-libusb.cpp:42) control_transfer returned error, index: 768, error: Resource temporarily unavailable, number: 11
[realsense2_camera_node-1]  20/02 15:04:33,463 WARNING [281473323821280] (messenger-libusb.cpp:42) control_transfer returned error, index: 768, error: Resource temporarily unavailable, number: 11
[realsense2_camera_node-1]  20/02 15:04:54,531 WARNING [281473323821280] (messenger-libusb.cpp:42) control_transfer returned error, index: 768, error: Resource temporarily unavailable, number: 11
[realsense2_camera_node-1]  20/02 15:04:54,543 WARNING [281473323821280] (messenger-libusb.cpp:42) control_transfer returned error, index: 768, error: Resource temporarily unavailable, number: 11
[realsense2_camera_node-1]  20/02 15:04:54,554 WARNING [281473323821280] (messenger-libusb.cpp:42) control_transfer returned error, index: 768, error: Resource temporarily unavailable, number: 11
[realsense2_camera_node-1]  20/02 15:04:54,566 WARNING [281473323821280] (messenger-libusb.cpp:42) control_transfer returned error, index: 768, error: Resource temporarily unavailable, number: 11
[realsense2_camera_node-1]  20/02 15:04:54,578 WARNING [281473323821280] (messenger-libusb.cpp:42) control_transfer returned error, index: 768, error: Resource temporarily unavailable, number: 11
[realsense2_camera_node-1]  20/02 15:04:54,589 WARNING [281473323821280] (messenger-libusb.cpp:42) control_transfer returned error, index: 768, error: Resource temporarily unavailable, number: 11
[realsense2_camera_node-1]  20/02 15:04:54,600 WARNING [281473323821280] (messenger-libusb.cpp:42) control_transfer returned error, index: 768, error: Resource temporarily unavailable, number: 11
[realsense2_camera_node-1]  20/02 15:04:54,611 WARNING [281473323821280] (messenger-libusb.cpp:42) control_transfer returned error, index: 768, error: Resource temporarily unavailable, number: 11
[realsense2_camera_node-1]  20/02 15:04:54,624 WARNING [281473323821280] (messenger-libusb.cpp:42) control_transfer returned error, index: 768, error: Resource temporarily unavailable, number: 11
[realsense2_camera_node-1]  20/02 15:04:54,638 WARNING [281473323821280] (messenger-libusb.cpp:42) control_transfer returned error, index: 768, error: Resource temporarily unavailable, number: 11
[realsense2_camera_node-1]  20/02 15:04:54,650 WARNING [281473323821280] (messenger-libusb.cpp:42) control_transfer returned error, index: 768, error: Resource temporarily unavailable, number: 11
[realsense2_camera_node-1]  20/02 15:04:54,664 WARNING [281473323821280] (messenger-libusb.cpp:42) control_transfer returned error, index: 768, error: Resource temporarily unavailable, number: 11
[realsense2_camera_node-1] [33m[WARN] [1771567495.101816732] [camera.camera]: XXX Hardware Notification:Right MIPI error,1.77157e+12,Error,Hardware Error[0m
[realsense2_camera_node-1] [33m[WARN] [1771567495.106033355] [camera.camera]: Hardware Notification:Right MIPI error,1.77157e+12,Error,Hardware Error[0m
[realsense2_camera_node-1]  20/02 15:04:56,846 ERROR [281472786950368] (uvc-streamer.cpp:105) uvc streamer watchdog triggered on endpoint: 130
[realsense2_camera_node-1]  20/02 15:04:57,681 WARNING [281473323821280] (messenger-libusb.cpp:42) control_transfer returned error, index: 768, error: Resource temporarily unavailable, number: 11
[realsense2_camera_node-1]  20/02 15:04:57,692 WARNING [281473323821280] (messenger-libusb.cpp:42) control_transfer returned error, index: 768, error: Resource temporarily unavailable, number: 11
[realsense2_camera_node-1]  20/02 15:04:58,270 ERROR [281473005185248] (ds-options.cpp:93) Asic Temperature value is not valid!
[realsense2_camera_node-1]  20/02 15:05:00,273 ERROR [281473005185248] (ds-options.cpp:93) Asic Temperature value is not valid!
[realsense2_camera_node-1]  20/02 15:05:10,358 ERROR [281472351004896] (uvc-streamer.cpp:105) uvc streamer watchdog triggered on endpoint: 132
[realsense2_camera_node-1]  20/02 15:05:10,729 WARNING [281473323821280] (messenger-libusb.cpp:42) control_transfer returned error, index: 768, error: Resource temporarily unavailable, number: 11
[realsense2_camera_node-1]  20/02 15:05:10,740 WARNING [281473323821280] (messenger-libusb.cpp:42) control_transfer returned error, index: 768, error: Resource temporarily unavailable, number: 11
[WARNING] [launch]: user interrupted with ctrl-c (SIGINT)
