[INFO] [launch]: All log files can be found below /home/world/.ros/log/2026-02-10-15-47-41-178148-world-364686
[INFO] [launch]: Default logging verbosity is set to INFO
[INFO] [livox_ros_driver2_node-1]: process started with pid [364724]
[livox_ros_driver2_node-1] [INFO] [1770706061.468906721] [livox_lidar_publisher]: Livox Ros Driver2 Version: 1.2.4
[livox_ros_driver2_node-1] [INFO] [1770706061.469822231] [livox_lidar_publisher]: Data Source is raw lidar.
[livox_ros_driver2_node-1] [INFO] [1770706061.469870104] [livox_lidar_publisher]: Config file : /home/world/to_ws/src/livox_ros_driver2/launch_ROS2/../config/MID360_config.json
[livox_ros_driver2_node-1] LdsLidar *GetInstance
[livox_ros_driver2_node-1] config lidar type: 8
[livox_ros_driver2_node-1] successfully parse base config, counts: 1
[livox_ros_driver2_node-1] [INFO] [1770706061.476462196] [livox_lidar_publisher]: Init lds lidar success!
[livox_ros_driver2_node-1] GetFreeIndex key:livox_lidar_2483136704.
[livox_ros_driver2_node-1] Init queue, real query size:32.
[livox_ros_driver2_node-1] Lidar[0] storage queue size: 31
[livox_ros_driver2_node-1] set pcl data type, handle: 2483136704, data type: 1
[livox_ros_driver2_node-1] set scan pattern, handle: 2483136704, scan pattern: 0
[livox_ros_driver2_node-1] begin to change work mode to 'Normal', handle: 2483136704
[livox_ros_driver2_node-1] successfully set data type, handle: 2483136704, set_bit: 2
[livox_ros_driver2_node-1] successfully set pattern mode, handle: 2483136704, set_bit: 0
[livox_ros_driver2_node-1] successfully set lidar attitude, ip: 192.168.1.148
[livox_ros_driver2_node-1] successfully change work mode, handle: 2483136704
[livox_ros_driver2_node-1] successfully enable Livox Lidar imu, ip: 192.168.1.148
[livox_ros_driver2_node-1] [INFO] [1770706064.478448503] [livox_lidar_publisher]: livox/lidar publish use PointCloud2 format
[livox_ros_driver2_node-1] [INFO] [1770706064.480438183] [livox_lidar_publisher]: livox/imu publish use imu format
