[INFO] [launch]: All log files can be found below /home/world/.ros/log/2026-02-10-14-51-45-075182-world-312664
[INFO] [launch]: Default logging verbosity is set to INFO
[INFO] [livox_timestamp_offset_node-1]: process started with pid [312947]
[INFO] [camera_imu_bias_corrector_cpp-2]: process started with pid [312950]
[INFO] [imu_filter_madgwick_node-3]: process started with pid [312952]
[INFO] [lidar_deskewing-4]: process started with pid [312954]
[INFO] [static_transform_publisher-5]: process started with pid [312956]
[INFO] [static_transform_publisher-6]: process started with pid [312962]
[camera_imu_bias_corrector_cpp-2] [INFO] [1770702705.383527252] [camera_imu_bias_corrector]: IMU bias corrector started: input=/camera/camera/imu output=/camera/camera/imu_bias_corrected
[imu_filter_madgwick_node-3] [INFO] [1770702705.406843706] [imu_filter]: Starting ImuFilter
[imu_filter_madgwick_node-3] [INFO] [1770702705.411218177] [imu_filter]: Using dt computed from message headers
[imu_filter_madgwick_node-3] [INFO] [1770702705.411372741] [imu_filter]: The gravity vector is kept in the IMU message.
[imu_filter_madgwick_node-3] [INFO] [1770702705.412828039] [imu_filter]: Imu filter gain set to 0.100000
[imu_filter_madgwick_node-3] [INFO] [1770702705.412950538] [imu_filter]: Gyro drift bias set to 0.000000
[imu_filter_madgwick_node-3] [INFO] [1770702705.412995019] [imu_filter]: Magnetometer bias values: 0.000000 0.000000 0.000000
[static_transform_publisher-5] [INFO] [1770702705.421651319] [livox_tf]: Spinning until stopped - publishing transform
[static_transform_publisher-5] translation: ('0.000000', '0.000000', '0.830000')
[static_transform_publisher-5] rotation: ('0.000000', '0.000000', '0.000000', '1.000000')
[static_transform_publisher-5] from 'base_link' to 'livox_frame'
[static_transform_publisher-6] [INFO] [1770702705.454369691] [camera_tf]: Spinning until stopped - publishing transform
[static_transform_publisher-6] translation: ('0.200000', '0.000000', '0.580000')
[static_transform_publisher-6] rotation: ('0.000000', '0.000000', '0.000000', '1.000000')
[static_transform_publisher-6] from 'base_link' to 'camera_link'
[livox_timestamp_offset_node-1] [INFO] [1770702706.691107949] [livox_timestamp_offset]: input_topic=/livox/lidar output_topic=/livox/lidar/synced offset_sec=0.036
[lidar_deskewing-4] [INFO] [1770702706.700093057] [lidar_deskewing]:   fixed_frame_id:  base_link
[lidar_deskewing-4] [INFO] [1770702706.700686223] [lidar_deskewing]:   wait_for_transform:  0.200000s
[lidar_deskewing-4] [INFO] [1770702706.700735568] [lidar_deskewing]:   slerp:  true
[camera_imu_bias_corrector_cpp-2] [INFO] [1770702711.797660584] [camera_imu_bias_corrector]: Calibrating IMU bias... keep robot still.
[imu_filter_madgwick_node-3] [INFO] [1770702711.798375321] [imu_filter]: First IMU message received.
[camera_imu_bias_corrector_cpp-2] [INFO] [1770702717.848990415] [camera_imu_bias_corrector]: IMU bias calibrated: x=-0.001641 y=0.001534 z=-0.004641
[imu_filter_madgwick_node-3] [INFO] [1770702730.477169193] [imu_filter]: Parameter RLController.pid_kp_lin set to 1.200000
[imu_filter_madgwick_node-3] [INFO] [1770702730.477406222] [imu_filter]: Parameter RLController.pid_ki_lin set to 0.000000
[imu_filter_madgwick_node-3] [INFO] [1770702730.477488432] [imu_filter]: Parameter RLController.pid_kd_lin set to 0.030000
[imu_filter_madgwick_node-3] [INFO] [1770702730.477557394] [imu_filter]: Parameter RLController.pid_kp_ang set to 1.230000
[imu_filter_madgwick_node-3] [INFO] [1770702730.477623891] [imu_filter]: Parameter RLController.pid_ki_ang set to 0.000000
[imu_filter_madgwick_node-3] [INFO] [1770702730.477686997] [imu_filter]: Parameter RLController.pid_kd_ang set to 0.100000
[lidar_deskewing-4] [WARN] [1770703126.221807334] [lidar_deskewing]: New subscription discovered on topic '/livox/lidar/synced/deskewed', requesting incompatible QoS. No messages will be sent to it. Last incompatible policy: RELIABILITY_QOS_POLICY
[WARNING] [launch]: user interrupted with ctrl-c (SIGINT)
