[INFO] [launch]: All log files can be found below /home/world/.ros/log/2026-02-10-14-48-58-025621-world-308687
[INFO] [launch]: Default logging verbosity is set to INFO
[INFO] [livox_timestamp_offset_node-1]: process started with pid [308915]
[INFO] [camera_imu_bias_corrector_cpp-2]: process started with pid [308919]
[INFO] [imu_filter_madgwick_node-3]: process started with pid [308922]
[INFO] [lidar_deskewing-4]: process started with pid [308925]
[INFO] [static_transform_publisher-5]: process started with pid [308929]
[INFO] [static_transform_publisher-6]: process started with pid [308940]
[camera_imu_bias_corrector_cpp-2] [INFO] [1770702538.279964749] [camera_imu_bias_corrector]: IMU bias corrector started: input=/camera/camera/imu output=/camera/camera/imu_bias_corrected
[imu_filter_madgwick_node-3] [INFO] [1770702538.315104778] [imu_filter]: Starting ImuFilter
[imu_filter_madgwick_node-3] [INFO] [1770702538.324611690] [imu_filter]: Using dt computed from message headers
[imu_filter_madgwick_node-3] [INFO] [1770702538.324695756] [imu_filter]: The gravity vector is kept in the IMU message.
[imu_filter_madgwick_node-3] [INFO] [1770702538.324961779] [imu_filter]: Imu filter gain set to 0.100000
[imu_filter_madgwick_node-3] [INFO] [1770702538.325004724] [imu_filter]: Gyro drift bias set to 0.000000
[imu_filter_madgwick_node-3] [INFO] [1770702538.325020084] [imu_filter]: Magnetometer bias values: 0.000000 0.000000 0.000000
[static_transform_publisher-6] [INFO] [1770702538.382377181] [camera_tf]: Spinning until stopped - publishing transform
[static_transform_publisher-6] translation: ('0.200000', '0.000000', '0.580000')
[static_transform_publisher-6] rotation: ('0.000000', '0.000000', '0.000000', '1.000000')
[static_transform_publisher-6] from 'base_link' to 'camera_link'
[static_transform_publisher-5] [INFO] [1770702538.383102734] [livox_tf]: Spinning until stopped - publishing transform
[static_transform_publisher-5] translation: ('0.000000', '0.000000', '0.830000')
[static_transform_publisher-5] rotation: ('0.000000', '0.000000', '0.000000', '1.000000')
[static_transform_publisher-5] from 'base_link' to 'livox_frame'
[livox_timestamp_offset_node-1] [INFO] [1770702539.160701875] [livox_timestamp_offset]: input_topic=/livox/lidar output_topic=/livox/lidar/synced offset_sec=0.036
[lidar_deskewing-4] [INFO] [1770702539.633727719] [lidar_deskewing]:   fixed_frame_id:  base_link
[lidar_deskewing-4] [INFO] [1770702539.634884867] [lidar_deskewing]:   wait_for_transform:  0.200000s
[lidar_deskewing-4] [INFO] [1770702539.634951332] [lidar_deskewing]:   slerp:  true
[camera_imu_bias_corrector_cpp-2] [INFO] [1770702545.101990998] [camera_imu_bias_corrector]: Calibrating IMU bias... keep robot still.
[imu_filter_madgwick_node-3] [INFO] [1770702545.102599013] [imu_filter]: First IMU message received.
[camera_imu_bias_corrector_cpp-2] [INFO] [1770702551.326832154] [camera_imu_bias_corrector]: IMU bias calibrated: x=-0.001485 y=0.001655 z=-0.004591
[imu_filter_madgwick_node-3] [INFO] [1770702561.677193142] [imu_filter]: Parameter RLController.pid_kp_lin set to 1.200000
[imu_filter_madgwick_node-3] [INFO] [1770702561.677419388] [imu_filter]: Parameter RLController.pid_ki_lin set to 0.000000
[imu_filter_madgwick_node-3] [INFO] [1770702561.677504414] [imu_filter]: Parameter RLController.pid_kd_lin set to 0.030000
[imu_filter_madgwick_node-3] [INFO] [1770702561.677569439] [imu_filter]: Parameter RLController.pid_kp_ang set to 1.230000
[imu_filter_madgwick_node-3] [INFO] [1770702561.677631681] [imu_filter]: Parameter RLController.pid_ki_ang set to 0.000000
[imu_filter_madgwick_node-3] [INFO] [1770702561.679169509] [imu_filter]: Parameter RLController.pid_kd_ang set to 0.100000
[WARNING] [launch]: user interrupted with ctrl-c (SIGINT)
