[INFO] [launch]: All log files can be found below /home/world/.ros/log/2026-02-10-16-19-27-696045-world-23798
[INFO] [launch]: Default logging verbosity is set to INFO
[INFO] [livox_timestamp_offset_node-1]: process started with pid [24058]
[INFO] [camera_imu_bias_corrector_cpp-2]: process started with pid [24060]
[INFO] [imu_filter_madgwick_node-3]: process started with pid [24062]
[INFO] [lidar_deskewing-4]: process started with pid [24064]
[INFO] [static_transform_publisher-5]: process started with pid [24066]
[INFO] [static_transform_publisher-6]: process started with pid [24068]
[static_transform_publisher-5] [INFO] [1770707967.934729719] [livox_tf]: Spinning until stopped - publishing transform
[static_transform_publisher-5] translation: ('0.000000', '0.000000', '0.830000')
[static_transform_publisher-5] rotation: ('0.000000', '0.000000', '0.000000', '1.000000')
[static_transform_publisher-5] from 'base_link' to 'livox_frame'
[imu_filter_madgwick_node-3] [INFO] [1770707967.971764645] [imu_filter]: Starting ImuFilter
[camera_imu_bias_corrector_cpp-2] [INFO] [1770707967.980394074] [camera_imu_bias_corrector]: IMU bias corrector started: input=/camera/camera/imu output=/camera/camera/imu_bias_corrected
[imu_filter_madgwick_node-3] [INFO] [1770707967.983142493] [imu_filter]: Using dt computed from message headers
[imu_filter_madgwick_node-3] [INFO] [1770707967.983235007] [imu_filter]: The gravity vector is kept in the IMU message.
[imu_filter_madgwick_node-3] [INFO] [1770707967.985773246] [imu_filter]: Imu filter gain set to 0.100000
[imu_filter_madgwick_node-3] [INFO] [1770707967.986349356] [imu_filter]: Gyro drift bias set to 0.000000
[imu_filter_madgwick_node-3] [INFO] [1770707967.986373485] [imu_filter]: Magnetometer bias values: 0.000000 0.000000 0.000000
[static_transform_publisher-6] [INFO] [1770707968.031476513] [camera_tf]: Spinning until stopped - publishing transform
[static_transform_publisher-6] translation: ('0.200000', '0.000000', '0.580000')
[static_transform_publisher-6] rotation: ('0.000000', '0.000000', '0.000000', '1.000000')
[static_transform_publisher-6] from 'base_link' to 'camera_link'
[livox_timestamp_offset_node-1] [INFO] [1770707968.766022984] [livox_timestamp_offset]: input_topic=/livox/lidar output_topic=/livox/lidar/synced offset_sec=0.036
[lidar_deskewing-4] [INFO] [1770707969.310027044] [lidar_deskewing]:   fixed_frame_id:  base_link
[lidar_deskewing-4] [INFO] [1770707969.310571921] [lidar_deskewing]:   wait_for_transform:  0.200000s
[lidar_deskewing-4] [INFO] [1770707969.310618898] [lidar_deskewing]:   slerp:  true
[camera_imu_bias_corrector_cpp-2] [INFO] [1770707974.340627943] [camera_imu_bias_corrector]: Calibrating IMU bias... keep robot still.
[imu_filter_madgwick_node-3] [INFO] [1770707974.341343896] [imu_filter]: First IMU message received.
[camera_imu_bias_corrector_cpp-2] [INFO] [1770707980.543604378] [camera_imu_bias_corrector]: IMU bias calibrated: x=-0.001409 y=0.001701 z=-0.004731
[imu_filter_madgwick_node-3] [INFO] [1770707991.773820959] [imu_filter]: Parameter RLController.pid_kp_lin set to 1.200000
[imu_filter_madgwick_node-3] [INFO] [1770707991.774055396] [imu_filter]: Parameter RLController.pid_ki_lin set to 0.000000
[imu_filter_madgwick_node-3] [INFO] [1770707991.774135590] [imu_filter]: Parameter RLController.pid_kd_lin set to 0.030000
[imu_filter_madgwick_node-3] [INFO] [1770707991.774202984] [imu_filter]: Parameter RLController.pid_kp_ang set to 1.230000
[imu_filter_madgwick_node-3] [INFO] [1770707991.774262858] [imu_filter]: Parameter RLController.pid_ki_ang set to 0.000000
[imu_filter_madgwick_node-3] [INFO] [1770707991.774321323] [imu_filter]: Parameter RLController.pid_kd_ang set to 0.100000
[WARNING] [launch]: user interrupted with ctrl-c (SIGINT)
