[INFO] [launch]: All log files can be found below /home/world/.ros/log/2026-02-10-13-53-19-160531-world-262703
[INFO] [launch]: Default logging verbosity is set to INFO
[INFO] [livox_ros_driver2_node-1]: process started with pid [262740]
[livox_ros_driver2_node-1] [INFO] [1770699199.383559002] [livox_lidar_publisher]: Livox Ros Driver2 Version: 1.2.4
[livox_ros_driver2_node-1] [INFO] [1770699199.387045807] [livox_lidar_publisher]: Data Source is raw lidar.
[livox_ros_driver2_node-1] [INFO] [1770699199.388008967] [livox_lidar_publisher]: Config file : /home/world/to_ws/src/livox_ros_driver2/launch_ROS2/../config/MID360_config.json
[livox_ros_driver2_node-1] LdsLidar *GetInstance
[livox_ros_driver2_node-1] config lidar type: 8
[livox_ros_driver2_node-1] successfully parse base config, counts: 1
[livox_ros_driver2_node-1] [INFO] [1770699199.396809789] [livox_lidar_publisher]: Init lds lidar success!
[livox_ros_driver2_node-1] GetFreeIndex key:livox_lidar_2483136704.
[livox_ros_driver2_node-1] Init queue, real query size:32.
[livox_ros_driver2_node-1] Lidar[0] storage queue size: 31
[livox_ros_driver2_node-1] set pcl data type, handle: 2483136704, data type: 1
[livox_ros_driver2_node-1] set scan pattern, handle: 2483136704, scan pattern: 0
[livox_ros_driver2_node-1] begin to change work mode to 'Normal', handle: 2483136704
[livox_ros_driver2_node-1] successfully set data type, handle: 2483136704, set_bit: 2
[livox_ros_driver2_node-1] successfully set pattern mode, handle: 2483136704, set_bit: 0
[livox_ros_driver2_node-1] successfully set lidar attitude, ip: 192.168.1.148
[livox_ros_driver2_node-1] successfully change work mode, handle: 2483136704
[livox_ros_driver2_node-1] successfully enable Livox Lidar imu, ip: 192.168.1.148
[livox_ros_driver2_node-1] [INFO] [1770699202.410280652] [livox_lidar_publisher]: livox/lidar publish use PointCloud2 format
[livox_ros_driver2_node-1] [INFO] [1770699202.415552396] [livox_lidar_publisher]: livox/imu publish use imu format
[WARNING] [launch]: user interrupted with ctrl-c (SIGINT)
[INFO] [livox_ros_driver2_node-1]: sending signal 'SIGINT' to process[livox_ros_driver2_node-1]
