[INFO] [launch]: All log files can be found below /home/world/.ros/log/2026-02-06-17-26-32-620504-world-128594
[INFO] [launch]: Default logging verbosity is set to INFO
[INFO] [livox_timestamp_offset_node-1]: process started with pid [128614]
[INFO] [camera_imu_bias_corrector_cpp-2]: process started with pid [128616]
[INFO] [imu_filter_madgwick_node-3]: process started with pid [128618]
[INFO] [lidar_deskewing-4]: process started with pid [128620]
[INFO] [static_transform_publisher-5]: process started with pid [128622]
[INFO] [static_transform_publisher-6]: process started with pid [128624]
[static_transform_publisher-5] [INFO] [1770366392.878181655] [livox_tf]: Spinning until stopped - publishing transform
[static_transform_publisher-5] translation: ('0.000000', '0.000000', '0.830000')
[static_transform_publisher-5] rotation: ('0.000000', '0.000000', '0.000000', '1.000000')
[static_transform_publisher-5] from 'base_link' to 'livox_frame'
[static_transform_publisher-6] [INFO] [1770366392.881924329] [camera_tf]: Spinning until stopped - publishing transform
[static_transform_publisher-6] translation: ('0.200000', '0.000000', '0.580000')
[static_transform_publisher-6] rotation: ('0.000000', '0.000000', '0.000000', '1.000000')
[static_transform_publisher-6] from 'base_link' to 'camera_link'
[imu_filter_madgwick_node-3] [INFO] [1770366392.914104918] [imu_filter]: Starting ImuFilter
[imu_filter_madgwick_node-3] [INFO] [1770366392.915749452] [imu_filter]: Using dt computed from message headers
[imu_filter_madgwick_node-3] [INFO] [1770366392.916129009] [imu_filter]: The gravity vector is kept in the IMU message.
[imu_filter_madgwick_node-3] [INFO] [1770366392.917606309] [imu_filter]: Imu filter gain set to 0.100000
[imu_filter_madgwick_node-3] [INFO] [1770366392.917668037] [imu_filter]: Gyro drift bias set to 0.000000
[imu_filter_madgwick_node-3] [INFO] [1770366392.917683590] [imu_filter]: Magnetometer bias values: 0.000000 0.000000 0.000000
[camera_imu_bias_corrector_cpp-2] [INFO] [1770366392.925840850] [camera_imu_bias_corrector]: IMU bias corrector started: input=/camera/camera/imu output=/camera/camera/imu_bias_corrected
[camera_imu_bias_corrector_cpp-2] [INFO] [1770366392.926618269] [camera_imu_bias_corrector]: Calibrating IMU bias... keep robot still.
[imu_filter_madgwick_node-3] [INFO] [1770366392.943758017] [imu_filter]: First IMU message received.
[livox_timestamp_offset_node-1] [INFO] [1770366393.547430575] [livox_timestamp_offset]: input_topic=/livox/lidar output_topic=/livox/lidar/synced offset_sec=0.036
[lidar_deskewing-4] [INFO] [1770366393.878422923] [lidar_deskewing]:   fixed_frame_id:  base_link
[lidar_deskewing-4] [INFO] [1770366393.878943794] [lidar_deskewing]:   wait_for_transform:  0.200000s
[lidar_deskewing-4] [INFO] [1770366393.878990195] [lidar_deskewing]:   slerp:  true
[lidar_deskewing-4] [WARN] [1770366394.388575931] [lidar_deskewing]: deskewing failed! returning possible skewed cloud!
[lidar_deskewing-4] [WARN] [1770366394.592844349] [lidar_deskewing]: deskewing failed! returning possible skewed cloud!
[lidar_deskewing-4] [WARN] [1770366394.796271477] [lidar_deskewing]: deskewing failed! returning possible skewed cloud!
[lidar_deskewing-4] [WARN] [1770366394.999725613] [lidar_deskewing]: deskewing failed! returning possible skewed cloud!
[lidar_deskewing-4] [WARN] [1770366395.203922286] [lidar_deskewing]: deskewing failed! returning possible skewed cloud!
[lidar_deskewing-4] [WARN] [1770366395.407528264] [lidar_deskewing]: deskewing failed! returning possible skewed cloud!
[lidar_deskewing-4] [WARN] [1770366395.610986016] [lidar_deskewing]: deskewing failed! returning possible skewed cloud!
[lidar_deskewing-4] [WARN] [1770366395.814303702] [lidar_deskewing]: deskewing failed! returning possible skewed cloud!
[lidar_deskewing-4] [WARN] [1770366396.017803374] [lidar_deskewing]: deskewing failed! returning possible skewed cloud!
[lidar_deskewing-4] [WARN] [1770366396.221064868] [lidar_deskewing]: deskewing failed! returning possible skewed cloud!
[lidar_deskewing-4] [WARN] [1770366396.425779500] [lidar_deskewing]: deskewing failed! returning possible skewed cloud!
[camera_imu_bias_corrector_cpp-2] [INFO] [1770366398.308581716] [camera_imu_bias_corrector]: IMU bias calibrated: x=-0.001254 y=0.001910 z=-0.004752
[imu_filter_madgwick_node-3] [INFO] [1770366488.400484802] [imu_filter]: Parameter RLController.pid_kp_lin set to 1.200000
[imu_filter_madgwick_node-3] [INFO] [1770366488.401577815] [imu_filter]: Parameter RLController.pid_ki_lin set to 0.000000
[imu_filter_madgwick_node-3] [INFO] [1770366488.401786364] [imu_filter]: Parameter RLController.pid_kd_lin set to 0.030000
[imu_filter_madgwick_node-3] [INFO] [1770366488.401860381] [imu_filter]: Parameter RLController.pid_kp_ang set to 1.230000
[imu_filter_madgwick_node-3] [INFO] [1770366488.401917438] [imu_filter]: Parameter RLController.pid_ki_ang set to 0.000000
[imu_filter_madgwick_node-3] [INFO] [1770366488.401973567] [imu_filter]: Parameter RLController.pid_kd_ang set to 0.100000
[WARNING] [launch]: user interrupted with ctrl-c (SIGINT)
