[INFO] [launch]: All log files can be found below /home/world/.ros/log/2026-02-20-13-04-55-621594-world-13182
[INFO] [launch]: Default logging verbosity is set to INFO
[INFO] [ekf_node-1]: process started with pid [13651]
[ekf_node-1] Failed to meet update rate! Took 0.070696282999999998653seconds. Try decreasing the rate, limiting sensor output frequency, or limiting the number of sensors.
[ekf_node-1] Failed to meet update rate! Took 0.075211823999999996571seconds. Try decreasing the rate, limiting sensor output frequency, or limiting the number of sensors.
[ekf_node-1] Failed to meet update rate! Took 0.064976270000000002636seconds. Try decreasing the rate, limiting sensor output frequency, or limiting the number of sensors.
[ekf_node-1] Failed to meet update rate! Took 0.060636092000000002544seconds. Try decreasing the rate, limiting sensor output frequency, or limiting the number of sensors.
[ekf_node-1] Failed to meet update rate! Took 0.068084488999999998038seconds. Try decreasing the rate, limiting sensor output frequency, or limiting the number of sensors.
[ekf_node-1] Failed to meet update rate! Took 0.068568402000000000518seconds. Try decreasing the rate, limiting sensor output frequency, or limiting the number of sensors.
[ekf_node-1] Failed to meet update rate! Took 0.050451163000000000258seconds. Try decreasing the rate, limiting sensor output frequency, or limiting the number of sensors.
[ekf_node-1] Failed to meet update rate! Took 0.052910569999999997048seconds. Try decreasing the rate, limiting sensor output frequency, or limiting the number of sensors.
[ekf_node-1] Failed to meet update rate! Took 0.073272971000000006181seconds. Try decreasing the rate, limiting sensor output frequency, or limiting the number of sensors.
[ekf_node-1] Failed to meet update rate! Took 0.060674790999999998753seconds. Try decreasing the rate, limiting sensor output frequency, or limiting the number of sensors.
[ekf_node-1] Failed to meet update rate! Took 0.056390295000000000003seconds. Try decreasing the rate, limiting sensor output frequency, or limiting the number of sensors.
[ekf_node-1] Failed to meet update rate! Took 0.076690961000000001935seconds. Try decreasing the rate, limiting sensor output frequency, or limiting the number of sensors.
[ekf_node-1] Failed to meet update rate! Took 0.051248248000000003188seconds. Try decreasing the rate, limiting sensor output frequency, or limiting the number of sensors.
[ekf_node-1] Failed to meet update rate! Took 0.057589334999999998443seconds. Try decreasing the rate, limiting sensor output frequency, or limiting the number of sensors.
[ekf_node-1] Failed to meet update rate! Took 0.065900927999999997509seconds. Try decreasing the rate, limiting sensor output frequency, or limiting the number of sensors.
[ekf_node-1] Failed to meet update rate! Took 0.050725259000000001708seconds. Try decreasing the rate, limiting sensor output frequency, or limiting the number of sensors.
[ekf_node-1] Failed to meet update rate! Took 0.066642557000000005041seconds. Try decreasing the rate, limiting sensor output frequency, or limiting the number of sensors.
[ekf_node-1] Failed to meet update rate! Took 0.051286569999999996605seconds. Try decreasing the rate, limiting sensor output frequency, or limiting the number of sensors.
[WARNING] [launch]: user interrupted with ctrl-c (SIGINT)
