[INFO] [launch]: All log files can be found below /home/world/.ros/log/2026-02-23-14-44-22-248387-world-14966
[INFO] [launch]: Default logging verbosity is set to INFO
[INFO] [ekf_node-1]: process started with pid [15586]
[ekf_node-1] Failed to meet update rate! Took 0.055322780000000001954seconds. Try decreasing the rate, limiting sensor output frequency, or limiting the number of sensors.
[ekf_node-1] Failed to meet update rate! Took 0.092343216000000005739seconds. Try decreasing the rate, limiting sensor output frequency, or limiting the number of sensors.
[ekf_node-1] Failed to meet update rate! Took 0.13935666299999999174seconds. Try decreasing the rate, limiting sensor output frequency, or limiting the number of sensors.
[ekf_node-1] Failed to meet update rate! Took 0.08376677500000000165seconds. Try decreasing the rate, limiting sensor output frequency, or limiting the number of sensors.
[ekf_node-1] Failed to meet update rate! Took 0.093440291999999994244seconds. Try decreasing the rate, limiting sensor output frequency, or limiting the number of sensors.
[ekf_node-1] Failed to meet update rate! Took 0.072710321999999993903seconds. Try decreasing the rate, limiting sensor output frequency, or limiting the number of sensors.
[ekf_node-1] Failed to meet update rate! Took 0.051571641000000001398seconds. Try decreasing the rate, limiting sensor output frequency, or limiting the number of sensors.
[ekf_node-1] Failed to meet update rate! Took 0.072698065000000006153seconds. Try decreasing the rate, limiting sensor output frequency, or limiting the number of sensors.
[ekf_node-1] Failed to meet update rate! Took 0.058016139000000001291seconds. Try decreasing the rate, limiting sensor output frequency, or limiting the number of sensors.
[ekf_node-1] Failed to meet update rate! Took 0.051103759999999998076seconds. Try decreasing the rate, limiting sensor output frequency, or limiting the number of sensors.
[ekf_node-1] Failed to meet update rate! Took 0.072890805000000002956seconds. Try decreasing the rate, limiting sensor output frequency, or limiting the number of sensors.
[ekf_node-1] Failed to meet update rate! Took 0.053101682999999996748seconds. Try decreasing the rate, limiting sensor output frequency, or limiting the number of sensors.
[ekf_node-1] Failed to meet update rate! Took 0.1342320919999999973seconds. Try decreasing the rate, limiting sensor output frequency, or limiting the number of sensors.
[ekf_node-1] Failed to meet update rate! Took 0.053045874999999999277seconds. Try decreasing the rate, limiting sensor output frequency, or limiting the number of sensors.
[ekf_node-1] Failed to meet update rate! Took 0.05784314499999999859seconds. Try decreasing the rate, limiting sensor output frequency, or limiting the number of sensors.
[ekf_node-1] Failed to meet update rate! Took 0.052008960999999999386seconds. Try decreasing the rate, limiting sensor output frequency, or limiting the number of sensors.
[ekf_node-1] Failed to meet update rate! Took 0.066542420000000004898seconds. Try decreasing the rate, limiting sensor output frequency, or limiting the number of sensors.
[WARNING] [launch]: user interrupted with ctrl-c (SIGINT)
[INFO] [ekf_node-1]: sending signal 'SIGINT' to process[ekf_node-1]
[ekf_node-1] [INFO] [1771826178.206966161] [rclcpp]: signal_handler(SIGINT/SIGTERM)
