[INFO] [launch]: All log files can be found below /home/world/.ros/log/2026-02-23-14-44-13-590566-world-14872
[INFO] [launch]: Default logging verbosity is set to INFO
[INFO] [launch.user]: 🚀 Launching as Normal ROS Node
[INFO] [realsense2_camera_node-1]: process started with pid [14918]
[realsense2_camera_node-1] [0m[INFO] [1771825454.667888775] [camera.camera]: RealSense ROS v4.56.4[0m
[realsense2_camera_node-1] [0m[INFO] [1771825454.668186540] [camera.camera]: Built with LibRealSense v2.56.5[0m
[realsense2_camera_node-1] [0m[INFO] [1771825454.668230893] [camera.camera]: Running with LibRealSense v2.56.5[0m
[realsense2_camera_node-1] [0m[INFO] [1771825455.517923018] [camera.camera]: Device with serial number 336222300641 was found.
[realsense2_camera_node-1] [0m
[realsense2_camera_node-1] [0m[INFO] [1771825455.518124333] [camera.camera]: Device with physical ID 2-1.3-3 was found.[0m
[realsense2_camera_node-1] [0m[INFO] [1771825455.518159534] [camera.camera]: Device with name Intel RealSense D455 was found.[0m
[realsense2_camera_node-1] [0m[INFO] [1771825455.518589941] [camera.camera]: Device with port number 2-1.3 was found.[0m
[realsense2_camera_node-1] [0m[INFO] [1771825455.518635190] [camera.camera]: Device USB type: 3.2[0m
[realsense2_camera_node-1] [0m[INFO] [1771825455.520765148] [camera.camera]: getParameters...[0m
[realsense2_camera_node-1] [33m[WARN] [1771825455.521623084] [camera.camera]: For the 'unite_imu_method' param update to take effect, re-enable either gyro or accel stream.[0m
[realsense2_camera_node-1] [0m[INFO] [1771825455.521696909] [camera.camera]: JSON file is not provided[0m
[realsense2_camera_node-1] [0m[INFO] [1771825455.521732494] [camera.camera]: Device Name: Intel RealSense D455[0m
[realsense2_camera_node-1] [0m[INFO] [1771825455.521760846] [camera.camera]: Device Serial No: 336222300641[0m
[realsense2_camera_node-1] [0m[INFO] [1771825455.521785999] [camera.camera]: Device physical port: 2-1.3-3[0m
[realsense2_camera_node-1] [0m[INFO] [1771825455.521805743] [camera.camera]: Device FW version: 5.17.0.10[0m
[realsense2_camera_node-1] [0m[INFO] [1771825455.521824111] [camera.camera]: Device Product ID: 0x0B5C[0m
[realsense2_camera_node-1] [0m[INFO] [1771825455.521839695] [camera.camera]: Sync Mode: On[0m
[realsense2_camera_node-1] [33m[WARN] [1771825464.263545248] [camera.camera]: re-enable the stream for the change to take effect.[0m
[realsense2_camera_node-1] [33m[WARN] [1771825464.322567358] [camera.camera]: re-enable the stream for the change to take effect.[0m
[realsense2_camera_node-1] [0m[INFO] [1771825464.325905689] [camera.camera]: Set ROS param depth_module.infra_profile to default: 848x480x30[0m
[realsense2_camera_node-1] [33m[WARN] [1771825466.076181503] [camera.camera]: re-enable the stream for the change to take effect.[0m
[realsense2_camera_node-1] [33m[WARN] [1771825466.088262455] [camera.camera]: re-enable the stream for the change to take effect.[0m
[realsense2_camera_node-1] [33m[WARN] [1771825466.125536944] [camera.camera]: re-enable the stream for the change to take effect.[0m
[realsense2_camera_node-1] [33m[WARN] [1771825466.224471126] [camera.camera]: re-enable the stream for the change to take effect.[0m
[realsense2_camera_node-1] [0m[INFO] [1771825466.251812126] [camera.camera]: Stopping Sensor: Depth Module[0m
[realsense2_camera_node-1] [0m[INFO] [1771825466.255933191] [camera.camera]: Stopping Sensor: RGB Camera[0m
[realsense2_camera_node-1] [0m[INFO] [1771825466.258107886] [camera.camera]: Stopping Sensor: Motion Module[0m
[realsense2_camera_node-1] [0m[INFO] [1771825466.480729907] [camera.camera]: Starting Sensor: Depth Module[0m
[realsense2_camera_node-1] [0m[INFO] [1771825466.642000241] [camera.camera]: Open profile: stream_type: Depth(0), Format: Z16, Width: 640, Height: 480, FPS: 15[0m
[realsense2_camera_node-1]  23/02 14:44:26,644 WARNING [281472310130912] (messenger-libusb.cpp:42) control_transfer returned error, index: 768, error: Resource temporarily unavailable, number: 11
[realsense2_camera_node-1]  23/02 14:44:26,655 WARNING [281472310130912] (messenger-libusb.cpp:42) control_transfer returned error, index: 768, error: Resource temporarily unavailable, number: 11
[realsense2_camera_node-1]  23/02 14:44:26,666 WARNING [281472310130912] (messenger-libusb.cpp:42) control_transfer returned error, index: 768, error: Resource temporarily unavailable, number: 11
[realsense2_camera_node-1]  23/02 14:44:26,677 WARNING [281472310130912] (messenger-libusb.cpp:42) control_transfer returned error, index: 768, error: Resource temporarily unavailable, number: 11
[realsense2_camera_node-1]  23/02 14:44:26,688 WARNING [281472310130912] (messenger-libusb.cpp:42) control_transfer returned error, index: 768, error: Resource temporarily unavailable, number: 11
[realsense2_camera_node-1]  23/02 14:44:26,700 WARNING [281472310130912] (messenger-libusb.cpp:42) control_transfer returned error, index: 768, error: Resource temporarily unavailable, number: 11
[realsense2_camera_node-1]  23/02 14:44:26,712 WARNING [281472310130912] (messenger-libusb.cpp:42) control_transfer returned error, index: 768, error: Resource temporarily unavailable, number: 11
[realsense2_camera_node-1]  23/02 14:44:26,724 WARNING [281472310130912] (messenger-libusb.cpp:42) control_transfer returned error, index: 768, error: Resource temporarily unavailable, number: 11
[realsense2_camera_node-1]  23/02 14:44:26,736 WARNING [281472310130912] (messenger-libusb.cpp:42) control_transfer returned error, index: 768, error: Resource temporarily unavailable, number: 11
[realsense2_camera_node-1]  23/02 14:44:26,748 WARNING [281472310130912] (messenger-libusb.cpp:42) control_transfer returned error, index: 768, error: Resource temporarily unavailable, number: 11
[realsense2_camera_node-1] [0m[INFO] [1771825466.763520874] [camera.camera]: Starting Sensor: RGB Camera[0m
[realsense2_camera_node-1] [0m[INFO] [1771825466.799382378] [camera.camera]: Open profile: stream_type: Color(0), Format: RGB8, Width: 640, Height: 480, FPS: 15[0m
[realsense2_camera_node-1]  23/02 14:44:26,839 WARNING [281472335493344] (ds-calib-parsers.cpp:36) IMU Calibration is not available, default intrinsic and extrinsic will be used.
[realsense2_camera_node-1] [0m[INFO] [1771825466.912000676] [camera.camera]: Starting Sensor: Motion Module[0m
[realsense2_camera_node-1] [0m[INFO] [1771825466.950919771] [camera.camera]: Open profile: stream_type: Accel(0)Format: MOTION_XYZ32F, FPS: 200[0m
[realsense2_camera_node-1] [0m[INFO] [1771825466.955021508] [camera.camera]: Open profile: stream_type: Gyro(0)Format: MOTION_XYZ32F, FPS: 200[0m
[realsense2_camera_node-1]  23/02 14:44:27,067 WARNING [281472310130912] (messenger-libusb.cpp:42) control_transfer returned error, index: 768, error: Resource temporarily unavailable, number: 11
[realsense2_camera_node-1] [0m[INFO] [1771825467.155591936] [camera.camera]: RealSense Node Is Up![0m
[realsense2_camera_node-1]  23/02 14:44:27,286 WARNING [281472310130912] (messenger-libusb.cpp:42) control_transfer returned error, index: 768, error: Resource temporarily unavailable, number: 11
[realsense2_camera_node-1]  23/02 14:44:27,297 WARNING [281472310130912] (messenger-libusb.cpp:42) control_transfer returned error, index: 768, error: Resource temporarily unavailable, number: 11
[realsense2_camera_node-1]  23/02 14:44:27,308 WARNING [281472310130912] (messenger-libusb.cpp:42) control_transfer returned error, index: 768, error: Resource temporarily unavailable, number: 11
[realsense2_camera_node-1]  23/02 14:44:27,319 WARNING [281472310130912] (messenger-libusb.cpp:42) control_transfer returned error, index: 768, error: Resource temporarily unavailable, number: 11
[realsense2_camera_node-1]  23/02 14:44:27,330 WARNING [281472310130912] (messenger-libusb.cpp:42) control_transfer returned error, index: 768, error: Resource temporarily unavailable, number: 11
[realsense2_camera_node-1]  23/02 14:44:27,341 WARNING [281472310130912] (messenger-libusb.cpp:42) control_transfer returned error, index: 768, error: Resource temporarily unavailable, number: 11
[realsense2_camera_node-1]  23/02 14:44:27,352 WARNING [281472310130912] (messenger-libusb.cpp:42) control_transfer returned error, index: 768, error: Resource temporarily unavailable, number: 11
[realsense2_camera_node-1]  23/02 14:44:27,363 WARNING [281472310130912] (messenger-libusb.cpp:42) control_transfer returned error, index: 768, error: Resource temporarily unavailable, number: 11
[realsense2_camera_node-1]  23/02 14:44:27,374 WARNING [281472310130912] (messenger-libusb.cpp:42) control_transfer returned error, index: 768, error: Resource temporarily unavailable, number: 11
[realsense2_camera_node-1]  23/02 14:44:27,385 WARNING [281472310130912] (messenger-libusb.cpp:42) control_transfer returned error, index: 768, error: Resource temporarily unavailable, number: 11
[realsense2_camera_node-1]  23/02 14:44:27,396 WARNING [281472310130912] (messenger-libusb.cpp:42) control_transfer returned error, index: 768, error: Resource temporarily unavailable, number: 11
[realsense2_camera_node-1]  23/02 14:44:27,407 WARNING [281472310130912] (messenger-libusb.cpp:42) control_transfer returned error, index: 768, error: Resource temporarily unavailable, number: 11
[realsense2_camera_node-1]  23/02 14:44:27,418 WARNING [281472310130912] (messenger-libusb.cpp:42) control_transfer returned error, index: 768, error: Resource temporarily unavailable, number: 11
[realsense2_camera_node-1]  23/02 14:44:27,429 WARNING [281472310130912] (messenger-libusb.cpp:42) control_transfer returned error, index: 768, error: Resource temporarily unavailable, number: 11
[realsense2_camera_node-1]  23/02 14:44:27,440 WARNING [281472310130912] (messenger-libusb.cpp:42) control_transfer returned error, index: 768, error: Resource temporarily unavailable, number: 11
[realsense2_camera_node-1]  23/02 14:44:27,451 WARNING [281472310130912] (messenger-libusb.cpp:42) control_transfer returned error, index: 768, error: Resource temporarily unavailable, number: 11
[realsense2_camera_node-1]  23/02 14:44:27,462 WARNING [281472310130912] (messenger-libusb.cpp:42) control_transfer returned error, index: 768, error: Resource temporarily unavailable, number: 11
[realsense2_camera_node-1]  23/02 14:44:27,473 WARNING [281472310130912] (messenger-libusb.cpp:42) control_transfer returned error, index: 768, error: Resource temporarily unavailable, number: 11
[realsense2_camera_node-1]  23/02 14:44:27,484 WARNING [281472310130912] (messenger-libusb.cpp:42) control_transfer returned error, index: 768, error: Resource temporarily unavailable, number: 11
[realsense2_camera_node-1]  23/02 14:44:27,496 WARNING [281472310130912] (messenger-libusb.cpp:42) control_transfer returned error, index: 768, error: Resource temporarily unavailable, number: 11
[realsense2_camera_node-1]  23/02 14:44:51,457 ERROR [281471545080032] (uvc-streamer.cpp:105) uvc streamer watchdog triggered on endpoint: 132
[realsense2_camera_node-1]  23/02 14:44:52,475 WARNING [281472310130912] (messenger-libusb.cpp:42) control_transfer returned error, index: 768, error: Resource temporarily unavailable, number: 11
[realsense2_camera_node-1]  23/02 14:44:52,494 WARNING [281472310130912] (messenger-libusb.cpp:42) control_transfer returned error, index: 768, error: Resource temporarily unavailable, number: 11
[realsense2_camera_node-1]  23/02 14:44:52,506 WARNING [281472310130912] (messenger-libusb.cpp:42) control_transfer returned error, index: 768, error: Resource temporarily unavailable, number: 11
[realsense2_camera_node-1]  23/02 14:44:52,519 WARNING [281472310130912] (messenger-libusb.cpp:42) control_transfer returned error, index: 768, error: Resource temporarily unavailable, number: 11
[realsense2_camera_node-1]  23/02 14:44:52,530 WARNING [281472310130912] (messenger-libusb.cpp:42) control_transfer returned error, index: 768, error: Resource temporarily unavailable, number: 11
[realsense2_camera_node-1]  23/02 14:44:52,541 WARNING [281472310130912] (messenger-libusb.cpp:42) control_transfer returned error, index: 768, error: Resource temporarily unavailable, number: 11
[realsense2_camera_node-1]  23/02 14:44:52,554 WARNING [281472310130912] (messenger-libusb.cpp:42) control_transfer returned error, index: 768, error: Resource temporarily unavailable, number: 11
[realsense2_camera_node-1]  23/02 14:45:04,117 ERROR [281471545080032] (uvc-streamer.cpp:105) uvc streamer watchdog triggered on endpoint: 132
[realsense2_camera_node-1]  23/02 14:45:30,661 WARNING [281472310130912] (messenger-libusb.cpp:42) control_transfer returned error, index: 768, error: Resource temporarily unavailable, number: 11
[realsense2_camera_node-1]  23/02 14:45:30,674 WARNING [281472310130912] (messenger-libusb.cpp:42) control_transfer returned error, index: 768, error: Resource temporarily unavailable, number: 11
[realsense2_camera_node-1]  23/02 14:45:56,757 ERROR [281471545080032] (uvc-streamer.cpp:105) uvc streamer watchdog triggered on endpoint: 132
[realsense2_camera_node-1]  23/02 14:45:57,754 WARNING [281472310130912] (messenger-libusb.cpp:42) control_transfer returned error, index: 768, error: Resource temporarily unavailable, number: 11
[realsense2_camera_node-1]  23/02 14:45:57,767 WARNING [281472310130912] (messenger-libusb.cpp:42) control_transfer returned error, index: 768, error: Resource temporarily unavailable, number: 11
[realsense2_camera_node-1]  23/02 14:45:57,780 WARNING [281472310130912] (messenger-libusb.cpp:42) control_transfer returned error, index: 768, error: Resource temporarily unavailable, number: 11
[realsense2_camera_node-1]  23/02 14:45:57,793 WARNING [281472310130912] (messenger-libusb.cpp:42) control_transfer returned error, index: 768, error: Resource temporarily unavailable, number: 11
[realsense2_camera_node-1]  23/02 14:45:57,806 WARNING [281472310130912] (messenger-libusb.cpp:42) control_transfer returned error, index: 768, error: Resource temporarily unavailable, number: 11
[realsense2_camera_node-1]  23/02 14:45:57,819 WARNING [281472310130912] (messenger-libusb.cpp:42) control_transfer returned error, index: 768, error: Resource temporarily unavailable, number: 11
[realsense2_camera_node-1]  23/02 14:45:57,832 WARNING [281472310130912] (messenger-libusb.cpp:42) control_transfer returned error, index: 768, error: Resource temporarily unavailable, number: 11
[realsense2_camera_node-1]  23/02 14:45:57,844 WARNING [281472310130912] (messenger-libusb.cpp:42) control_transfer returned error, index: 768, error: Resource temporarily unavailable, number: 11
[realsense2_camera_node-1]  23/02 14:46:19,407 ERROR [281471545080032] (uvc-streamer.cpp:105) uvc streamer watchdog triggered on endpoint: 132
[realsense2_camera_node-1] [33m[WARN] [1771825579.632157398] [camera.camera]: XXX Hardware Notification:Right MIPI error,1.77183e+12,Error,Hardware Error[0m
[realsense2_camera_node-1] [33m[WARN] [1771825579.632329177] [camera.camera]: Hardware Notification:Right MIPI error,1.77183e+12,Error,Hardware Error[0m
[realsense2_camera_node-1]  23/02 14:46:19,916 WARNING [281472310130912] (messenger-libusb.cpp:42) control_transfer returned error, index: 768, error: Resource temporarily unavailable, number: 11
[realsense2_camera_node-1]  23/02 14:46:19,929 WARNING [281472310130912] (messenger-libusb.cpp:42) control_transfer returned error, index: 768, error: Resource temporarily unavailable, number: 11
[realsense2_camera_node-1]  23/02 14:46:19,940 WARNING [281472310130912] (messenger-libusb.cpp:42) control_transfer returned error, index: 768, error: Resource temporarily unavailable, number: 11
[realsense2_camera_node-1]  23/02 14:46:19,952 WARNING [281472310130912] (messenger-libusb.cpp:42) control_transfer returned error, index: 768, error: Resource temporarily unavailable, number: 11
[realsense2_camera_node-1]  23/02 14:46:19,964 WARNING [281472310130912] (messenger-libusb.cpp:42) control_transfer returned error, index: 768, error: Resource temporarily unavailable, number: 11
[realsense2_camera_node-1]  23/02 14:46:38,063 ERROR [281471545080032] (uvc-streamer.cpp:105) uvc streamer watchdog triggered on endpoint: 132
[realsense2_camera_node-1]  23/02 14:46:39,029 WARNING [281472310130912] (messenger-libusb.cpp:42) control_transfer returned error, index: 768, error: Resource temporarily unavailable, number: 11
[realsense2_camera_node-1]  23/02 14:46:39,043 WARNING [281472310130912] (messenger-libusb.cpp:42) control_transfer returned error, index: 768, error: Resource temporarily unavailable, number: 11
[realsense2_camera_node-1]  23/02 14:46:39,056 WARNING [281472310130912] (messenger-libusb.cpp:42) control_transfer returned error, index: 768, error: Resource temporarily unavailable, number: 11
[realsense2_camera_node-1]  23/02 14:46:39,068 WARNING [281472310130912] (messenger-libusb.cpp:42) control_transfer returned error, index: 768, error: Resource temporarily unavailable, number: 11
[realsense2_camera_node-1]  23/02 14:46:39,083 WARNING [281472310130912] (messenger-libusb.cpp:42) control_transfer returned error, index: 768, error: Resource temporarily unavailable, number: 11
[realsense2_camera_node-1]  23/02 14:46:39,097 WARNING [281472310130912] (messenger-libusb.cpp:42) control_transfer returned error, index: 768, error: Resource temporarily unavailable, number: 11
[realsense2_camera_node-1]  23/02 14:46:39,111 WARNING [281472310130912] (messenger-libusb.cpp:42) control_transfer returned error, index: 768, error: Resource temporarily unavailable, number: 11
[realsense2_camera_node-1]  23/02 14:46:39,123 WARNING [281472310130912] (messenger-libusb.cpp:42) control_transfer returned error, index: 768, error: Resource temporarily unavailable, number: 11
[realsense2_camera_node-1]  23/02 14:46:39,135 WARNING [281472310130912] (messenger-libusb.cpp:42) control_transfer returned error, index: 768, error: Resource temporarily unavailable, number: 11
[realsense2_camera_node-1]  23/02 14:46:39,149 WARNING [281472310130912] (messenger-libusb.cpp:42) control_transfer returned error, index: 768, error: Resource temporarily unavailable, number: 11
[realsense2_camera_node-1]  23/02 14:46:39,167 WARNING [281472310130912] (messenger-libusb.cpp:42) control_transfer returned error, index: 768, error: Resource temporarily unavailable, number: 11
[realsense2_camera_node-1]  23/02 14:46:39,180 WARNING [281472310130912] (messenger-libusb.cpp:42) control_transfer returned error, index: 768, error: Resource temporarily unavailable, number: 11
[realsense2_camera_node-1]  23/02 14:46:54,724 ERROR [281471545080032] (uvc-streamer.cpp:105) uvc streamer watchdog triggered on endpoint: 132
[realsense2_camera_node-1]  23/02 14:47:03,256 WARNING [281472310130912] (messenger-libusb.cpp:42) control_transfer returned error, index: 768, error: Resource temporarily unavailable, number: 11
[realsense2_camera_node-1]  23/02 14:47:03,267 WARNING [281472310130912] (messenger-libusb.cpp:42) control_transfer returned error, index: 768, error: Resource temporarily unavailable, number: 11
[realsense2_camera_node-1]  23/02 14:47:03,278 WARNING [281472310130912] (messenger-libusb.cpp:42) control_transfer returned error, index: 768, error: Resource temporarily unavailable, number: 11
[realsense2_camera_node-1]  23/02 14:47:03,289 WARNING [281472310130912] (messenger-libusb.cpp:42) control_transfer returned error, index: 768, error: Resource temporarily unavailable, number: 11
[realsense2_camera_node-1]  23/02 14:47:03,301 WARNING [281472310130912] (messenger-libusb.cpp:42) control_transfer returned error, index: 768, error: Resource temporarily unavailable, number: 11
[realsense2_camera_node-1]  23/02 14:47:04,718 ERROR [281471545080032] (uvc-streamer.cpp:105) uvc streamer watchdog triggered on endpoint: 132
[realsense2_camera_node-1]  23/02 14:47:22,359 WARNING [281472310130912] (messenger-libusb.cpp:42) control_transfer returned error, index: 768, error: Resource temporarily unavailable, number: 11
[realsense2_camera_node-1]  23/02 14:47:22,372 WARNING [281472310130912] (messenger-libusb.cpp:42) control_transfer returned error, index: 768, error: Resource temporarily unavailable, number: 11
[realsense2_camera_node-1]  23/02 14:47:22,384 WARNING [281472310130912] (messenger-libusb.cpp:42) control_transfer returned error, index: 768, error: Resource temporarily unavailable, number: 11
[realsense2_camera_node-1]  23/02 14:47:22,395 WARNING [281472310130912] (messenger-libusb.cpp:42) control_transfer returned error, index: 768, error: Resource temporarily unavailable, number: 11
[realsense2_camera_node-1]  23/02 14:47:22,407 WARNING [281472310130912] (messenger-libusb.cpp:42) control_transfer returned error, index: 768, error: Resource temporarily unavailable, number: 11
[realsense2_camera_node-1]  23/02 14:47:22,418 WARNING [281472310130912] (messenger-libusb.cpp:42) control_transfer returned error, index: 768, error: Resource temporarily unavailable, number: 11
[realsense2_camera_node-1]  23/02 14:47:22,430 WARNING [281472310130912] (messenger-libusb.cpp:42) control_transfer returned error, index: 768, error: Resource temporarily unavailable, number: 11
[realsense2_camera_node-1]  23/02 14:47:26,052 ERROR [281471545080032] (uvc-streamer.cpp:105) uvc streamer watchdog triggered on endpoint: 132
[realsense2_camera_node-1]  23/02 14:47:26,455 WARNING [281472310130912] (messenger-libusb.cpp:42) control_transfer returned error, index: 768, error: Resource temporarily unavailable, number: 11
[realsense2_camera_node-1]  23/02 14:47:26,469 WARNING [281472310130912] (messenger-libusb.cpp:42) control_transfer returned error, index: 768, error: Resource temporarily unavailable, number: 11
[realsense2_camera_node-1]  23/02 14:47:26,480 WARNING [281472310130912] (messenger-libusb.cpp:42) control_transfer returned error, index: 768, error: Resource temporarily unavailable, number: 11
[realsense2_camera_node-1]  23/02 14:47:26,491 WARNING [281472310130912] (messenger-libusb.cpp:42) control_transfer returned error, index: 768, error: Resource temporarily unavailable, number: 11
[realsense2_camera_node-1]  23/02 14:47:26,505 WARNING [281472310130912] (messenger-libusb.cpp:42) control_transfer returned error, index: 768, error: Resource temporarily unavailable, number: 11
[realsense2_camera_node-1]  23/02 14:47:26,518 WARNING [281472310130912] (messenger-libusb.cpp:42) control_transfer returned error, index: 768, error: Resource temporarily unavailable, number: 11
[realsense2_camera_node-1]  23/02 14:47:26,530 WARNING [281472310130912] (messenger-libusb.cpp:42) control_transfer returned error, index: 768, error: Resource temporarily unavailable, number: 11
[realsense2_camera_node-1]  23/02 14:47:26,540 WARNING [281472310130912] (messenger-libusb.cpp:42) control_transfer returned error, index: 768, error: Resource temporarily unavailable, number: 11
[realsense2_camera_node-1]  23/02 14:47:26,556 WARNING [281472310130912] (messenger-libusb.cpp:42) control_transfer returned error, index: 768, error: Resource temporarily unavailable, number: 11
[realsense2_camera_node-1]  23/02 14:47:26,577 WARNING [281472310130912] (messenger-libusb.cpp:42) control_transfer returned error, index: 768, error: Resource temporarily unavailable, number: 11
[realsense2_camera_node-1]  23/02 14:47:26,590 WARNING [281472310130912] (messenger-libusb.cpp:42) control_transfer returned error, index: 768, error: Resource temporarily unavailable, number: 11
[realsense2_camera_node-1]  23/02 14:47:26,602 WARNING [281472310130912] (messenger-libusb.cpp:42) control_transfer returned error, index: 768, error: Resource temporarily unavailable, number: 11
[realsense2_camera_node-1]  23/02 14:48:08,050 ERROR [281471545080032] (uvc-streamer.cpp:105) uvc streamer watchdog triggered on endpoint: 132
[realsense2_camera_node-1]  23/02 14:48:11,716 WARNING [281472310130912] (messenger-libusb.cpp:42) control_transfer returned error, index: 768, error: Resource temporarily unavailable, number: 11
[realsense2_camera_node-1]  23/02 14:48:11,726 WARNING [281472310130912] (messenger-libusb.cpp:42) control_transfer returned error, index: 768, error: Resource temporarily unavailable, number: 11
[realsense2_camera_node-1]  23/02 14:48:11,740 WARNING [281472310130912] (messenger-libusb.cpp:42) control_transfer returned error, index: 768, error: Resource temporarily unavailable, number: 11
[realsense2_camera_node-1]  23/02 14:48:11,752 WARNING [281472310130912] (messenger-libusb.cpp:42) control_transfer returned error, index: 768, error: Resource temporarily unavailable, number: 11
[realsense2_camera_node-1]  23/02 14:48:11,763 WARNING [281472310130912] (messenger-libusb.cpp:42) control_transfer returned error, index: 768, error: Resource temporarily unavailable, number: 11
[realsense2_camera_node-1]  23/02 14:48:38,030 ERROR [281471545080032] (uvc-streamer.cpp:105) uvc streamer watchdog triggered on endpoint: 132
[realsense2_camera_node-1]  23/02 14:48:38,843 WARNING [281472310130912] (messenger-libusb.cpp:42) control_transfer returned error, index: 768, error: Resource temporarily unavailable, number: 11
[realsense2_camera_node-1]  23/02 14:48:38,855 WARNING [281472310130912] (messenger-libusb.cpp:42) control_transfer returned error, index: 768, error: Resource temporarily unavailable, number: 11
[realsense2_camera_node-1]  23/02 14:48:38,866 WARNING [281472310130912] (messenger-libusb.cpp:42) control_transfer returned error, index: 768, error: Resource temporarily unavailable, number: 11
[realsense2_camera_node-1]  23/02 14:48:38,879 WARNING [281472310130912] (messenger-libusb.cpp:42) control_transfer returned error, index: 768, error: Resource temporarily unavailable, number: 11
[realsense2_camera_node-1]  23/02 14:48:38,891 WARNING [281472310130912] (messenger-libusb.cpp:42) control_transfer returned error, index: 768, error: Resource temporarily unavailable, number: 11
[realsense2_camera_node-1]  23/02 14:48:38,907 WARNING [281472310130912] (messenger-libusb.cpp:42) control_transfer returned error, index: 768, error: Resource temporarily unavailable, number: 11
[realsense2_camera_node-1]  23/02 14:48:38,921 WARNING [281472310130912] (messenger-libusb.cpp:42) control_transfer returned error, index: 768, error: Resource temporarily unavailable, number: 11
[realsense2_camera_node-1]  23/02 14:48:38,933 WARNING [281472310130912] (messenger-libusb.cpp:42) control_transfer returned error, index: 768, error: Resource temporarily unavailable, number: 11
[realsense2_camera_node-1]  23/02 14:48:38,944 WARNING [281472310130912] (messenger-libusb.cpp:42) control_transfer returned error, index: 768, error: Resource temporarily unavailable, number: 11
[realsense2_camera_node-1]  23/02 14:48:38,955 WARNING [281472310130912] (messenger-libusb.cpp:42) control_transfer returned error, index: 768, error: Resource temporarily unavailable, number: 11
[realsense2_camera_node-1]  23/02 14:48:38,966 WARNING [281472310130912] (messenger-libusb.cpp:42) control_transfer returned error, index: 768, error: Resource temporarily unavailable, number: 11
[realsense2_camera_node-1]  23/02 14:48:38,982 WARNING [281472310130912] (messenger-libusb.cpp:42) control_transfer returned error, index: 768, error: Resource temporarily unavailable, number: 11
[realsense2_camera_node-1]  23/02 14:48:38,995 WARNING [281472310130912] (messenger-libusb.cpp:42) control_transfer returned error, index: 768, error: Resource temporarily unavailable, number: 11
[realsense2_camera_node-1]  23/02 14:48:39,007 WARNING [281472310130912] (messenger-libusb.cpp:42) control_transfer returned error, index: 768, error: Resource temporarily unavailable, number: 11
[realsense2_camera_node-1]  23/02 14:48:39,018 WARNING [281472310130912] (messenger-libusb.cpp:42) control_transfer returned error, index: 768, error: Resource temporarily unavailable, number: 11
[realsense2_camera_node-1]  23/02 14:48:39,030 WARNING [281472310130912] (messenger-libusb.cpp:42) control_transfer returned error, index: 768, error: Resource temporarily unavailable, number: 11
[realsense2_camera_node-1]  23/02 14:48:39,041 WARNING [281472310130912] (messenger-libusb.cpp:42) control_transfer returned error, index: 768, error: Resource temporarily unavailable, number: 11
[realsense2_camera_node-1]  23/02 14:48:39,052 WARNING [281472310130912] (messenger-libusb.cpp:42) control_transfer returned error, index: 768, error: Resource temporarily unavailable, number: 11
[realsense2_camera_node-1]  23/02 14:48:39,063 WARNING [281472310130912] (messenger-libusb.cpp:42) control_transfer returned error, index: 768, error: Resource temporarily unavailable, number: 11
[realsense2_camera_node-1]  23/02 14:48:39,074 WARNING [281472310130912] (messenger-libusb.cpp:42) control_transfer returned error, index: 768, error: Resource temporarily unavailable, number: 11
[realsense2_camera_node-1]  23/02 14:48:50,110 WARNING [281472310130912] (messenger-libusb.cpp:42) control_transfer returned error, index: 768, error: Resource temporarily unavailable, number: 11
[realsense2_camera_node-1]  23/02 14:48:50,131 WARNING [281472310130912] (messenger-libusb.cpp:42) control_transfer returned error, index: 768, error: Resource temporarily unavailable, number: 11
[realsense2_camera_node-1]  23/02 14:48:50,144 WARNING [281472310130912] (messenger-libusb.cpp:42) control_transfer returned error, index: 768, error: Resource temporarily unavailable, number: 11
[realsense2_camera_node-1]  23/02 14:48:50,157 WARNING [281472310130912] (messenger-libusb.cpp:42) control_transfer returned error, index: 768, error: Resource temporarily unavailable, number: 11
[realsense2_camera_node-1]  23/02 14:48:50,169 WARNING [281472310130912] (messenger-libusb.cpp:42) control_transfer returned error, index: 768, error: Resource temporarily unavailable, number: 11
[realsense2_camera_node-1]  23/02 14:48:50,184 WARNING [281472310130912] (messenger-libusb.cpp:42) control_transfer returned error, index: 768, error: Resource temporarily unavailable, number: 11
[realsense2_camera_node-1]  23/02 14:49:06,684 ERROR [281471545080032] (uvc-streamer.cpp:105) uvc streamer watchdog triggered on endpoint: 132
[realsense2_camera_node-1]  23/02 14:50:01,322 ERROR [281471545080032] (uvc-streamer.cpp:105) uvc streamer watchdog triggered on endpoint: 132
[realsense2_camera_node-1] [33m[WARN] [1771825801.984211660] [camera.camera]: XXX Hardware Notification:Right MIPI error,1.77183e+12,Error,Hardware Error[0m
[realsense2_camera_node-1] [33m[WARN] [1771825801.986085293] [camera.camera]: Hardware Notification:Right MIPI error,1.77183e+12,Error,Hardware Error[0m
[realsense2_camera_node-1]  23/02 14:50:02,390 WARNING [281472310130912] (messenger-libusb.cpp:42) control_transfer returned error, index: 768, error: Resource temporarily unavailable, number: 11
[realsense2_camera_node-1]  23/02 14:50:02,403 WARNING [281472310130912] (messenger-libusb.cpp:42) control_transfer returned error, index: 768, error: Resource temporarily unavailable, number: 11
[realsense2_camera_node-1]  23/02 14:50:02,422 WARNING [281472310130912] (messenger-libusb.cpp:42) control_transfer returned error, index: 768, error: Resource temporarily unavailable, number: 11
[realsense2_camera_node-1]  23/02 14:50:02,433 WARNING [281472310130912] (messenger-libusb.cpp:42) control_transfer returned error, index: 768, error: Resource temporarily unavailable, number: 11
[realsense2_camera_node-1]  23/02 14:50:02,444 WARNING [281472310130912] (messenger-libusb.cpp:42) control_transfer returned error, index: 768, error: Resource temporarily unavailable, number: 11
[realsense2_camera_node-1]  23/02 14:50:02,455 WARNING [281472310130912] (messenger-libusb.cpp:42) control_transfer returned error, index: 768, error: Resource temporarily unavailable, number: 11
[realsense2_camera_node-1]  23/02 14:50:02,466 WARNING [281472310130912] (messenger-libusb.cpp:42) control_transfer returned error, index: 768, error: Resource temporarily unavailable, number: 11
[realsense2_camera_node-1]  23/02 14:50:02,477 WARNING [281472310130912] (messenger-libusb.cpp:42) control_transfer returned error, index: 768, error: Resource temporarily unavailable, number: 11
[realsense2_camera_node-1]  23/02 14:50:02,488 WARNING [281472310130912] (messenger-libusb.cpp:42) control_transfer returned error, index: 768, error: Resource temporarily unavailable, number: 11
[realsense2_camera_node-1]  23/02 14:50:02,500 WARNING [281472310130912] (messenger-libusb.cpp:42) control_transfer returned error, index: 768, error: Resource temporarily unavailable, number: 11
[realsense2_camera_node-1]  23/02 14:50:02,511 WARNING [281472310130912] (messenger-libusb.cpp:42) control_transfer returned error, index: 768, error: Resource temporarily unavailable, number: 11
[realsense2_camera_node-1]  23/02 14:50:02,521 WARNING [281472310130912] (messenger-libusb.cpp:42) control_transfer returned error, index: 768, error: Resource temporarily unavailable, number: 11
[realsense2_camera_node-1]  23/02 14:50:02,533 WARNING [281472310130912] (messenger-libusb.cpp:42) control_transfer returned error, index: 768, error: Resource temporarily unavailable, number: 11
[realsense2_camera_node-1]  23/02 14:50:02,544 WARNING [281472310130912] (messenger-libusb.cpp:42) control_transfer returned error, index: 768, error: Resource temporarily unavailable, number: 11
[realsense2_camera_node-1]  23/02 14:50:02,555 WARNING [281472310130912] (messenger-libusb.cpp:42) control_transfer returned error, index: 768, error: Resource temporarily unavailable, number: 11
[realsense2_camera_node-1]  23/02 14:50:08,592 WARNING [281472310130912] (messenger-libusb.cpp:42) control_transfer returned error, index: 768, error: Resource temporarily unavailable, number: 11
[realsense2_camera_node-1]  23/02 14:50:11,101 ERROR [281471998552288] (ds-options.cpp:93) Asic Temperature value is not valid!
[realsense2_camera_node-1]  23/02 14:50:13,981 ERROR [281471545080032] (uvc-streamer.cpp:105) uvc streamer watchdog triggered on endpoint: 132
[realsense2_camera_node-1]  23/02 14:50:23,972 ERROR [281471545080032] (uvc-streamer.cpp:105) uvc streamer watchdog triggered on endpoint: 132
[realsense2_camera_node-1]  23/02 14:50:24,665 WARNING [281472310130912] (messenger-libusb.cpp:42) control_transfer returned error, index: 768, error: Resource temporarily unavailable, number: 11
[realsense2_camera_node-1]  23/02 14:50:24,679 WARNING [281472310130912] (messenger-libusb.cpp:42) control_transfer returned error, index: 768, error: Resource temporarily unavailable, number: 11
[realsense2_camera_node-1]  23/02 14:50:24,691 WARNING [281472310130912] (messenger-libusb.cpp:42) control_transfer returned error, index: 768, error: Resource temporarily unavailable, number: 11
[realsense2_camera_node-1]  23/02 14:50:24,703 WARNING [281472310130912] (messenger-libusb.cpp:42) control_transfer returned error, index: 768, error: Resource temporarily unavailable, number: 11
[realsense2_camera_node-1]  23/02 14:50:40,625 ERROR [281471545080032] (uvc-streamer.cpp:105) uvc streamer watchdog triggered on endpoint: 132
[realsense2_camera_node-1]  23/02 14:50:41,764 WARNING [281472310130912] (messenger-libusb.cpp:42) control_transfer returned error, index: 768, error: Resource temporarily unavailable, number: 11
[realsense2_camera_node-1]  23/02 14:50:46,621 ERROR [281471545080032] (uvc-streamer.cpp:105) uvc streamer watchdog triggered on endpoint: 132
[realsense2_camera_node-1]  23/02 14:50:46,791 WARNING [281472310130912] (messenger-libusb.cpp:42) control_transfer returned error, index: 768, error: Resource temporarily unavailable, number: 11
[realsense2_camera_node-1]  23/02 14:50:46,805 WARNING [281472310130912] (messenger-libusb.cpp:42) control_transfer returned error, index: 768, error: Resource temporarily unavailable, number: 11
[realsense2_camera_node-1]  23/02 14:50:46,818 WARNING [281472310130912] (messenger-libusb.cpp:42) control_transfer returned error, index: 768, error: Resource temporarily unavailable, number: 11
[realsense2_camera_node-1]  23/02 14:50:46,829 WARNING [281472310130912] (messenger-libusb.cpp:42) control_transfer returned error, index: 768, error: Resource temporarily unavailable, number: 11
[realsense2_camera_node-1]  23/02 14:50:46,840 WARNING [281472310130912] (messenger-libusb.cpp:42) control_transfer returned error, index: 768, error: Resource temporarily unavailable, number: 11
[realsense2_camera_node-1]  23/02 14:50:46,852 WARNING [281472310130912] (messenger-libusb.cpp:42) control_transfer returned error, index: 768, error: Resource temporarily unavailable, number: 11
[realsense2_camera_node-1]  23/02 14:50:46,862 WARNING [281472310130912] (messenger-libusb.cpp:42) control_transfer returned error, index: 768, error: Resource temporarily unavailable, number: 11
[realsense2_camera_node-1]  23/02 14:50:46,874 WARNING [281472310130912] (messenger-libusb.cpp:42) control_transfer returned error, index: 768, error: Resource temporarily unavailable, number: 11
[realsense2_camera_node-1]  23/02 14:50:46,886 WARNING [281472310130912] (messenger-libusb.cpp:42) control_transfer returned error, index: 768, error: Resource temporarily unavailable, number: 11
[realsense2_camera_node-1]  23/02 14:50:46,897 WARNING [281472310130912] (messenger-libusb.cpp:42) control_transfer returned error, index: 768, error: Resource temporarily unavailable, number: 11
[realsense2_camera_node-1]  23/02 14:50:46,908 WARNING [281472310130912] (messenger-libusb.cpp:42) control_transfer returned error, index: 768, error: Resource temporarily unavailable, number: 11
[realsense2_camera_node-1]  23/02 14:50:46,920 WARNING [281472310130912] (messenger-libusb.cpp:42) control_transfer returned error, index: 768, error: Resource temporarily unavailable, number: 11
[realsense2_camera_node-1]  23/02 14:50:46,931 WARNING [281472310130912] (messenger-libusb.cpp:42) control_transfer returned error, index: 768, error: Resource temporarily unavailable, number: 11
[realsense2_camera_node-1]  23/02 14:50:46,943 WARNING [281472310130912] (messenger-libusb.cpp:42) control_transfer returned error, index: 768, error: Resource temporarily unavailable, number: 11
[realsense2_camera_node-1]  23/02 14:50:46,954 WARNING [281472310130912] (messenger-libusb.cpp:42) control_transfer returned error, index: 768, error: Resource temporarily unavailable, number: 11
[realsense2_camera_node-1]  23/02 14:50:46,966 WARNING [281472310130912] (messenger-libusb.cpp:42) control_transfer returned error, index: 768, error: Resource temporarily unavailable, number: 11
[realsense2_camera_node-1]  23/02 14:50:46,976 WARNING [281472310130912] (messenger-libusb.cpp:42) control_transfer returned error, index: 768, error: Resource temporarily unavailable, number: 11
[realsense2_camera_node-1]  23/02 14:50:46,988 WARNING [281472310130912] (messenger-libusb.cpp:42) control_transfer returned error, index: 768, error: Resource temporarily unavailable, number: 11
[realsense2_camera_node-1]  23/02 14:50:46,999 WARNING [281472310130912] (messenger-libusb.cpp:42) control_transfer returned error, index: 768, error: Resource temporarily unavailable, number: 11
[realsense2_camera_node-1]  23/02 14:50:47,010 WARNING [281472310130912] (messenger-libusb.cpp:42) control_transfer returned error, index: 768, error: Resource temporarily unavailable, number: 11
[realsense2_camera_node-1]  23/02 14:50:47,022 WARNING [281472310130912] (messenger-libusb.cpp:42) control_transfer returned error, index: 768, error: Resource temporarily unavailable, number: 11
[realsense2_camera_node-1]  23/02 14:50:53,950 ERROR [281471545080032] (uvc-streamer.cpp:105) uvc streamer watchdog triggered on endpoint: 132
[realsense2_camera_node-1]  23/02 14:50:55,048 WARNING [281472310130912] (messenger-libusb.cpp:42) control_transfer returned error, index: 768, error: Resource temporarily unavailable, number: 11
[realsense2_camera_node-1]  23/02 14:50:59,279 ERROR [281471545080032] (uvc-streamer.cpp:105) uvc streamer watchdog triggered on endpoint: 132
[realsense2_camera_node-1]  23/02 14:51:02,610 ERROR [281471545080032] (uvc-streamer.cpp:105) uvc streamer watchdog triggered on endpoint: 132
[realsense2_camera_node-1]  23/02 14:51:53,250 ERROR [281471545080032] (uvc-streamer.cpp:105) uvc streamer watchdog triggered on endpoint: 132
[realsense2_camera_node-1]  23/02 14:51:54,204 WARNING [281472310130912] (messenger-libusb.cpp:42) control_transfer returned error, index: 768, error: Resource temporarily unavailable, number: 11
[realsense2_camera_node-1]  23/02 14:51:54,218 WARNING [281472310130912] (messenger-libusb.cpp:42) control_transfer returned error, index: 768, error: Resource temporarily unavailable, number: 11
[realsense2_camera_node-1]  23/02 14:51:54,231 WARNING [281472310130912] (messenger-libusb.cpp:42) control_transfer returned error, index: 768, error: Resource temporarily unavailable, number: 11
[realsense2_camera_node-1]  23/02 14:51:54,244 WARNING [281472310130912] (messenger-libusb.cpp:42) control_transfer returned error, index: 768, error: Resource temporarily unavailable, number: 11
[realsense2_camera_node-1]  23/02 14:51:54,257 WARNING [281472310130912] (messenger-libusb.cpp:42) control_transfer returned error, index: 768, error: Resource temporarily unavailable, number: 11
[realsense2_camera_node-1]  23/02 14:51:54,271 WARNING [281472310130912] (messenger-libusb.cpp:42) control_transfer returned error, index: 768, error: Resource temporarily unavailable, number: 11
[realsense2_camera_node-1]  23/02 14:51:54,285 WARNING [281472310130912] (messenger-libusb.cpp:42) control_transfer returned error, index: 768, error: Resource temporarily unavailable, number: 11
[realsense2_camera_node-1]  23/02 14:51:54,299 WARNING [281472310130912] (messenger-libusb.cpp:42) control_transfer returned error, index: 768, error: Resource temporarily unavailable, number: 11
[realsense2_camera_node-1]  23/02 14:51:54,312 WARNING [281472310130912] (messenger-libusb.cpp:42) control_transfer returned error, index: 768, error: Resource temporarily unavailable, number: 11
[realsense2_camera_node-1]  23/02 14:51:54,323 WARNING [281472310130912] (messenger-libusb.cpp:42) control_transfer returned error, index: 768, error: Resource temporarily unavailable, number: 11
[realsense2_camera_node-1]  23/02 14:51:54,336 WARNING [281472310130912] (messenger-libusb.cpp:42) control_transfer returned error, index: 768, error: Resource temporarily unavailable, number: 11
[realsense2_camera_node-1]  23/02 14:51:54,347 WARNING [281472310130912] (messenger-libusb.cpp:42) control_transfer returned error, index: 768, error: Resource temporarily unavailable, number: 11
[realsense2_camera_node-1]  23/02 14:51:54,365 WARNING [281472310130912] (messenger-libusb.cpp:42) control_transfer returned error, index: 768, error: Resource temporarily unavailable, number: 11
[realsense2_camera_node-1]  23/02 14:52:17,237 ERROR [281471545080032] (uvc-streamer.cpp:105) uvc streamer watchdog triggered on endpoint: 132
[realsense2_camera_node-1]  23/02 14:52:17,432 WARNING [281472310130912] (messenger-libusb.cpp:42) control_transfer returned error, index: 768, error: Resource temporarily unavailable, number: 11
[realsense2_camera_node-1]  23/02 14:52:17,444 WARNING [281472310130912] (messenger-libusb.cpp:42) control_transfer returned error, index: 768, error: Resource temporarily unavailable, number: 11
[realsense2_camera_node-1]  23/02 14:52:17,456 WARNING [281472310130912] (messenger-libusb.cpp:42) control_transfer returned error, index: 768, error: Resource temporarily unavailable, number: 11
[realsense2_camera_node-1]  23/02 14:52:17,467 WARNING [281472310130912] (messenger-libusb.cpp:42) control_transfer returned error, index: 768, error: Resource temporarily unavailable, number: 11
[realsense2_camera_node-1]  23/02 14:52:17,480 WARNING [281472310130912] (messenger-libusb.cpp:42) control_transfer returned error, index: 768, error: Resource temporarily unavailable, number: 11
[realsense2_camera_node-1]  23/02 14:52:17,491 WARNING [281472310130912] (messenger-libusb.cpp:42) control_transfer returned error, index: 768, error: Resource temporarily unavailable, number: 11
[realsense2_camera_node-1]  23/02 14:52:17,501 WARNING [281472310130912] (messenger-libusb.cpp:42) control_transfer returned error, index: 768, error: Resource temporarily unavailable, number: 11
[realsense2_camera_node-1]  23/02 14:52:17,512 WARNING [281472310130912] (messenger-libusb.cpp:42) control_transfer returned error, index: 768, error: Resource temporarily unavailable, number: 11
[realsense2_camera_node-1]  23/02 14:52:17,524 WARNING [281472310130912] (messenger-libusb.cpp:42) control_transfer returned error, index: 768, error: Resource temporarily unavailable, number: 11
[realsense2_camera_node-1]  23/02 14:52:17,535 WARNING [281472310130912] (messenger-libusb.cpp:42) control_transfer returned error, index: 768, error: Resource temporarily unavailable, number: 11
[realsense2_camera_node-1]  23/02 14:52:17,546 WARNING [281472310130912] (messenger-libusb.cpp:42) control_transfer returned error, index: 768, error: Resource temporarily unavailable, number: 11
[realsense2_camera_node-1]  23/02 14:52:17,557 WARNING [281472310130912] (messenger-libusb.cpp:42) control_transfer returned error, index: 768, error: Resource temporarily unavailable, number: 11
[realsense2_camera_node-1]  23/02 14:52:17,568 WARNING [281472310130912] (messenger-libusb.cpp:42) control_transfer returned error, index: 768, error: Resource temporarily unavailable, number: 11
[realsense2_camera_node-1]  23/02 14:52:17,578 WARNING [281472310130912] (messenger-libusb.cpp:42) control_transfer returned error, index: 768, error: Resource temporarily unavailable, number: 11
[realsense2_camera_node-1]  23/02 14:52:17,591 WARNING [281472310130912] (messenger-libusb.cpp:42) control_transfer returned error, index: 768, error: Resource temporarily unavailable, number: 11
[realsense2_camera_node-1]  23/02 14:52:17,604 WARNING [281472310130912] (messenger-libusb.cpp:42) control_transfer returned error, index: 768, error: Resource temporarily unavailable, number: 11
[realsense2_camera_node-1]  23/02 14:52:17,618 WARNING [281472310130912] (messenger-libusb.cpp:42) control_transfer returned error, index: 768, error: Resource temporarily unavailable, number: 11
[realsense2_camera_node-1]  23/02 14:52:17,631 WARNING [281472310130912] (messenger-libusb.cpp:42) control_transfer returned error, index: 768, error: Resource temporarily unavailable, number: 11
[realsense2_camera_node-1]  23/02 14:52:17,642 WARNING [281472310130912] (messenger-libusb.cpp:42) control_transfer returned error, index: 768, error: Resource temporarily unavailable, number: 11
[realsense2_camera_node-1]  23/02 14:52:17,656 WARNING [281472310130912] (messenger-libusb.cpp:42) control_transfer returned error, index: 768, error: Resource temporarily unavailable, number: 11
[realsense2_camera_node-1]  23/02 14:52:17,667 WARNING [281472310130912] (messenger-libusb.cpp:42) control_transfer returned error, index: 768, error: Resource temporarily unavailable, number: 11
[realsense2_camera_node-1]  23/02 14:52:31,234 ERROR [281471545080032] (uvc-streamer.cpp:105) uvc streamer watchdog triggered on endpoint: 132
[realsense2_camera_node-1]  23/02 14:52:34,565 ERROR [281471545080032] (uvc-streamer.cpp:105) uvc streamer watchdog triggered on endpoint: 132
[realsense2_camera_node-1]  23/02 14:52:44,558 ERROR [281471545080032] (uvc-streamer.cpp:105) uvc streamer watchdog triggered on endpoint: 132
[realsense2_camera_node-1]  23/02 14:52:44,745 WARNING [281472310130912] (messenger-libusb.cpp:42) control_transfer returned error, index: 768, error: Resource temporarily unavailable, number: 11
[realsense2_camera_node-1]  23/02 14:52:44,757 WARNING [281472310130912] (messenger-libusb.cpp:42) control_transfer returned error, index: 768, error: Resource temporarily unavailable, number: 11
[realsense2_camera_node-1]  23/02 14:52:44,768 WARNING [281472310130912] (messenger-libusb.cpp:42) control_transfer returned error, index: 768, error: Resource temporarily unavailable, number: 11
[realsense2_camera_node-1]  23/02 14:52:44,781 WARNING [281472310130912] (messenger-libusb.cpp:42) control_transfer returned error, index: 768, error: Resource temporarily unavailable, number: 11
[realsense2_camera_node-1]  23/02 14:52:44,794 WARNING [281472310130912] (messenger-libusb.cpp:42) control_transfer returned error, index: 768, error: Resource temporarily unavailable, number: 11
[realsense2_camera_node-1]  23/02 14:52:44,808 WARNING [281472310130912] (messenger-libusb.cpp:42) control_transfer returned error, index: 768, error: Resource temporarily unavailable, number: 11
[realsense2_camera_node-1]  23/02 14:52:44,823 WARNING [281472310130912] (messenger-libusb.cpp:42) control_transfer returned error, index: 768, error: Resource temporarily unavailable, number: 11
[realsense2_camera_node-1]  23/02 14:52:44,834 WARNING [281472310130912] (messenger-libusb.cpp:42) control_transfer returned error, index: 768, error: Resource temporarily unavailable, number: 11
[realsense2_camera_node-1]  23/02 14:52:44,848 WARNING [281472310130912] (messenger-libusb.cpp:42) control_transfer returned error, index: 768, error: Resource temporarily unavailable, number: 11
[realsense2_camera_node-1]  23/02 14:52:44,860 WARNING [281472310130912] (messenger-libusb.cpp:42) control_transfer returned error, index: 768, error: Resource temporarily unavailable, number: 11
[realsense2_camera_node-1]  23/02 14:52:44,872 WARNING [281472310130912] (messenger-libusb.cpp:42) control_transfer returned error, index: 768, error: Resource temporarily unavailable, number: 11
[realsense2_camera_node-1]  23/02 14:52:44,885 WARNING [281472310130912] (messenger-libusb.cpp:42) control_transfer returned error, index: 768, error: Resource temporarily unavailable, number: 11
[realsense2_camera_node-1]  23/02 14:52:44,896 WARNING [281472310130912] (messenger-libusb.cpp:42) control_transfer returned error, index: 768, error: Resource temporarily unavailable, number: 11
[realsense2_camera_node-1]  23/02 14:52:44,907 WARNING [281472310130912] (messenger-libusb.cpp:42) control_transfer returned error, index: 768, error: Resource temporarily unavailable, number: 11
[realsense2_camera_node-1]  23/02 14:52:44,919 WARNING [281472310130912] (messenger-libusb.cpp:42) control_transfer returned error, index: 768, error: Resource temporarily unavailable, number: 11
[realsense2_camera_node-1]  23/02 14:52:44,930 WARNING [281472310130912] (messenger-libusb.cpp:42) control_transfer returned error, index: 768, error: Resource temporarily unavailable, number: 11
[realsense2_camera_node-1]  23/02 14:52:44,941 WARNING [281472310130912] (messenger-libusb.cpp:42) control_transfer returned error, index: 768, error: Resource temporarily unavailable, number: 11
[realsense2_camera_node-1]  23/02 14:52:44,952 WARNING [281472310130912] (messenger-libusb.cpp:42) control_transfer returned error, index: 768, error: Resource temporarily unavailable, number: 11
[realsense2_camera_node-1]  23/02 14:52:44,963 WARNING [281472310130912] (messenger-libusb.cpp:42) control_transfer returned error, index: 768, error: Resource temporarily unavailable, number: 11
[realsense2_camera_node-1]  23/02 14:53:09,879 ERROR [281471545080032] (uvc-streamer.cpp:105) uvc streamer watchdog triggered on endpoint: 132
[realsense2_camera_node-1]  23/02 14:53:11,030 WARNING [281472310130912] (messenger-libusb.cpp:42) control_transfer returned error, index: 768, error: Resource temporarily unavailable, number: 11
[realsense2_camera_node-1]  23/02 14:53:26,534 ERROR [281471545080032] (uvc-streamer.cpp:105) uvc streamer watchdog triggered on endpoint: 132
[realsense2_camera_node-1]  23/02 14:54:13,171 ERROR [281471545080032] (uvc-streamer.cpp:105) uvc streamer watchdog triggered on endpoint: 132
[realsense2_camera_node-1]  23/02 14:54:14,211 WARNING [281472310130912] (messenger-libusb.cpp:42) control_transfer returned error, index: 768, error: Resource temporarily unavailable, number: 11
[realsense2_camera_node-1]  23/02 14:54:14,222 WARNING [281472310130912] (messenger-libusb.cpp:42) control_transfer returned error, index: 768, error: Resource temporarily unavailable, number: 11
[realsense2_camera_node-1]  23/02 14:54:14,233 WARNING [281472310130912] (messenger-libusb.cpp:42) control_transfer returned error, index: 768, error: Resource temporarily unavailable, number: 11
[realsense2_camera_node-1]  23/02 14:54:14,244 WARNING [281472310130912] (messenger-libusb.cpp:42) control_transfer returned error, index: 768, error: Resource temporarily unavailable, number: 11
[realsense2_camera_node-1]  23/02 14:54:14,255 WARNING [281472310130912] (messenger-libusb.cpp:42) control_transfer returned error, index: 768, error: Resource temporarily unavailable, number: 11
[realsense2_camera_node-1]  23/02 14:54:14,267 WARNING [281472310130912] (messenger-libusb.cpp:42) control_transfer returned error, index: 768, error: Resource temporarily unavailable, number: 11
[realsense2_camera_node-1]  23/02 14:54:14,278 WARNING [281472310130912] (messenger-libusb.cpp:42) control_transfer returned error, index: 768, error: Resource temporarily unavailable, number: 11
[realsense2_camera_node-1]  23/02 14:54:21,833 ERROR [281471545080032] (uvc-streamer.cpp:105) uvc streamer watchdog triggered on endpoint: 132
[realsense2_camera_node-1]  23/02 14:54:29,829 ERROR [281471545080032] (uvc-streamer.cpp:105) uvc streamer watchdog triggered on endpoint: 132
[realsense2_camera_node-1]  23/02 14:54:54,482 ERROR [281471545080032] (uvc-streamer.cpp:105) uvc streamer watchdog triggered on endpoint: 132
[realsense2_camera_node-1]  23/02 14:54:55,399 WARNING [281472310130912] (messenger-libusb.cpp:42) control_transfer returned error, index: 768, error: Resource temporarily unavailable, number: 11
[realsense2_camera_node-1]  23/02 14:54:55,411 WARNING [281472310130912] (messenger-libusb.cpp:42) control_transfer returned error, index: 768, error: Resource temporarily unavailable, number: 11
[realsense2_camera_node-1]  23/02 14:54:55,423 WARNING [281472310130912] (messenger-libusb.cpp:42) control_transfer returned error, index: 768, error: Resource temporarily unavailable, number: 11
[realsense2_camera_node-1]  23/02 14:54:55,434 WARNING [281472310130912] (messenger-libusb.cpp:42) control_transfer returned error, index: 768, error: Resource temporarily unavailable, number: 11
[realsense2_camera_node-1]  23/02 14:54:55,446 WARNING [281472310130912] (messenger-libusb.cpp:42) control_transfer returned error, index: 768, error: Resource temporarily unavailable, number: 11
[realsense2_camera_node-1]  23/02 14:54:55,458 WARNING [281472310130912] (messenger-libusb.cpp:42) control_transfer returned error, index: 768, error: Resource temporarily unavailable, number: 11
[realsense2_camera_node-1]  23/02 14:54:55,470 WARNING [281472310130912] (messenger-libusb.cpp:42) control_transfer returned error, index: 768, error: Resource temporarily unavailable, number: 11
[realsense2_camera_node-1]  23/02 14:54:55,485 WARNING [281472310130912] (messenger-libusb.cpp:42) control_transfer returned error, index: 768, error: Resource temporarily unavailable, number: 11
[realsense2_camera_node-1]  23/02 14:54:55,497 WARNING [281472310130912] (messenger-libusb.cpp:42) control_transfer returned error, index: 768, error: Resource temporarily unavailable, number: 11
[realsense2_camera_node-1]  23/02 14:54:55,507 WARNING [281472310130912] (messenger-libusb.cpp:42) control_transfer returned error, index: 768, error: Resource temporarily unavailable, number: 11
[realsense2_camera_node-1]  23/02 14:54:55,523 WARNING [281472310130912] (messenger-libusb.cpp:42) control_transfer returned error, index: 768, error: Resource temporarily unavailable, number: 11
[realsense2_camera_node-1]  23/02 14:54:55,534 WARNING [281472310130912] (messenger-libusb.cpp:42) control_transfer returned error, index: 768, error: Resource temporarily unavailable, number: 11
[realsense2_camera_node-1]  23/02 14:54:55,547 WARNING [281472310130912] (messenger-libusb.cpp:42) control_transfer returned error, index: 768, error: Resource temporarily unavailable, number: 11
[realsense2_camera_node-1]  23/02 14:54:55,560 WARNING [281472310130912] (messenger-libusb.cpp:42) control_transfer returned error, index: 768, error: Resource temporarily unavailable, number: 11
[realsense2_camera_node-1]  23/02 14:54:55,574 WARNING [281472310130912] (messenger-libusb.cpp:42) control_transfer returned error, index: 768, error: Resource temporarily unavailable, number: 11
[realsense2_camera_node-1]  23/02 14:54:55,585 WARNING [281472310130912] (messenger-libusb.cpp:42) control_transfer returned error, index: 768, error: Resource temporarily unavailable, number: 11
[realsense2_camera_node-1]  23/02 14:54:55,598 WARNING [281472310130912] (messenger-libusb.cpp:42) control_transfer returned error, index: 768, error: Resource temporarily unavailable, number: 11
[realsense2_camera_node-1]  23/02 14:56:08,438 ERROR [281471545080032] (uvc-streamer.cpp:105) uvc streamer watchdog triggered on endpoint: 132
[realsense2_camera_node-1]  23/02 14:56:08,801 WARNING [281472310130912] (messenger-libusb.cpp:42) control_transfer returned error, index: 768, error: Resource temporarily unavailable, number: 11
[realsense2_camera_node-1]  23/02 14:56:08,814 WARNING [281472310130912] (messenger-libusb.cpp:42) control_transfer returned error, index: 768, error: Resource temporarily unavailable, number: 11
[realsense2_camera_node-1]  23/02 14:56:08,827 WARNING [281472310130912] (messenger-libusb.cpp:42) control_transfer returned error, index: 768, error: Resource temporarily unavailable, number: 11
[realsense2_camera_node-1]  23/02 14:56:08,839 WARNING [281472310130912] (messenger-libusb.cpp:42) control_transfer returned error, index: 768, error: Resource temporarily unavailable, number: 11
[realsense2_camera_node-1]  23/02 14:56:08,851 WARNING [281472310130912] (messenger-libusb.cpp:42) control_transfer returned error, index: 768, error: Resource temporarily unavailable, number: 11
[realsense2_camera_node-1]  23/02 14:56:08,866 WARNING [281472310130912] (messenger-libusb.cpp:42) control_transfer returned error, index: 768, error: Resource temporarily unavailable, number: 11
[WARNING] [launch]: user interrupted with ctrl-c (SIGINT)
[INFO] [realsense2_camera_node-1]: sending signal 'SIGINT' to process[realsense2_camera_node-1]
