[INFO] [launch]: All log files can be found below /home/world/.ros/log/2026-02-23-14-44-22-797786-world-15046
[INFO] [launch]: Default logging verbosity is set to INFO
[INFO] [rgbd_sync-1]: process started with pid [15642]
[INFO] [rtabmap-2]: process started with pid [15647]
[INFO] [livox_pointcloud_filter_node-3]: process started with pid [15651]
[INFO] [dynamic_object_filter_node-4]: process started with pid [15653]
[dynamic_object_filter_node-4] [INFO] [1771825463.959179848] [dynamic_object_filter]: Dynamic filter: /livox/lidar/filtered -> /livox/lidar/static_filtered, voxel=0.100, min_hits=3, hit_window=1.50s, min_static=0.40s
[rgbd_sync-1] [0m[INFO] [1771825466.446558865] [rtabmap.rgbd_sync]: rgbd_sync: approx_sync = true[0m
[rgbd_sync-1] [0m[INFO] [1771825466.448840538] [rtabmap.rgbd_sync]: rgbd_sync: approx_sync_max_interval = 0.080000[0m
[rgbd_sync-1] [0m[INFO] [1771825466.448925340] [rtabmap.rgbd_sync]: rgbd_sync: topic_queue_size  = 10[0m
[rgbd_sync-1] [0m[INFO] [1771825466.448947900] [rtabmap.rgbd_sync]: rgbd_sync: sync_queue_size  = 10[0m
[rgbd_sync-1] [0m[INFO] [1771825466.448965276] [rtabmap.rgbd_sync]: rgbd_sync: qos             = 2[0m
[rgbd_sync-1] [0m[INFO] [1771825466.448983805] [rtabmap.rgbd_sync]: rgbd_sync: qos_camera_info = 2[0m
[rgbd_sync-1] [0m[INFO] [1771825466.451806671] [rtabmap.rgbd_sync]: rgbd_sync: depth_scale = 1.000000[0m
[rgbd_sync-1] [0m[INFO] [1771825466.451933233] [rtabmap.rgbd_sync]: rgbd_sync: decimation = 1[0m
[rgbd_sync-1] [0m[INFO] [1771825466.451960242] [rtabmap.rgbd_sync]: rgbd_sync: compressed_rate = 0.000000[0m
[rgbd_sync-1] [0m[INFO] [1771825466.451979666] [rtabmap.rgbd_sync]: rgbd_sync: image_transport = raw[0m
[rgbd_sync-1] [0m[INFO] [1771825466.451999794] [rtabmap.rgbd_sync]: rgbd_sync: depth_transport = raw[0m
[rgbd_sync-1] [0m[INFO] [1771825466.779548680] [rtabmap.rgbd_sync]: 
[rgbd_sync-1] rgbd_sync subscribed to (approx sync, max interval=0.080000s):
[rgbd_sync-1]    /camera/camera/color/image_raw,
[rgbd_sync-1]    /camera/camera/aligned_depth_to_color/image_raw,
[rgbd_sync-1]    /camera/camera/color/camera_info[0m
[INFO] [controller_server-5]: process started with pid [15932]
[INFO] [planner_server-6]: process started with pid [15934]
[INFO] [smoother_server-7]: process started with pid [15936]
[INFO] [bt_navigator-8]: process started with pid [15938]
[INFO] [behavior_server-9]: process started with pid [15940]
[INFO] [waypoint_follower-10]: process started with pid [15942]
[INFO] [velocity_smoother-11]: process started with pid [15944]
[dynamic_object_filter_node-4] [WARN] [1771825469.415258089] [dynamic_object_filter]: TF transform failed (livox_frame -> odom): Lookup would require extrapolation into the future.  Requested time 1771825469.360394 but the latest data is at time 1771825469.354982, when looking up transform from frame [livox_frame] to frame [odom]
[bt_navigator-8] [INFO] [1771825470.369078152] [bt_navigator]: 
[bt_navigator-8] 	bt_navigator lifecycle node launched. 
[bt_navigator-8] 	Waiting on external lifecycle transitions to activate
[bt_navigator-8] 	See https://design.ros2.org/articles/node_lifecycle.html for more information.
[behavior_server-9] [INFO] [1771825470.369548432] [behavior_server]: 
[behavior_server-9] 	behavior_server lifecycle node launched. 
[behavior_server-9] 	Waiting on external lifecycle transitions to activate
[behavior_server-9] 	See https://design.ros2.org/articles/node_lifecycle.html for more information.
[bt_navigator-8] [INFO] [1771825470.374413543] [bt_navigator]: Creating
[rtabmap-2] [33m[ WARN] (2026-02-23 14:44:35.547) Transform.cpp:559::getTransform() No transform found for stamp 1771825475.118342! Earliest is 1771825475.188115[0m
[INFO] [lifecycle_manager-12]: process started with pid [16123]
[lifecycle_manager-12] [INFO] [1771825478.726155496] [lifecycle_manager]: Creating
[lifecycle_manager-12] [INFO] [1771825478.734149047] [lifecycle_manager]: [34m[1mCreating and initializing lifecycle service clients[0m[0m
[lifecycle_manager-12] [INFO] [1771825481.267381586] [lifecycle_manager]: Waiting for service planner_server/get_state...
[lifecycle_manager-12] [INFO] [1771825482.160034254] [lifecycle_manager]: [34m[1mStarting managed nodes bringup...[0m[0m
[lifecycle_manager-12] [INFO] [1771825482.160192209] [lifecycle_manager]: [34m[1mConfiguring controller_server[0m[0m
[lifecycle_manager-12] [INFO] [1771825483.011087267] [lifecycle_manager]: [34m[1mConfiguring planner_server[0m[0m
[planner_server-6] [ERROR] [1771825483.649427044] [global_costmap.global_costmap]: The configured inflation radius (0.070) is smaller than the computed inscribed radius (0.260) of your footprint, it is highly recommended to set inflation radius to be at least as big as the inscribed radius to avoid collisions
[lifecycle_manager-12] [INFO] [1771825484.246263552] [lifecycle_manager]: [34m[1mConfiguring smoother_server[0m[0m
[lifecycle_manager-12] [INFO] [1771825484.801622423] [lifecycle_manager]: [34m[1mConfiguring bt_navigator[0m[0m
[bt_navigator-8] [INFO] [1771825484.802575784] [bt_navigator]: Configuring
[lifecycle_manager-12] [INFO] [1771825487.677228434] [lifecycle_manager]: [34m[1mConfiguring behavior_server[0m[0m
[behavior_server-9] [INFO] [1771825487.679297846] [behavior_server]: Configuring
[behavior_server-9] [INFO] [1771825487.771634150] [behavior_server]: Creating behavior plugin spin of type nav2_behaviors/Spin
[behavior_server-9] [INFO] [1771825487.788721399] [behavior_server]: Configuring spin
[behavior_server-9] [INFO] [1771825487.930479609] [behavior_server]: Creating behavior plugin backup of type nav2_behaviors/BackUp
[behavior_server-9] [INFO] [1771825487.943080954] [behavior_server]: Configuring backup
[behavior_server-9] [INFO] [1771825488.066539862] [behavior_server]: Creating behavior plugin drive_on_heading of type nav2_behaviors/DriveOnHeading
[behavior_server-9] [INFO] [1771825488.076121473] [behavior_server]: Configuring drive_on_heading
[behavior_server-9] [INFO] [1771825488.213469364] [behavior_server]: Creating behavior plugin assisted_teleop of type nav2_behaviors/AssistedTeleop
[behavior_server-9] [INFO] [1771825488.237717317] [behavior_server]: Configuring assisted_teleop
[behavior_server-9] [INFO] [1771825488.361566919] [behavior_server]: Creating behavior plugin wait of type nav2_behaviors/Wait
[behavior_server-9] [INFO] [1771825488.370598792] [behavior_server]: Configuring wait
[lifecycle_manager-12] [INFO] [1771825488.466325877] [lifecycle_manager]: [34m[1mConfiguring waypoint_follower[0m[0m
[lifecycle_manager-12] [INFO] [1771825488.725352708] [lifecycle_manager]: [34m[1mConfiguring velocity_smoother[0m[0m
[lifecycle_manager-12] [INFO] [1771825488.769756444] [lifecycle_manager]: [34m[1mActivating controller_server[0m[0m
[lifecycle_manager-12] [INFO] [1771825489.081361046] [lifecycle_manager]: Server controller_server connected with bond.
[lifecycle_manager-12] [INFO] [1771825489.081526201] [lifecycle_manager]: [34m[1mActivating planner_server[0m[0m
[lifecycle_manager-12] [INFO] [1771825489.281586571] [lifecycle_manager]: Server planner_server connected with bond.
[lifecycle_manager-12] [INFO] [1771825489.281720302] [lifecycle_manager]: [34m[1mActivating smoother_server[0m[0m
[lifecycle_manager-12] [INFO] [1771825489.428016033] [lifecycle_manager]: Server smoother_server connected with bond.
[lifecycle_manager-12] [INFO] [1771825489.428164355] [lifecycle_manager]: [34m[1mActivating bt_navigator[0m[0m
[bt_navigator-8] [INFO] [1771825489.429382777] [bt_navigator]: Activating
[bt_navigator-8] [INFO] [1771825491.070274015] [bt_navigator_navigate_to_pose_rclcpp_node]: Waiting on odometry
[bt_navigator-8] [INFO] [1771825491.073928064] [bt_navigator_navigate_to_pose_rclcpp_node]: Got odometry
[bt_navigator-8] [INFO] [1771825492.063656000] [bt_navigator]: Creating bond (bt_navigator) to lifecycle manager.
[lifecycle_manager-12] [INFO] [1771825492.224154896] [lifecycle_manager]: Server bt_navigator connected with bond.
[lifecycle_manager-12] [INFO] [1771825492.224303635] [lifecycle_manager]: [34m[1mActivating behavior_server[0m[0m
[behavior_server-9] [INFO] [1771825492.225877839] [behavior_server]: Activating
[behavior_server-9] [INFO] [1771825492.225975217] [behavior_server]: Activating spin
[behavior_server-9] [INFO] [1771825492.226010001] [behavior_server]: Activating backup
[behavior_server-9] [INFO] [1771825492.226035698] [behavior_server]: Activating drive_on_heading
[behavior_server-9] [INFO] [1771825492.226060978] [behavior_server]: Activating assisted_teleop
[behavior_server-9] [INFO] [1771825492.226085427] [behavior_server]: Activating wait
[behavior_server-9] [INFO] [1771825492.226120659] [behavior_server]: Creating bond (behavior_server) to lifecycle manager.
[lifecycle_manager-12] [INFO] [1771825492.353799194] [lifecycle_manager]: Server behavior_server connected with bond.
[lifecycle_manager-12] [INFO] [1771825492.353942333] [lifecycle_manager]: [34m[1mActivating waypoint_follower[0m[0m
[lifecycle_manager-12] [INFO] [1771825492.472427423] [lifecycle_manager]: Server waypoint_follower connected with bond.
[lifecycle_manager-12] [INFO] [1771825492.472548002] [lifecycle_manager]: [34m[1mActivating velocity_smoother[0m[0m
[lifecycle_manager-12] [INFO] [1771825492.602547666] [lifecycle_manager]: Server velocity_smoother connected with bond.
[lifecycle_manager-12] [INFO] [1771825492.602708437] [lifecycle_manager]: [34m[1mManaged nodes are active[0m[0m
[lifecycle_manager-12] [INFO] [1771825492.602740181] [lifecycle_manager]: [34m[1mCreating bond timer...[0m[0m
[bt_navigator-8] [INFO] [1771825517.189916118] [bt_navigator]: Begin navigating from current location (0.00, 0.00) to (1.76, 0.13)
[bt_navigator-8] [WARN] [1771825518.034973376] [BehaviorTreeEngine]: Behavior Tree tick rate 100.00 was exceeded!
[bt_navigator-8] [WARN] [1771825527.094993186] [BehaviorTreeEngine]: Behavior Tree tick rate 100.00 was exceeded!
[bt_navigator-8] [WARN] [1771825527.134613957] [BehaviorTreeEngine]: Behavior Tree tick rate 100.00 was exceeded!
[bt_navigator-8] [WARN] [1771825528.022304712] [BehaviorTreeEngine]: Behavior Tree tick rate 100.00 was exceeded!
[bt_navigator-8] [WARN] [1771825528.554863561] [BehaviorTreeEngine]: Behavior Tree tick rate 100.00 was exceeded!
[bt_navigator-8] [INFO] [1771825531.513005252] [bt_navigator]: Goal succeeded
[rtabmap-2] [33m[ WARN] (2026-02-23 14:45:38.194) LocalMapMaker.hpp:230::segmentCloud() Cloud (with 3152 points) is empty after noise filtering. Occupancy grid cannot be created.[0m
[bt_navigator-8] [INFO] [1771825579.993385509] [bt_navigator]: Begin navigating from current location (1.77, 0.12) to (-0.45, 1.19)
[bt_navigator-8] [WARN] [1771825580.010285330] [BehaviorTreeEngine]: Behavior Tree tick rate 100.00 was exceeded!
[bt_navigator-8] [WARN] [1771825582.357627000] [BehaviorTreeEngine]: Behavior Tree tick rate 100.00 was exceeded!
[bt_navigator-8] [WARN] [1771825584.226969003] [BehaviorTreeEngine]: Behavior Tree tick rate 100.00 was exceeded!
[bt_navigator-8] [WARN] [1771825595.005676287] [BehaviorTreeEngine]: Behavior Tree tick rate 100.00 was exceeded!
[bt_navigator-8] [WARN] [1771825595.010683769] [BehaviorTreeEngine]: Behavior Tree tick rate 100.00 was exceeded!
[bt_navigator-8] [WARN] [1771825599.278432321] [BehaviorTreeEngine]: Behavior Tree tick rate 100.00 was exceeded!
[bt_navigator-8] [WARN] [1771825615.608644925] [BehaviorTreeEngine]: Behavior Tree tick rate 100.00 was exceeded!
[bt_navigator-8] [WARN] [1771825618.369746331] [bt_navigator_navigate_to_pose_rclcpp_node]: Timed out while waiting for action server to acknowledge goal request for follow_path
[bt_navigator-8] [WARN] [1771825624.999400077] [BehaviorTreeEngine]: Behavior Tree tick rate 100.00 was exceeded!
[bt_navigator-8] [WARN] [1771825625.156339294] [BehaviorTreeEngine]: Behavior Tree tick rate 100.00 was exceeded!
[bt_navigator-8] [WARN] [1771825625.161644381] [BehaviorTreeEngine]: Behavior Tree tick rate 100.00 was exceeded!
[bt_navigator-8] [WARN] [1771825625.654198228] [BehaviorTreeEngine]: Behavior Tree tick rate 100.00 was exceeded!
[bt_navigator-8] [WARN] [1771825625.656792898] [BehaviorTreeEngine]: Behavior Tree tick rate 100.00 was exceeded!
[bt_navigator-8] [WARN] [1771825629.197649181] [BehaviorTreeEngine]: Behavior Tree tick rate 100.00 was exceeded!
[bt_navigator-8] [WARN] [1771825630.762950173] [BehaviorTreeEngine]: Behavior Tree tick rate 100.00 was exceeded!
[bt_navigator-8] [WARN] [1771825632.837908550] [BehaviorTreeEngine]: Behavior Tree tick rate 100.00 was exceeded!
[bt_navigator-8] [WARN] [1771825635.439549063] [BehaviorTreeEngine]: Behavior Tree tick rate 100.00 was exceeded!
[bt_navigator-8] [WARN] [1771825641.409723935] [BehaviorTreeEngine]: Behavior Tree tick rate 100.00 was exceeded!
[bt_navigator-8] [WARN] [1771825644.807193339] [BehaviorTreeEngine]: Behavior Tree tick rate 100.00 was exceeded!
[bt_navigator-8] [WARN] [1771825646.136649674] [BehaviorTreeEngine]: Behavior Tree tick rate 100.00 was exceeded!
[bt_navigator-8] [WARN] [1771825647.938429767] [BehaviorTreeEngine]: Behavior Tree tick rate 100.00 was exceeded!
[bt_navigator-8] [WARN] [1771825652.706912248] [BehaviorTreeEngine]: Behavior Tree tick rate 100.00 was exceeded!
[bt_navigator-8] [WARN] [1771825652.941380753] [BehaviorTreeEngine]: Behavior Tree tick rate 100.00 was exceeded!
[bt_navigator-8] [WARN] [1771825654.188521923] [BehaviorTreeEngine]: Behavior Tree tick rate 100.00 was exceeded!
[bt_navigator-8] [WARN] [1771825654.899087693] [BehaviorTreeEngine]: Behavior Tree tick rate 100.00 was exceeded!
[bt_navigator-8] [WARN] [1771825656.497090261] [BehaviorTreeEngine]: Behavior Tree tick rate 100.00 was exceeded!
[bt_navigator-8] [WARN] [1771825659.774208429] [BehaviorTreeEngine]: Behavior Tree tick rate 100.00 was exceeded!
[bt_navigator-8] [WARN] [1771825659.777819405] [BehaviorTreeEngine]: Behavior Tree tick rate 100.00 was exceeded!
[bt_navigator-8] [WARN] [1771825662.278990157] [BehaviorTreeEngine]: Behavior Tree tick rate 100.00 was exceeded!
[bt_navigator-8] [WARN] [1771825662.538028316] [BehaviorTreeEngine]: Behavior Tree tick rate 100.00 was exceeded!
[bt_navigator-8] [WARN] [1771825673.939126964] [BehaviorTreeEngine]: Behavior Tree tick rate 100.00 was exceeded!
[bt_navigator-8] [WARN] [1771825674.579886528] [BehaviorTreeEngine]: Behavior Tree tick rate 100.00 was exceeded!
[bt_navigator-8] [WARN] [1771825674.591234858] [BehaviorTreeEngine]: Behavior Tree tick rate 100.00 was exceeded!
[bt_navigator-8] [WARN] [1771825674.599477501] [BehaviorTreeEngine]: Behavior Tree tick rate 100.00 was exceeded!
[bt_navigator-8] [WARN] [1771825674.620041612] [BehaviorTreeEngine]: Behavior Tree tick rate 100.00 was exceeded!
[bt_navigator-8] [WARN] [1771825674.620151598] [bt_navigator_navigate_to_pose_rclcpp_node]: Timed out while waiting for action server to acknowledge goal request for follow_path
[bt_navigator-8] [WARN] [1771825674.651867012] [BehaviorTreeEngine]: Behavior Tree tick rate 100.00 was exceeded!
[bt_navigator-8] [WARN] [1771825678.743373859] [BehaviorTreeEngine]: Behavior Tree tick rate 100.00 was exceeded!
[bt_navigator-8] [WARN] [1771825678.882134096] [BehaviorTreeEngine]: Behavior Tree tick rate 100.00 was exceeded!
[bt_navigator-8] [WARN] [1771825681.045504738] [BehaviorTreeEngine]: Behavior Tree tick rate 100.00 was exceeded!
[bt_navigator-8] [WARN] [1771825683.399152665] [BehaviorTreeEngine]: Behavior Tree tick rate 100.00 was exceeded!
[bt_navigator-8] [WARN] [1771825683.410783944] [BehaviorTreeEngine]: Behavior Tree tick rate 100.00 was exceeded!
[bt_navigator-8] [WARN] [1771825696.553713615] [BehaviorTreeEngine]: Behavior Tree tick rate 100.00 was exceeded!
[bt_navigator-8] [WARN] [1771825700.337769087] [BehaviorTreeEngine]: Behavior Tree tick rate 100.00 was exceeded!
[bt_navigator-8] [WARN] [1771825706.545279971] [BehaviorTreeEngine]: Behavior Tree tick rate 100.00 was exceeded!
[bt_navigator-8] [WARN] [1771825711.510688271] [BehaviorTreeEngine]: Behavior Tree tick rate 100.00 was exceeded!
[bt_navigator-8] [WARN] [1771825717.038729364] [BehaviorTreeEngine]: Behavior Tree tick rate 100.00 was exceeded!
[bt_navigator-8] [WARN] [1771825718.521669558] [BehaviorTreeEngine]: Behavior Tree tick rate 100.00 was exceeded!
[bt_navigator-8] [WARN] [1771825720.038051630] [BehaviorTreeEngine]: Behavior Tree tick rate 100.00 was exceeded!
[bt_navigator-8] [WARN] [1771825722.444702678] [BehaviorTreeEngine]: Behavior Tree tick rate 100.00 was exceeded!
[bt_navigator-8] [WARN] [1771825722.451524144] [BehaviorTreeEngine]: Behavior Tree tick rate 100.00 was exceeded!
[bt_navigator-8] [WARN] [1771825722.459911398] [BehaviorTreeEngine]: Behavior Tree tick rate 100.00 was exceeded!
[bt_navigator-8] [WARN] [1771825722.550250610] [BehaviorTreeEngine]: Behavior Tree tick rate 100.00 was exceeded!
[bt_navigator-8] [WARN] [1771825725.266153002] [BehaviorTreeEngine]: Behavior Tree tick rate 100.00 was exceeded!
[bt_navigator-8] [WARN] [1771825730.140610718] [BehaviorTreeEngine]: Behavior Tree tick rate 100.00 was exceeded!
[bt_navigator-8] [WARN] [1771825731.214491004] [BehaviorTreeEngine]: Behavior Tree tick rate 100.00 was exceeded!
[bt_navigator-8] [WARN] [1771825731.241137016] [BehaviorTreeEngine]: Behavior Tree tick rate 100.00 was exceeded!
[bt_navigator-8] [WARN] [1771825732.861446766] [BehaviorTreeEngine]: Behavior Tree tick rate 100.00 was exceeded!
[bt_navigator-8] [INFO] [1771825732.878116952] [bt_navigator]: Goal succeeded
[rtabmap-2] [33m[ WARN] (2026-02-23 14:50:39.164) LocalMapMaker.hpp:230::segmentCloud() Cloud (with 2610 points) is empty after noise filtering. Occupancy grid cannot be created.[0m
[rgbd_sync-1] [33m[WARN] [1771825871.810065773] [rtabmap.rgbd_sync]: rgbd_sync: Did not receive data since 5 seconds! Make sure the input topics are published ("$ rostopic hz my_topic") and the timestamps in their header are set. Ajusting topic_queue_size (10) and sync_queue_size (10) can also help for better synchronization if framerates and/or delays are different. 
[rgbd_sync-1] rgbd_sync subscribed to (approx sync, max interval=0.080000s):
[rgbd_sync-1]    /camera/camera/color/image_raw,
[rgbd_sync-1]    /camera/camera/aligned_depth_to_color/image_raw,
[rgbd_sync-1]    /camera/camera/color/camera_info[0m
[rgbd_sync-1] [33m[WARN] [1771825886.811279714] [rtabmap.rgbd_sync]: rgbd_sync: Did not receive data since 5 seconds! Make sure the input topics are published ("$ rostopic hz my_topic") and the timestamps in their header are set. Ajusting topic_queue_size (10) and sync_queue_size (10) can also help for better synchronization if framerates and/or delays are different. 
[rgbd_sync-1] rgbd_sync subscribed to (approx sync, max interval=0.080000s):
[rgbd_sync-1]    /camera/camera/color/image_raw,
[rgbd_sync-1]    /camera/camera/aligned_depth_to_color/image_raw,
[rgbd_sync-1]    /camera/camera/color/camera_info[0m
[rgbd_sync-1] [33m[WARN] [1771825891.810234564] [rtabmap.rgbd_sync]: rgbd_sync: Did not receive data since 5 seconds! Make sure the input topics are published ("$ rostopic hz my_topic") and the timestamps in their header are set. Ajusting topic_queue_size (10) and sync_queue_size (10) can also help for better synchronization if framerates and/or delays are different. 
[rgbd_sync-1] rgbd_sync subscribed to (approx sync, max interval=0.080000s):
[rgbd_sync-1]    /camera/camera/color/image_raw,
[rgbd_sync-1]    /camera/camera/aligned_depth_to_color/image_raw,
[rgbd_sync-1]    /camera/camera/color/camera_info[0m
[rtabmap-2] [33m[ WARN] (2026-02-23 14:51:59.133) Rtabmap.cpp:3068::process() Rejected loop closure 87 -> 280: Cannot compute transform (cor=153 corrRatio=0.035205/0.100000 maxLaserScans=4346)[0m
[rtabmap-2] [33m[ WARN] (2026-02-23 14:52:02.881) Rtabmap.cpp:3068::process() Rejected loop closure 87 -> 281: Cannot compute transform (cor=123 corrRatio=0.032800/0.100000 maxLaserScans=3750)[0m
[rtabmap-2] [33m[ WARN] (2026-02-23 14:52:06.288) Rtabmap.cpp:3068::process() Rejected loop closure 87 -> 282: Cannot compute transform (cor=300 corrRatio=0.072150/0.100000 maxLaserScans=4158)[0m
[rtabmap-2] [33m[ WARN] (2026-02-23 14:54:17.338) LocalMapMaker.hpp:230::segmentCloud() Cloud (with 3754 points) is empty after noise filtering. Occupancy grid cannot be created.[0m
[rtabmap-2] [33m[ WARN] (2026-02-23 14:55:12.846) LocalMapMaker.hpp:230::segmentCloud() Cloud (with 3194 points) is empty after noise filtering. Occupancy grid cannot be created.[0m
[WARNING] [launch]: user interrupted with ctrl-c (SIGINT)
