[INFO] [launch]: All log files can be found below /home/world/.ros/log/2026-02-11-15-56-07-190537-world-56077
[INFO] [launch]: Default logging verbosity is set to INFO
[INFO] [launch.user]: 🚀 Launching as Normal ROS Node
[INFO] [realsense2_camera_node-1]: process started with pid [56118]
[realsense2_camera_node-1] [0m[INFO] [1770792967.623219477] [camera.camera]: RealSense ROS v4.56.4[0m
[realsense2_camera_node-1] [0m[INFO] [1770792967.623467994] [camera.camera]: Built with LibRealSense v2.56.5[0m
[realsense2_camera_node-1] [0m[INFO] [1770792967.623515066] [camera.camera]: Running with LibRealSense v2.56.5[0m
[realsense2_camera_node-1]  11/02 15:56:07,911 WARNING [281472158132448] (messenger-libusb.cpp:42) control_transfer returned error, index: 768, error: Success, number: 0
[realsense2_camera_node-1] [0m[INFO] [1770792968.281849643] [camera.camera]: Device with serial number 336222300641 was found.
[realsense2_camera_node-1] [0m
[realsense2_camera_node-1] [0m[INFO] [1770792968.282079792] [camera.camera]: Device with physical ID 2-1.3-3 was found.[0m
[realsense2_camera_node-1] [0m[INFO] [1770792968.282129040] [camera.camera]: Device with name Intel RealSense D455 was found.[0m
[realsense2_camera_node-1] [0m[INFO] [1770792968.282549048] [camera.camera]: Device with port number 2-1.3 was found.[0m
[realsense2_camera_node-1] [0m[INFO] [1770792968.282593497] [camera.camera]: Device USB type: 3.2[0m
[realsense2_camera_node-1] [0m[INFO] [1770792968.282772668] [camera.camera]: getParameters...[0m
[realsense2_camera_node-1] [33m[WARN] [1770792968.283966483] [camera.camera]: For the 'unite_imu_method' param update to take effect, re-enable either gyro or accel stream.[0m
[realsense2_camera_node-1] [0m[INFO] [1770792968.284057460] [camera.camera]: JSON file is not provided[0m
[realsense2_camera_node-1] [0m[INFO] [1770792968.284089525] [camera.camera]: Device Name: Intel RealSense D455[0m
[realsense2_camera_node-1] [0m[INFO] [1770792968.284112469] [camera.camera]: Device Serial No: 336222300641[0m
[realsense2_camera_node-1] [0m[INFO] [1770792968.284130774] [camera.camera]: Device physical port: 2-1.3-3[0m
[realsense2_camera_node-1] [0m[INFO] [1770792968.284146006] [camera.camera]: Device FW version: 5.17.0.10[0m
[realsense2_camera_node-1] [0m[INFO] [1770792968.284158934] [camera.camera]: Device Product ID: 0x0B5C[0m
[realsense2_camera_node-1] [0m[INFO] [1770792968.284171447] [camera.camera]: Sync Mode: On[0m
[realsense2_camera_node-1] [33m[WARN] [1770792974.362867327] [camera.camera]: re-enable the stream for the change to take effect.[0m
[realsense2_camera_node-1] [33m[WARN] [1770792974.373005084] [camera.camera]: re-enable the stream for the change to take effect.[0m
[realsense2_camera_node-1] [0m[INFO] [1770792974.387873969] [camera.camera]: Set ROS param depth_module.infra_profile to default: 848x480x30[0m
[realsense2_camera_node-1] [33m[WARN] [1770792975.669070301] [camera.camera]: re-enable the stream for the change to take effect.[0m
[realsense2_camera_node-1] [33m[WARN] [1770792975.672466205] [camera.camera]: re-enable the stream for the change to take effect.[0m
[realsense2_camera_node-1] [33m[WARN] [1770792975.688382597] [camera.camera]: re-enable the stream for the change to take effect.[0m
[realsense2_camera_node-1] [33m[WARN] [1770792975.718826749] [camera.camera]: re-enable the stream for the change to take effect.[0m
[realsense2_camera_node-1] [0m[INFO] [1770792975.726844882] [camera.camera]: Stopping Sensor: Depth Module[0m
[realsense2_camera_node-1] [0m[INFO] [1770792975.727228889] [camera.camera]: Stopping Sensor: RGB Camera[0m
[realsense2_camera_node-1] [0m[INFO] [1770792975.727301307] [camera.camera]: Stopping Sensor: Motion Module[0m
[realsense2_camera_node-1] [0m[INFO] [1770792975.891857591] [camera.camera]: Starting Sensor: Depth Module[0m
[realsense2_camera_node-1] [0m[INFO] [1770792976.025183724] [camera.camera]: Open profile: stream_type: Depth(0), Format: Z16, Width: 640, Height: 480, FPS: 15[0m
[realsense2_camera_node-1]  11/02 15:56:16,032 WARNING [281472158132448] (messenger-libusb.cpp:42) control_transfer returned error, index: 768, error: Resource temporarily unavailable, number: 11
[realsense2_camera_node-1]  11/02 15:56:16,045 WARNING [281472158132448] (messenger-libusb.cpp:42) control_transfer returned error, index: 768, error: Resource temporarily unavailable, number: 11
[realsense2_camera_node-1]  11/02 15:56:16,056 WARNING [281472158132448] (messenger-libusb.cpp:42) control_transfer returned error, index: 768, error: Resource temporarily unavailable, number: 11
[realsense2_camera_node-1]  11/02 15:56:16,068 WARNING [281472158132448] (messenger-libusb.cpp:42) control_transfer returned error, index: 768, error: Resource temporarily unavailable, number: 11
[realsense2_camera_node-1]  11/02 15:56:16,084 WARNING [281472158132448] (messenger-libusb.cpp:42) control_transfer returned error, index: 768, error: Resource temporarily unavailable, number: 11
[realsense2_camera_node-1]  11/02 15:56:16,095 WARNING [281472158132448] (messenger-libusb.cpp:42) control_transfer returned error, index: 768, error: Resource temporarily unavailable, number: 11
[realsense2_camera_node-1]  11/02 15:56:16,106 WARNING [281472158132448] (messenger-libusb.cpp:42) control_transfer returned error, index: 768, error: Resource temporarily unavailable, number: 11
[realsense2_camera_node-1]  11/02 15:56:16,116 WARNING [281472158132448] (messenger-libusb.cpp:42) control_transfer returned error, index: 768, error: Resource temporarily unavailable, number: 11
[realsense2_camera_node-1]  11/02 15:56:16,127 WARNING [281472158132448] (messenger-libusb.cpp:42) control_transfer returned error, index: 768, error: Resource temporarily unavailable, number: 11
[realsense2_camera_node-1] [0m[INFO] [1770792976.140917786] [camera.camera]: Starting Sensor: RGB Camera[0m
[realsense2_camera_node-1] [0m[INFO] [1770792976.165251935] [camera.camera]: Open profile: stream_type: Color(0), Format: RGB8, Width: 640, Height: 480, FPS: 15[0m
[realsense2_camera_node-1]  11/02 15:56:16,172 WARNING [281472392509664] (ds-calib-parsers.cpp:36) IMU Calibration is not available, default intrinsic and extrinsic will be used.
[realsense2_camera_node-1] [0m[INFO] [1770792976.185116913] [camera.camera]: Starting Sensor: Motion Module[0m
[realsense2_camera_node-1] [0m[INFO] [1770792976.198051555] [camera.camera]: Open profile: stream_type: Accel(0)Format: MOTION_XYZ32F, FPS: 200[0m
[realsense2_camera_node-1] [0m[INFO] [1770792976.198196613] [camera.camera]: Open profile: stream_type: Gyro(0)Format: MOTION_XYZ32F, FPS: 200[0m
[realsense2_camera_node-1] [0m[INFO] [1770792976.250868187] [camera.camera]: RealSense Node Is Up![0m
[realsense2_camera_node-1]  11/02 15:56:16,443 WARNING [281472158132448] (messenger-libusb.cpp:42) control_transfer returned error, index: 768, error: Resource temporarily unavailable, number: 11
[realsense2_camera_node-1]  11/02 15:56:16,454 WARNING [281472158132448] (messenger-libusb.cpp:42) control_transfer returned error, index: 768, error: Resource temporarily unavailable, number: 11
[realsense2_camera_node-1]  11/02 15:56:16,465 WARNING [281472158132448] (messenger-libusb.cpp:42) control_transfer returned error, index: 768, error: Resource temporarily unavailable, number: 11
[realsense2_camera_node-1]  11/02 15:56:16,476 WARNING [281472158132448] (messenger-libusb.cpp:42) control_transfer returned error, index: 768, error: Resource temporarily unavailable, number: 11
[realsense2_camera_node-1]  11/02 15:56:16,487 WARNING [281472158132448] (messenger-libusb.cpp:42) control_transfer returned error, index: 768, error: Resource temporarily unavailable, number: 11
[realsense2_camera_node-1]  11/02 15:56:16,498 WARNING [281472158132448] (messenger-libusb.cpp:42) control_transfer returned error, index: 768, error: Resource temporarily unavailable, number: 11
[realsense2_camera_node-1]  11/02 15:56:16,610 WARNING [281472158132448] (messenger-libusb.cpp:42) control_transfer returned error, index: 768, error: Resource temporarily unavailable, number: 11
[realsense2_camera_node-1]  11/02 15:56:16,621 WARNING [281472158132448] (messenger-libusb.cpp:42) control_transfer returned error, index: 768, error: Resource temporarily unavailable, number: 11
[realsense2_camera_node-1]  11/02 15:56:16,632 WARNING [281472158132448] (messenger-libusb.cpp:42) control_transfer returned error, index: 768, error: Resource temporarily unavailable, number: 11
[realsense2_camera_node-1]  11/02 15:56:16,643 WARNING [281472158132448] (messenger-libusb.cpp:42) control_transfer returned error, index: 768, error: Resource temporarily unavailable, number: 11
[realsense2_camera_node-1]  11/02 15:56:16,654 WARNING [281472158132448] (messenger-libusb.cpp:42) control_transfer returned error, index: 768, error: Resource temporarily unavailable, number: 11
[realsense2_camera_node-1]  11/02 15:56:16,665 WARNING [281472158132448] (messenger-libusb.cpp:42) control_transfer returned error, index: 768, error: Resource temporarily unavailable, number: 11
[realsense2_camera_node-1]  11/02 15:56:16,676 WARNING [281472158132448] (messenger-libusb.cpp:42) control_transfer returned error, index: 768, error: Resource temporarily unavailable, number: 11
[realsense2_camera_node-1]  11/02 15:56:16,687 WARNING [281472158132448] (messenger-libusb.cpp:42) control_transfer returned error, index: 768, error: Resource temporarily unavailable, number: 11
[realsense2_camera_node-1]  11/02 15:56:16,698 WARNING [281472158132448] (messenger-libusb.cpp:42) control_transfer returned error, index: 768, error: Resource temporarily unavailable, number: 11
[realsense2_camera_node-1]  11/02 15:56:16,709 WARNING [281472158132448] (messenger-libusb.cpp:42) control_transfer returned error, index: 768, error: Resource temporarily unavailable, number: 11
[realsense2_camera_node-1]  11/02 15:56:16,720 WARNING [281472158132448] (messenger-libusb.cpp:42) control_transfer returned error, index: 768, error: Resource temporarily unavailable, number: 11
[realsense2_camera_node-1]  11/02 15:56:16,731 WARNING [281472158132448] (messenger-libusb.cpp:42) control_transfer returned error, index: 768, error: Resource temporarily unavailable, number: 11
[realsense2_camera_node-1]  11/02 15:56:16,742 WARNING [281472158132448] (messenger-libusb.cpp:42) control_transfer returned error, index: 768, error: Resource temporarily unavailable, number: 11
[realsense2_camera_node-1]  11/02 15:56:16,753 WARNING [281472158132448] (messenger-libusb.cpp:42) control_transfer returned error, index: 768, error: Resource temporarily unavailable, number: 11
[realsense2_camera_node-1]  11/02 15:56:16,764 WARNING [281472158132448] (messenger-libusb.cpp:42) control_transfer returned error, index: 768, error: Resource temporarily unavailable, number: 11
[realsense2_camera_node-1]  11/02 15:56:16,775 WARNING [281472158132448] (messenger-libusb.cpp:42) control_transfer returned error, index: 768, error: Resource temporarily unavailable, number: 11
[realsense2_camera_node-1]  11/02 15:56:16,786 WARNING [281472158132448] (messenger-libusb.cpp:42) control_transfer returned error, index: 768, error: Resource temporarily unavailable, number: 11
[realsense2_camera_node-1]  11/02 15:56:16,797 WARNING [281472158132448] (messenger-libusb.cpp:42) control_transfer returned error, index: 768, error: Resource temporarily unavailable, number: 11
[realsense2_camera_node-1]  11/02 15:56:16,808 WARNING [281472158132448] (messenger-libusb.cpp:42) control_transfer returned error, index: 768, error: Resource temporarily unavailable, number: 11
[realsense2_camera_node-1]  11/02 15:56:17,433 WARNING [281472158132448] (messenger-libusb.cpp:42) control_transfer returned error, index: 768, error: Resource temporarily unavailable, number: 11
[realsense2_camera_node-1]  11/02 15:56:17,444 WARNING [281472158132448] (messenger-libusb.cpp:42) control_transfer returned error, index: 768, error: Resource temporarily unavailable, number: 11
[realsense2_camera_node-1]  11/02 15:56:17,455 WARNING [281472158132448] (messenger-libusb.cpp:42) control_transfer returned error, index: 768, error: Resource temporarily unavailable, number: 11
[realsense2_camera_node-1]  11/02 15:56:17,466 WARNING [281472158132448] (messenger-libusb.cpp:42) control_transfer returned error, index: 768, error: Resource temporarily unavailable, number: 11
[realsense2_camera_node-1]  11/02 15:56:17,477 WARNING [281472158132448] (messenger-libusb.cpp:42) control_transfer returned error, index: 768, error: Resource temporarily unavailable, number: 11
[realsense2_camera_node-1]  11/02 15:56:17,488 WARNING [281472158132448] (messenger-libusb.cpp:42) control_transfer returned error, index: 768, error: Resource temporarily unavailable, number: 11
[realsense2_camera_node-1]  11/02 15:56:17,499 WARNING [281472158132448] (messenger-libusb.cpp:42) control_transfer returned error, index: 768, error: Resource temporarily unavailable, number: 11
[realsense2_camera_node-1]  11/02 15:57:12,100 ERROR [281472115861728] (ds-options.cpp:93) Asic Temperature value is not valid!
[realsense2_camera_node-1]  11/02 16:01:12,684 WARNING [281472158132448] (messenger-libusb.cpp:42) control_transfer returned error, index: 768, error: Resource temporarily unavailable, number: 11
[realsense2_camera_node-1]  11/02 16:01:12,695 WARNING [281472158132448] (messenger-libusb.cpp:42) control_transfer returned error, index: 768, error: Resource temporarily unavailable, number: 11
[realsense2_camera_node-1]  11/02 16:01:12,706 WARNING [281472158132448] (messenger-libusb.cpp:42) control_transfer returned error, index: 768, error: Resource temporarily unavailable, number: 11
[realsense2_camera_node-1]  11/02 16:01:12,717 WARNING [281472158132448] (messenger-libusb.cpp:42) control_transfer returned error, index: 768, error: Resource temporarily unavailable, number: 11
[realsense2_camera_node-1]  11/02 16:01:12,728 WARNING [281472158132448] (messenger-libusb.cpp:42) control_transfer returned error, index: 768, error: Resource temporarily unavailable, number: 11
[realsense2_camera_node-1]  11/02 16:01:12,739 WARNING [281472158132448] (messenger-libusb.cpp:42) control_transfer returned error, index: 768, error: Resource temporarily unavailable, number: 11
[realsense2_camera_node-1]  11/02 16:01:12,749 WARNING [281472158132448] (messenger-libusb.cpp:42) control_transfer returned error, index: 768, error: Resource temporarily unavailable, number: 11
[WARNING] [launch]: user interrupted with ctrl-c (SIGINT)
[INFO] [realsense2_camera_node-1]: sending signal 'SIGINT' to process[realsense2_camera_node-1]
[realsense2_camera_node-1] [0m[INFO] [1770793290.005765581] [rclcpp]: signal_handler(signum=2)[0m
