[INFO] [launch]: All log files can be found below /home/world/.ros/log/2026-02-20-14-40-56-036782-world-55589
[INFO] [launch]: Default logging verbosity is set to INFO
[INFO] [rgbd_sync-1]: process started with pid [56080]
[INFO] [rtabmap-2]: process started with pid [56082]
[INFO] [livox_pointcloud_filter_node-3]: process started with pid [56086]
[INFO] [dynamic_object_filter_node-4]: process started with pid [56089]
[dynamic_object_filter_node-4] [INFO] [1771566056.898273136] [dynamic_object_filter]: Dynamic filter: /livox/lidar/filtered -> /livox/lidar/static_filtered, voxel=0.100, min_hits=6, hit_window=0.70s, min_static=1.00s
[rgbd_sync-1] [0m[INFO] [1771566059.025562055] [rtabmap.rgbd_sync]: rgbd_sync: approx_sync = true[0m
[rgbd_sync-1] [0m[INFO] [1771566059.027277389] [rtabmap.rgbd_sync]: rgbd_sync: approx_sync_max_interval = 0.080000[0m
[rgbd_sync-1] [0m[INFO] [1771566059.027359759] [rtabmap.rgbd_sync]: rgbd_sync: topic_queue_size  = 10[0m
[rgbd_sync-1] [0m[INFO] [1771566059.027395760] [rtabmap.rgbd_sync]: rgbd_sync: sync_queue_size  = 10[0m
[rgbd_sync-1] [0m[INFO] [1771566059.027424048] [rtabmap.rgbd_sync]: rgbd_sync: qos             = 2[0m
[rgbd_sync-1] [0m[INFO] [1771566059.027452401] [rtabmap.rgbd_sync]: rgbd_sync: qos_camera_info = 2[0m
[rgbd_sync-1] [0m[INFO] [1771566059.029290938] [rtabmap.rgbd_sync]: rgbd_sync: depth_scale = 1.000000[0m
[rgbd_sync-1] [0m[INFO] [1771566059.029390812] [rtabmap.rgbd_sync]: rgbd_sync: decimation = 1[0m
[rgbd_sync-1] [0m[INFO] [1771566059.029430365] [rtabmap.rgbd_sync]: rgbd_sync: compressed_rate = 0.000000[0m
[rgbd_sync-1] [0m[INFO] [1771566059.029463294] [rtabmap.rgbd_sync]: rgbd_sync: image_transport = raw[0m
[rgbd_sync-1] [0m[INFO] [1771566059.029495742] [rtabmap.rgbd_sync]: rgbd_sync: depth_transport = raw[0m
[rgbd_sync-1] [0m[INFO] [1771566059.087031971] [rtabmap.rgbd_sync]: 
[rgbd_sync-1] rgbd_sync subscribed to (approx sync, max interval=0.080000s):
[rgbd_sync-1]    /camera/camera/color/image_raw,
[rgbd_sync-1]    /camera/camera/aligned_depth_to_color/image_raw,
[rgbd_sync-1]    /camera/camera/color/camera_info[0m
[dynamic_object_filter_node-4] [WARN] [1771566059.407852539] [dynamic_object_filter]: TF transform failed (livox_frame -> odom): Lookup would require extrapolation into the future.  Requested time 1771566059.249718 but the latest data is at time 1771566059.073156, when looking up transform from frame [livox_frame] to frame [odom]
[INFO] [controller_server-5]: process started with pid [56241]
[INFO] [planner_server-6]: process started with pid [56243]
[INFO] [smoother_server-7]: process started with pid [56245]
[INFO] [bt_navigator-8]: process started with pid [56247]
[INFO] [behavior_server-9]: process started with pid [56255]
[INFO] [waypoint_follower-10]: process started with pid [56260]
[INFO] [velocity_smoother-11]: process started with pid [56262]
[behavior_server-9] [INFO] [1771566063.656064602] [behavior_server]: 
[behavior_server-9] 	behavior_server lifecycle node launched. 
[behavior_server-9] 	Waiting on external lifecycle transitions to activate
[behavior_server-9] 	See https://design.ros2.org/articles/node_lifecycle.html for more information.
[bt_navigator-8] [INFO] [1771566063.895851682] [bt_navigator]: 
[bt_navigator-8] 	bt_navigator lifecycle node launched. 
[bt_navigator-8] 	Waiting on external lifecycle transitions to activate
[bt_navigator-8] 	See https://design.ros2.org/articles/node_lifecycle.html for more information.
[bt_navigator-8] [INFO] [1771566063.898301305] [bt_navigator]: Creating
[dynamic_object_filter_node-4] [WARN] [1771566065.353457398] [dynamic_object_filter]: TF transform failed (livox_frame -> odom): Lookup would require extrapolation into the past.  Requested time 1771566065.082689 but the earliest data is at time 1771566065.393474, when looking up transform from frame [livox_frame] to frame [odom]
[rtabmap-2] [33m[ WARN] (2026-02-20 14:41:06.794) Transform.cpp:559::getTransform() No transform found for stamp 1771566066.084969! Earliest is 1771566066.597485[0m
[INFO] [lifecycle_manager-12]: process started with pid [56417]
[lifecycle_manager-12] [INFO] [1771566072.135313530] [lifecycle_manager]: Creating
[lifecycle_manager-12] [INFO] [1771566072.255617271] [lifecycle_manager]: [34m[1mCreating and initializing lifecycle service clients[0m[0m
[lifecycle_manager-12] [INFO] [1771566074.418450087] [lifecycle_manager]: Waiting for service planner_server/get_state...
[lifecycle_manager-12] [INFO] [1771566074.796708993] [lifecycle_manager]: [34m[1mStarting managed nodes bringup...[0m[0m
[lifecycle_manager-12] [INFO] [1771566074.796847044] [lifecycle_manager]: [34m[1mConfiguring controller_server[0m[0m
[controller_server-5] [ERROR] [1771566075.165720045] [local_costmap.local_costmap]: The configured inflation radius (0.070) is smaller than the computed inscribed radius (0.270) of your footprint, it is highly recommended to set inflation radius to be at least as big as the inscribed radius to avoid collisions
[lifecycle_manager-12] [INFO] [1771566075.420114779] [lifecycle_manager]: [34m[1mConfiguring planner_server[0m[0m
[planner_server-6] [ERROR] [1771566075.966494846] [global_costmap.global_costmap]: The configured inflation radius (0.070) is smaller than the computed inscribed radius (0.260) of your footprint, it is highly recommended to set inflation radius to be at least as big as the inscribed radius to avoid collisions
[lifecycle_manager-12] [INFO] [1771566076.316651083] [lifecycle_manager]: [34m[1mConfiguring smoother_server[0m[0m
[lifecycle_manager-12] [INFO] [1771566076.560921454] [lifecycle_manager]: [34m[1mConfiguring bt_navigator[0m[0m
[bt_navigator-8] [INFO] [1771566076.561640861] [bt_navigator]: Configuring
[lifecycle_manager-12] [INFO] [1771566077.540945590] [lifecycle_manager]: [34m[1mConfiguring behavior_server[0m[0m
[behavior_server-9] [INFO] [1771566077.543544810] [behavior_server]: Configuring
[behavior_server-9] [INFO] [1771566077.673060673] [behavior_server]: Creating behavior plugin spin of type nav2_behaviors/Spin
[behavior_server-9] [INFO] [1771566077.684135937] [behavior_server]: Configuring spin
[behavior_server-9] [INFO] [1771566077.851994685] [behavior_server]: Creating behavior plugin backup of type nav2_behaviors/BackUp
[behavior_server-9] [INFO] [1771566077.859650488] [behavior_server]: Configuring backup
[behavior_server-9] [INFO] [1771566077.977419681] [behavior_server]: Creating behavior plugin drive_on_heading of type nav2_behaviors/DriveOnHeading
[behavior_server-9] [INFO] [1771566077.988153594] [behavior_server]: Configuring drive_on_heading
[behavior_server-9] [INFO] [1771566078.090543757] [behavior_server]: Creating behavior plugin assisted_teleop of type nav2_behaviors/AssistedTeleop
[behavior_server-9] [INFO] [1771566078.102245049] [behavior_server]: Configuring assisted_teleop
[behavior_server-9] [INFO] [1771566078.227175603] [behavior_server]: Creating behavior plugin wait of type nav2_behaviors/Wait
[behavior_server-9] [INFO] [1771566078.242644907] [behavior_server]: Configuring wait
[lifecycle_manager-12] [INFO] [1771566078.337105534] [lifecycle_manager]: [34m[1mConfiguring waypoint_follower[0m[0m
[lifecycle_manager-12] [INFO] [1771566078.587430395] [lifecycle_manager]: [34m[1mConfiguring velocity_smoother[0m[0m
[lifecycle_manager-12] [INFO] [1771566078.627474660] [lifecycle_manager]: [34m[1mActivating controller_server[0m[0m
[lifecycle_manager-12] [INFO] [1771566078.809914727] [lifecycle_manager]: Server controller_server connected with bond.
[lifecycle_manager-12] [INFO] [1771566078.810071754] [lifecycle_manager]: [34m[1mActivating planner_server[0m[0m
[lifecycle_manager-12] [INFO] [1771566079.012305852] [lifecycle_manager]: Server planner_server connected with bond.
[lifecycle_manager-12] [INFO] [1771566079.012595618] [lifecycle_manager]: [34m[1mActivating smoother_server[0m[0m
[lifecycle_manager-12] [INFO] [1771566079.143949566] [lifecycle_manager]: Server smoother_server connected with bond.
[lifecycle_manager-12] [INFO] [1771566079.144123681] [lifecycle_manager]: [34m[1mActivating bt_navigator[0m[0m
[bt_navigator-8] [INFO] [1771566079.147830924] [bt_navigator]: Activating
[bt_navigator-8] [INFO] [1771566080.135441997] [bt_navigator_navigate_to_pose_rclcpp_node]: Waiting on odometry
[bt_navigator-8] [INFO] [1771566080.146518893] [bt_navigator_navigate_to_pose_rclcpp_node]: Got odometry
[bt_navigator-8] [INFO] [1771566080.803966917] [bt_navigator]: Creating bond (bt_navigator) to lifecycle manager.
[lifecycle_manager-12] [INFO] [1771566080.948969076] [lifecycle_manager]: Server bt_navigator connected with bond.
[lifecycle_manager-12] [INFO] [1771566080.949140439] [lifecycle_manager]: [34m[1mActivating behavior_server[0m[0m
[behavior_server-9] [INFO] [1771566080.950592340] [behavior_server]: Activating
[behavior_server-9] [INFO] [1771566080.950689174] [behavior_server]: Activating spin
[behavior_server-9] [INFO] [1771566080.950728375] [behavior_server]: Activating backup
[behavior_server-9] [INFO] [1771566080.950755000] [behavior_server]: Activating drive_on_heading
[behavior_server-9] [INFO] [1771566080.950778904] [behavior_server]: Activating assisted_teleop
[behavior_server-9] [INFO] [1771566080.950801625] [behavior_server]: Activating wait
[behavior_server-9] [INFO] [1771566080.950833049] [behavior_server]: Creating bond (behavior_server) to lifecycle manager.
[lifecycle_manager-12] [INFO] [1771566081.095222204] [lifecycle_manager]: Server behavior_server connected with bond.
[lifecycle_manager-12] [INFO] [1771566081.095385631] [lifecycle_manager]: [34m[1mActivating waypoint_follower[0m[0m
[lifecycle_manager-12] [INFO] [1771566081.251452750] [lifecycle_manager]: Server waypoint_follower connected with bond.
[lifecycle_manager-12] [INFO] [1771566081.251644722] [lifecycle_manager]: [34m[1mActivating velocity_smoother[0m[0m
[lifecycle_manager-12] [INFO] [1771566081.373977943] [lifecycle_manager]: Server velocity_smoother connected with bond.
[lifecycle_manager-12] [INFO] [1771566081.374167739] [lifecycle_manager]: [34m[1mManaged nodes are active[0m[0m
[lifecycle_manager-12] [INFO] [1771566081.374199004] [lifecycle_manager]: [34m[1mCreating bond timer...[0m[0m
[bt_navigator-8] [INFO] [1771566156.032031274] [bt_navigator]: Begin navigating from current location (0.00, 0.00) to (0.81, 0.29)
[rtabmap-2] [33m[ WARN] (2026-02-20 14:42:42.817) LocalMapMaker.hpp:230::segmentCloud() Cloud (with 2612 points) is empty after noise filtering. Occupancy grid cannot be created.[0m
[controller_server-5] [ERROR] [1771566188.957400930] [controller_server]: Failed to make progress
[bt_navigator-8] [WARN] [1771566189.016880243] [bt_navigator_navigate_to_pose_rclcpp_node]: Node timed out while executing service call to local_costmap/clear_entirely_local_costmap.
[bt_navigator-8] [WARN] [1771566189.037524371] [bt_navigator_navigate_to_pose_rclcpp_node]: Node timed out while executing service call to local_costmap/clear_entirely_local_costmap.
[bt_navigator-8] [INFO] [1771566189.037680759] [bt_navigator_navigate_to_pose_rclcpp_node]: Robot is free
[behavior_server-9] [INFO] [1771566189.103327364] [behavior_server]: Running drive_on_heading
[behavior_server-9] [INFO] [1771566189.134534138] [behavior_server]: DriveOnHeading: no acceleration or deceleration limits set
[behavior_server-9] [INFO] [1771566191.434125040] [behavior_server]: drive_on_heading completed successfully
[bt_navigator-8] [WARN] [1771566201.515370246] [BehaviorTreeEngine]: Behavior Tree tick rate 50.00 was exceeded!
[controller_server-5] [ERROR] [1771566221.579219723] [controller_server]: Failed to make progress
[rgbd_sync-1] [33m[WARN] [1771566229.101922912] [rtabmap.rgbd_sync]: rgbd_sync: Did not receive data since 5 seconds! Make sure the input topics are published ("$ rostopic hz my_topic") and the timestamps in their header are set. Ajusting topic_queue_size (10) and sync_queue_size (10) can also help for better synchronization if framerates and/or delays are different. 
[rgbd_sync-1] rgbd_sync subscribed to (approx sync, max interval=0.080000s):
[rgbd_sync-1]    /camera/camera/color/image_raw,
[rgbd_sync-1]    /camera/camera/aligned_depth_to_color/image_raw,
[rgbd_sync-1]    /camera/camera/color/camera_info[0m
[bt_navigator-8] [WARN] [1771566250.037500130] [BehaviorTreeEngine]: Behavior Tree tick rate 50.00 was exceeded!
[bt_navigator-8] [WARN] [1771566250.421898578] [BehaviorTreeEngine]: Behavior Tree tick rate 50.00 was exceeded!
[dynamic_object_filter_node-4] [WARN] [1771566250.779169054] [dynamic_object_filter]: TF transform failed (livox_frame -> odom): Lookup would require extrapolation into the future.  Requested time 1771566250.728842 but the latest data is at time 1771566250.718377, when looking up transform from frame [livox_frame] to frame [odom]
[controller_server-5] [ERROR] [1771566251.751605165] [controller_server]: Failed to make progress
[behavior_server-9] [INFO] [1771566251.799976253] [behavior_server]: Running spin
[behavior_server-9] [INFO] [1771566251.802515088] [behavior_server]: Turning 1.57 for spin behavior.
[rgbd_sync-1] [33m[WARN] [1771566254.102511022] [rtabmap.rgbd_sync]: rgbd_sync: Did not receive data since 5 seconds! Make sure the input topics are published ("$ rostopic hz my_topic") and the timestamps in their header are set. Ajusting topic_queue_size (10) and sync_queue_size (10) can also help for better synchronization if framerates and/or delays are different. 
[rgbd_sync-1] rgbd_sync subscribed to (approx sync, max interval=0.080000s):
[rgbd_sync-1]    /camera/camera/color/image_raw,
[rgbd_sync-1]    /camera/camera/aligned_depth_to_color/image_raw,
[rgbd_sync-1]    /camera/camera/color/camera_info[0m
[bt_navigator-8] [WARN] [1771566254.692264624] [BehaviorTreeEngine]: Behavior Tree tick rate 50.00 was exceeded!
[behavior_server-9] [WARN] [1771566261.806853750] [behavior_server]: Exceeded time allowance before reaching the Spin goal - Exiting Spin
[behavior_server-9] [WARN] [1771566261.806981465] [behavior_server]: spin failed
[behavior_server-9] [WARN] [1771566261.807057946] [behavior_server]: [spin] [ActionServer] Aborting handle.
[behavior_server-9] [INFO] [1771566261.867478718] [behavior_server]: Running wait
[behavior_server-9] [INFO] [1771566266.868403128] [behavior_server]: wait completed successfully
[WARNING] [launch]: user interrupted with ctrl-c (SIGINT)
