[INFO] [launch]: All log files can be found below /home/world/.ros/log/2026-02-06-17-29-22-327235-world-129803
[INFO] [launch]: Default logging verbosity is set to INFO
[INFO] [livox_ros_driver2_node-1]: process started with pid [129897]
[livox_ros_driver2_node-1] [INFO] [1770366562.503102222] [livox_lidar_publisher]: Livox Ros Driver2 Version: 1.2.4
[livox_ros_driver2_node-1] [INFO] [1770366562.504631728] [livox_lidar_publisher]: Data Source is raw lidar.
[livox_ros_driver2_node-1] [INFO] [1770366562.504701297] [livox_lidar_publisher]: Config file : /home/world/to_ws/src/livox_ros_driver2/launch_ROS2/../config/MID360_config.json
[livox_ros_driver2_node-1] LdsLidar *GetInstance
[livox_ros_driver2_node-1] config lidar type: 8
[livox_ros_driver2_node-1] successfully parse base config, counts: 1
[livox_ros_driver2_node-1] [INFO] [1770366562.513722198] [livox_lidar_publisher]: Init lds lidar success!
[livox_ros_driver2_node-1] GetFreeIndex key:livox_lidar_2483136704.
[livox_ros_driver2_node-1] Init queue, real query size:32.
[livox_ros_driver2_node-1] Lidar[0] storage queue size: 31
[livox_ros_driver2_node-1] set pcl data type, handle: 2483136704, data type: 1
[livox_ros_driver2_node-1] set scan pattern, handle: 2483136704, scan pattern: 0
[livox_ros_driver2_node-1] begin to change work mode to 'Normal', handle: 2483136704
[livox_ros_driver2_node-1] successfully set data type, handle: 2483136704, set_bit: 2
[livox_ros_driver2_node-1] successfully set pattern mode, handle: 2483136704, set_bit: 0
[livox_ros_driver2_node-1] successfully set lidar attitude, ip: 192.168.1.148
[livox_ros_driver2_node-1] successfully change work mode, handle: 2483136704
[livox_ros_driver2_node-1] successfully enable Livox Lidar imu, ip: 192.168.1.148
[livox_ros_driver2_node-1] [INFO] [1770366565.514394485] [livox_lidar_publisher]: livox/imu publish use imu format
[livox_ros_driver2_node-1] [INFO] [1770366565.517209426] [livox_lidar_publisher]: livox/lidar publish use PointCloud2 format
[WARNING] [launch]: user interrupted with ctrl-c (SIGINT)
[livox_ros_driver2_node-1] [INFO] [1770366845.850265517] [rclcpp]: signal_handler(signum=2)
[INFO] [livox_ros_driver2_node-1]: sending signal 'SIGINT' to process[livox_ros_driver2_node-1]
[livox_ros_driver2_node-1] [INFO] [1770366845.858140318] [rclcpp]: signal_handler(signum=2)
