[INFO] [launch]: All log files can be found below /home/world/.ros/log/2026-02-23-16-08-20-508397-world-26164
[INFO] [launch]: Default logging verbosity is set to INFO
[INFO] [rgbd_sync-1]: process started with pid [26599]
[INFO] [rtabmap-2]: process started with pid [26601]
[INFO] [livox_pointcloud_filter_node-3]: process started with pid [26604]
[INFO] [dynamic_object_filter_node-4]: process started with pid [26608]
[dynamic_object_filter_node-4] [INFO] [1771830500.891114266] [dynamic_object_filter]: Dynamic filter: /livox/lidar/filtered -> /livox/lidar/static_filtered, voxel=0.100, min_hits=5, hit_window=1.00s, min_static=0.90s
[dynamic_object_filter_node-4] [WARN] [1771830500.979662217] [dynamic_object_filter]: TF transform failed (livox_frame -> odom): "odom" passed to lookupTransform argument target_frame does not exist. 
[rgbd_sync-1] [0m[INFO] [1771830502.370059498] [rtabmap.rgbd_sync]: rgbd_sync: approx_sync = true[0m
[rgbd_sync-1] [0m[INFO] [1771830502.370679960] [rtabmap.rgbd_sync]: rgbd_sync: approx_sync_max_interval = 0.080000[0m
[rgbd_sync-1] [0m[INFO] [1771830502.370741945] [rtabmap.rgbd_sync]: rgbd_sync: topic_queue_size  = 10[0m
[rgbd_sync-1] [0m[INFO] [1771830502.370771290] [rtabmap.rgbd_sync]: rgbd_sync: sync_queue_size  = 10[0m
[rgbd_sync-1] [0m[INFO] [1771830502.370794778] [rtabmap.rgbd_sync]: rgbd_sync: qos             = 2[0m
[rgbd_sync-1] [0m[INFO] [1771830502.370821147] [rtabmap.rgbd_sync]: rgbd_sync: qos_camera_info = 2[0m
[rgbd_sync-1] [0m[INFO] [1771830502.370845403] [rtabmap.rgbd_sync]: rgbd_sync: depth_scale = 1.000000[0m
[rgbd_sync-1] [0m[INFO] [1771830502.370871292] [rtabmap.rgbd_sync]: rgbd_sync: decimation = 1[0m
[rgbd_sync-1] [0m[INFO] [1771830502.370897276] [rtabmap.rgbd_sync]: rgbd_sync: compressed_rate = 0.000000[0m
[rgbd_sync-1] [0m[INFO] [1771830502.370925533] [rtabmap.rgbd_sync]: rgbd_sync: image_transport = raw[0m
[rgbd_sync-1] [0m[INFO] [1771830502.370951773] [rtabmap.rgbd_sync]: rgbd_sync: depth_transport = raw[0m
[rgbd_sync-1] [0m[INFO] [1771830502.552573246] [rtabmap.rgbd_sync]: 
[rgbd_sync-1] rgbd_sync subscribed to (approx sync, max interval=0.080000s):
[rgbd_sync-1]    /camera/camera/color/image_raw,
[rgbd_sync-1]    /camera/camera/aligned_depth_to_color/image_raw,
[rgbd_sync-1]    /camera/camera/color/camera_info[0m
[INFO] [controller_server-5]: process started with pid [27070]
[INFO] [planner_server-6]: process started with pid [27072]
[INFO] [smoother_server-7]: process started with pid [27074]
[INFO] [bt_navigator-8]: process started with pid [27076]
[INFO] [behavior_server-9]: process started with pid [27078]
[INFO] [waypoint_follower-10]: process started with pid [27080]
[INFO] [velocity_smoother-11]: process started with pid [27082]
[dynamic_object_filter_node-4] [WARN] [1771830506.057834137] [dynamic_object_filter]: TF transform failed (livox_frame -> odom): Lookup would require extrapolation into the future.  Requested time 1771830505.982863 but the latest data is at time 1771830505.937655, when looking up transform from frame [livox_frame] to frame [odom]
[behavior_server-9] [INFO] [1771830506.924648492] [behavior_server]: 
[behavior_server-9] 	behavior_server lifecycle node launched. 
[behavior_server-9] 	Waiting on external lifecycle transitions to activate
[behavior_server-9] 	See https://design.ros2.org/articles/node_lifecycle.html for more information.
[bt_navigator-8] [INFO] [1771830506.988070135] [bt_navigator]: 
[bt_navigator-8] 	bt_navigator lifecycle node launched. 
[bt_navigator-8] 	Waiting on external lifecycle transitions to activate
[bt_navigator-8] 	See https://design.ros2.org/articles/node_lifecycle.html for more information.
[bt_navigator-8] [INFO] [1771830506.997097733] [bt_navigator]: Creating
[dynamic_object_filter_node-4] [WARN] [1771830508.979180798] [dynamic_object_filter]: TF transform failed (livox_frame -> odom): Lookup would require extrapolation into the future.  Requested time 1771830508.850067 but the latest data is at time 1771830508.828103, when looking up transform from frame [livox_frame] to frame [odom]
[rtabmap-2] [33m[ WARN] (2026-02-23 16:08:32.697) LocalMapMaker.hpp:230::segmentCloud() Cloud (with 3155 points) is empty after noise filtering. Occupancy grid cannot be created.[0m
[INFO] [lifecycle_manager-12]: process started with pid [27514]
[lifecycle_manager-12] [INFO] [1771830515.848464420] [lifecycle_manager]: Creating
[lifecycle_manager-12] [INFO] [1771830515.852355581] [lifecycle_manager]: [34m[1mCreating and initializing lifecycle service clients[0m[0m
[lifecycle_manager-12] [INFO] [1771830516.282790066] [lifecycle_manager]: [34m[1mStarting managed nodes bringup...[0m[0m
[lifecycle_manager-12] [INFO] [1771830516.282920213] [lifecycle_manager]: [34m[1mConfiguring controller_server[0m[0m
[controller_server-5] [ERROR] [1771830516.467228781] [local_costmap.local_costmap]: The configured inflation radius (0.140) is smaller than the computed inscribed radius (0.270) of your footprint, it is highly recommended to set inflation radius to be at least as big as the inscribed radius to avoid collisions
[lifecycle_manager-12] [INFO] [1771830516.576186793] [lifecycle_manager]: [34m[1mConfiguring planner_server[0m[0m
[planner_server-6] [ERROR] [1771830516.720532623] [global_costmap.global_costmap]: The configured inflation radius (0.070) is smaller than the computed inscribed radius (0.260) of your footprint, it is highly recommended to set inflation radius to be at least as big as the inscribed radius to avoid collisions
[lifecycle_manager-12] [INFO] [1771830516.880078864] [lifecycle_manager]: [34m[1mConfiguring smoother_server[0m[0m
[lifecycle_manager-12] [INFO] [1771830517.054541703] [lifecycle_manager]: [34m[1mConfiguring bt_navigator[0m[0m
[bt_navigator-8] [INFO] [1771830517.055113524] [bt_navigator]: Configuring
[lifecycle_manager-12] [INFO] [1771830517.558151910] [lifecycle_manager]: [34m[1mConfiguring behavior_server[0m[0m
[behavior_server-9] [INFO] [1771830517.558893335] [behavior_server]: Configuring
[behavior_server-9] [INFO] [1771830517.626138073] [behavior_server]: Creating behavior plugin spin of type nav2_behaviors/Spin
[behavior_server-9] [INFO] [1771830517.630085140] [behavior_server]: Configuring spin
[behavior_server-9] [INFO] [1771830517.693701891] [behavior_server]: Creating behavior plugin backup of type nav2_behaviors/BackUp
[behavior_server-9] [INFO] [1771830517.695935158] [behavior_server]: Configuring backup
[behavior_server-9] [INFO] [1771830517.727571498] [behavior_server]: Creating behavior plugin drive_on_heading of type nav2_behaviors/DriveOnHeading
[behavior_server-9] [INFO] [1771830517.729758908] [behavior_server]: Configuring drive_on_heading
[behavior_server-9] [INFO] [1771830517.754755351] [behavior_server]: Creating behavior plugin assisted_teleop of type nav2_behaviors/AssistedTeleop
[behavior_server-9] [INFO] [1771830517.760779009] [behavior_server]: Configuring assisted_teleop
[behavior_server-9] [INFO] [1771830517.791143736] [behavior_server]: Creating behavior plugin wait of type nav2_behaviors/Wait
[behavior_server-9] [INFO] [1771830517.793907639] [behavior_server]: Configuring wait
[lifecycle_manager-12] [INFO] [1771830517.815129884] [lifecycle_manager]: [34m[1mConfiguring waypoint_follower[0m[0m
[lifecycle_manager-12] [INFO] [1771830518.084068388] [lifecycle_manager]: [34m[1mConfiguring velocity_smoother[0m[0m
[lifecycle_manager-12] [INFO] [1771830518.106711146] [lifecycle_manager]: [34m[1mActivating controller_server[0m[0m
[lifecycle_manager-12] [INFO] [1771830518.287573459] [lifecycle_manager]: Server controller_server connected with bond.
[lifecycle_manager-12] [INFO] [1771830518.287757879] [lifecycle_manager]: [34m[1mActivating planner_server[0m[0m
[rtabmap-2] [33m[ WARN] (2026-02-23 16:08:38.402) LocalMapMaker.hpp:230::segmentCloud() Cloud (with 3223 points) is empty after noise filtering. Occupancy grid cannot be created.[0m
[lifecycle_manager-12] [INFO] [1771830518.456289574] [lifecycle_manager]: Server planner_server connected with bond.
[lifecycle_manager-12] [INFO] [1771830518.456403817] [lifecycle_manager]: [34m[1mActivating smoother_server[0m[0m
[lifecycle_manager-12] [INFO] [1771830518.574894079] [lifecycle_manager]: Server smoother_server connected with bond.
[lifecycle_manager-12] [INFO] [1771830518.575014914] [lifecycle_manager]: [34m[1mActivating bt_navigator[0m[0m
[bt_navigator-8] [INFO] [1771830518.575856437] [bt_navigator]: Activating
[bt_navigator-8] [INFO] [1771830518.950858838] [bt_navigator_navigate_to_pose_rclcpp_node]: Waiting on odometry
[bt_navigator-8] [INFO] [1771830518.970363829] [bt_navigator_navigate_to_pose_rclcpp_node]: Got odometry
[bt_navigator-8] [INFO] [1771830519.156580152] [bt_navigator]: Creating bond (bt_navigator) to lifecycle manager.
[lifecycle_manager-12] [INFO] [1771830519.281484641] [lifecycle_manager]: Server bt_navigator connected with bond.
[lifecycle_manager-12] [INFO] [1771830519.281607396] [lifecycle_manager]: [34m[1mActivating behavior_server[0m[0m
[behavior_server-9] [INFO] [1771830519.282624571] [behavior_server]: Activating
[behavior_server-9] [INFO] [1771830519.282719517] [behavior_server]: Activating spin
[behavior_server-9] [INFO] [1771830519.282753534] [behavior_server]: Activating backup
[behavior_server-9] [INFO] [1771830519.282774271] [behavior_server]: Activating drive_on_heading
[behavior_server-9] [INFO] [1771830519.282793119] [behavior_server]: Activating assisted_teleop
[behavior_server-9] [INFO] [1771830519.282810783] [behavior_server]: Activating wait
[behavior_server-9] [INFO] [1771830519.282835232] [behavior_server]: Creating bond (behavior_server) to lifecycle manager.
[lifecycle_manager-12] [INFO] [1771830519.400117371] [lifecycle_manager]: Server behavior_server connected with bond.
[lifecycle_manager-12] [INFO] [1771830519.400249822] [lifecycle_manager]: [34m[1mActivating waypoint_follower[0m[0m
[lifecycle_manager-12] [INFO] [1771830519.517635771] [lifecycle_manager]: Server waypoint_follower connected with bond.
[lifecycle_manager-12] [INFO] [1771830519.517769726] [lifecycle_manager]: [34m[1mActivating velocity_smoother[0m[0m
[lifecycle_manager-12] [INFO] [1771830519.634424074] [lifecycle_manager]: Server velocity_smoother connected with bond.
[lifecycle_manager-12] [INFO] [1771830519.634586478] [lifecycle_manager]: [34m[1mManaged nodes are active[0m[0m
[lifecycle_manager-12] [INFO] [1771830519.634620719] [lifecycle_manager]: [34m[1mCreating bond timer...[0m[0m
[dynamic_object_filter_node-4] [WARN] [1771830524.225397790] [dynamic_object_filter]: TF transform failed (livox_frame -> odom): Lookup would require extrapolation into the future.  Requested time 1771830524.182972 but the latest data is at time 1771830524.175541, when looking up transform from frame [livox_frame] to frame [odom]
[bt_navigator-8] [INFO] [1771830531.221219602] [bt_navigator]: Begin navigating from current location (0.00, 0.00) to (0.58, 0.03)
[bt_navigator-8] [WARN] [1771830531.764362169] [BehaviorTreeEngine]: Behavior Tree tick rate 100.00 was exceeded!
[bt_navigator-8] [INFO] [1771830533.392234221] [bt_navigator]: Goal succeeded
[rtabmap-2] [33m[ WARN] (2026-02-23 16:09:02.021) LocalMapMaker.hpp:230::segmentCloud() Cloud (with 3025 points) is empty after noise filtering. Occupancy grid cannot be created.[0m
[rtabmap-2] [33m[ WARN] (2026-02-23 16:09:02.785) LocalMapMaker.hpp:230::segmentCloud() Cloud (with 2977 points) is empty after noise filtering. Occupancy grid cannot be created.[0m
[bt_navigator-8] [INFO] [1771830543.723323714] [bt_navigator]: Begin navigating from current location (0.42, 0.04) to (1.62, -0.44)
[bt_navigator-8] [WARN] [1771830544.656244157] [BehaviorTreeEngine]: Behavior Tree tick rate 100.00 was exceeded!
[bt_navigator-8] [WARN] [1771830545.347921514] [BehaviorTreeEngine]: Behavior Tree tick rate 100.00 was exceeded!
[bt_navigator-8] [WARN] [1771830551.747998787] [BehaviorTreeEngine]: Behavior Tree tick rate 100.00 was exceeded!
[bt_navigator-8] [WARN] [1771830553.280356045] [BehaviorTreeEngine]: Behavior Tree tick rate 100.00 was exceeded!
[bt_navigator-8] [INFO] [1771830553.908337066] [bt_navigator]: Goal succeeded
[bt_navigator-8] [INFO] [1771830616.707577163] [bt_navigator]: Begin navigating from current location (1.50, -0.27) to (1.69, -2.70)
[bt_navigator-8] [WARN] [1771830617.032193452] [BehaviorTreeEngine]: Behavior Tree tick rate 100.00 was exceeded!
[bt_navigator-8] [WARN] [1771830617.420088082] [BehaviorTreeEngine]: Behavior Tree tick rate 100.00 was exceeded!
[bt_navigator-8] [WARN] [1771830618.304919389] [BehaviorTreeEngine]: Behavior Tree tick rate 100.00 was exceeded!
[bt_navigator-8] [WARN] [1771830629.750160407] [BehaviorTreeEngine]: Behavior Tree tick rate 100.00 was exceeded!
[bt_navigator-8] [WARN] [1771830636.293160189] [BehaviorTreeEngine]: Behavior Tree tick rate 100.00 was exceeded!
[bt_navigator-8] [WARN] [1771830637.621404055] [BehaviorTreeEngine]: Behavior Tree tick rate 100.00 was exceeded!
[bt_navigator-8] [WARN] [1771830639.199894014] [BehaviorTreeEngine]: Behavior Tree tick rate 100.00 was exceeded!
[bt_navigator-8] [WARN] [1771830639.999957657] [BehaviorTreeEngine]: Behavior Tree tick rate 100.00 was exceeded!
[bt_navigator-8] [WARN] [1771830643.446155563] [BehaviorTreeEngine]: Behavior Tree tick rate 100.00 was exceeded!
[bt_navigator-8] [WARN] [1771830644.880405017] [BehaviorTreeEngine]: Behavior Tree tick rate 100.00 was exceeded!
[bt_navigator-8] [WARN] [1771830646.330159202] [BehaviorTreeEngine]: Behavior Tree tick rate 100.00 was exceeded!
[bt_navigator-8] [WARN] [1771830646.831211915] [BehaviorTreeEngine]: Behavior Tree tick rate 100.00 was exceeded!
[bt_navigator-8] [WARN] [1771830648.512423576] [BehaviorTreeEngine]: Behavior Tree tick rate 100.00 was exceeded!
[bt_navigator-8] [INFO] [1771830650.120071237] [bt_navigator]: Received goal preemption request
[bt_navigator-8] [INFO] [1771830650.120537169] [bt_navigator]: Begin navigating from current location (1.39, -0.70) to (0.60, -0.32)
[bt_navigator-8] [WARN] [1771830653.080884299] [BehaviorTreeEngine]: Behavior Tree tick rate 100.00 was exceeded!
[bt_navigator-8] [WARN] [1771830654.376408551] [BehaviorTreeEngine]: Behavior Tree tick rate 100.00 was exceeded!
[bt_navigator-8] [INFO] [1771830654.770271807] [bt_navigator]: Goal succeeded
[bt_navigator-8] [INFO] [1771830659.740861842] [bt_navigator]: Begin navigating from current location (0.68, -0.46) to (1.53, -0.39)
[bt_navigator-8] [WARN] [1771830659.834427641] [BehaviorTreeEngine]: Behavior Tree tick rate 100.00 was exceeded!
[bt_navigator-8] [WARN] [1771830670.831841049] [BehaviorTreeEngine]: Behavior Tree tick rate 100.00 was exceeded!
[bt_navigator-8] [WARN] [1771830673.193519168] [BehaviorTreeEngine]: Behavior Tree tick rate 100.00 was exceeded!
[bt_navigator-8] [WARN] [1771830677.198139217] [BehaviorTreeEngine]: Behavior Tree tick rate 100.00 was exceeded!
[bt_navigator-8] [WARN] [1771830678.713066316] [BehaviorTreeEngine]: Behavior Tree tick rate 100.00 was exceeded!
[bt_navigator-8] [WARN] [1771830693.587346546] [BehaviorTreeEngine]: Behavior Tree tick rate 100.00 was exceeded!
[bt_navigator-8] [WARN] [1771830703.224568343] [BehaviorTreeEngine]: Behavior Tree tick rate 100.00 was exceeded!
[bt_navigator-8] [WARN] [1771830705.352887685] [BehaviorTreeEngine]: Behavior Tree tick rate 100.00 was exceeded!
[bt_navigator-8] [WARN] [1771830707.052331358] [BehaviorTreeEngine]: Behavior Tree tick rate 100.00 was exceeded!
[bt_navigator-8] [WARN] [1771830709.552699697] [BehaviorTreeEngine]: Behavior Tree tick rate 100.00 was exceeded!
[bt_navigator-8] [WARN] [1771830711.531316688] [BehaviorTreeEngine]: Behavior Tree tick rate 100.00 was exceeded!
[bt_navigator-8] [INFO] [1771830712.591405759] [bt_navigator]: Goal succeeded
